---
http_interactions:
- request:
    method: post
    uri: https://api.stripe.com/v1/payment_methods
    body:
      encoding: UTF-8
      string: type=card&card[number]=4242+4242+4242+4242&card[exp_month]=12&card[exp_year]=2024&card[cvc]=123&billing_details[address][postal_code]=12345
    headers:
      User-Agent:
      - Stripe/v1 RubyBindings/11.7.0
      Authorization:
      - Bearer <STRIPE_API_KEY>
      Content-Type:
      - application/x-www-form-urlencoded
      Idempotency-Key:
      - 927fedb2-5d58-4f7f-92cb-b17fb72315a0
      Stripe-Version:
      - '2023-10-16'
      X-Stripe-Client-User-Agent:
      - '{"bindings_version":"11.7.0","lang":"ruby","lang_version":"3.3.3 p89 (2024-06-12)","platform":"arm64-darwin23","engine":"ruby","publisher":"stripe","uname":"Darwin
        Raphaels-MacBook-Pro.local 23.5.0 Darwin Kernel Version 23.5.0: Wed May  1
        20:12:58 PDT 2024; root:xnu-10063.121.3~5/RELEASE_ARM64_T6000 arm64","hostname":"Raphaels-MacBook-Pro.local"}'
      Accept-Encoding:
      - gzip;q=1.0,deflate;q=0.6,identity;q=0.3
      Accept:
      - "*/*"
  response:
    status:
      code: 200
      message: OK
    headers:
      Server:
      - nginx
      Date:
      - Wed, 26 Jun 2024 00:52:33 GMT
      Content-Type:
      - application/json
      Content-Length:
      - '1006'
      Connection:
      - keep-alive
      Access-Control-Allow-Credentials:
      - 'true'
      Access-Control-Allow-Methods:
      - GET,HEAD,PUT,PATCH,POST,DELETE
      Access-Control-Allow-Origin:
      - "*"
      Access-Control-Expose-Headers:
      - Request-Id, Stripe-Manage-Version, Stripe-Should-Retry, X-Stripe-External-Auth-Required,
        X-Stripe-Privileged-Session-Required
      Access-Control-Max-Age:
      - '300'
      Cache-Control:
      - no-cache, no-store
      Content-Security-Policy:
      - report-uri https://q.stripe.com/csp-report?p=v1%2Fpayment_methods; block-all-mixed-content;
        default-src 'none'; base-uri 'none'; form-action 'none'; frame-ancestors 'none';
        img-src 'self'; script-src 'self' 'report-sample'; style-src 'self'
      Cross-Origin-Opener-Policy-Report-Only:
      - same-origin; report-to="coop"
      Idempotency-Key:
      - 927fedb2-5d58-4f7f-92cb-b17fb72315a0
      Original-Request:
      - req_TyYBNwBiRKIXTs
      Report-To:
      - '{"group":"coop","max_age":8640,"endpoints":[{"url":"https://q.stripe.com/coop-report?s=payins-bapi-srv"}],"include_subdomains":true}'
      Reporting-Endpoints:
      - coop="https://q.stripe.com/coop-report?s=payins-bapi-srv"
      Request-Id:
      - req_TyYBNwBiRKIXTs
      Stripe-Should-Retry:
      - 'false'
      Stripe-Version:
      - '2023-10-16'
      Vary:
      - Origin
      X-Content-Type-Options:
      - nosniff
      X-Stripe-Priority-Routing-Enabled:
      - 'true'
      X-Stripe-Routing-Context-Priority-Tier:
      - api-testmode
      Strict-Transport-Security:
      - max-age=63072000; includeSubDomains; preload
    body:
      encoding: UTF-8
      string: |-
        {
          "id": "pm_0PVk699e1RjUNIyYcJMMNvDW",
          "object": "payment_method",
          "allow_redisplay": "unspecified",
          "billing_details": {
            "address": {
              "city": null,
              "country": null,
              "line1": null,
              "line2": null,
              "postal_code": "12345",
              "state": null
            },
            "email": null,
            "name": null,
            "phone": null
          },
          "card": {
            "brand": "visa",
            "checks": {
              "address_line1_check": null,
              "address_postal_code_check": "unchecked",
              "cvc_check": "unchecked"
            },
            "country": "US",
            "display_brand": "visa",
            "exp_month": 12,
            "exp_year": 2024,
            "fingerprint": "W691J2Ye3VDoq6Ij",
            "funding": "credit",
            "generated_from": null,
            "last4": "4242",
            "networks": {
              "available": [
                "visa"
              ],
              "preferred": null
            },
            "three_d_secure_usage": {
              "supported": true
            },
            "wallet": null
          },
          "created": 1719363153,
          "customer": null,
          "livemode": false,
          "metadata": {},
          "type": "card"
        }
  recorded_at: Wed, 26 Jun 2024 00:52:33 GMT
- request:
    method: get
    uri: https://api.stripe.com/v1/payment_methods/pm_0PVk699e1RjUNIyYcJMMNvDW
    body:
      encoding: US-ASCII
      string: ''
    headers:
      User-Agent:
      - Stripe/v1 RubyBindings/11.7.0
      Authorization:
      - Bearer <STRIPE_API_KEY>
      Content-Type:
      - application/x-www-form-urlencoded
      X-Stripe-Client-Telemetry:
      - '{"last_request_metrics":{"request_id":"req_TyYBNwBiRKIXTs","request_duration_ms":828}}'
      Stripe-Version:
      - '2023-10-16'
      X-Stripe-Client-User-Agent:
      - '{"bindings_version":"11.7.0","lang":"ruby","lang_version":"3.3.3 p89 (2024-06-12)","platform":"arm64-darwin23","engine":"ruby","publisher":"stripe","uname":"Darwin
        Raphaels-MacBook-Pro.local 23.5.0 Darwin Kernel Version 23.5.0: Wed May  1
        20:12:58 PDT 2024; root:xnu-10063.121.3~5/RELEASE_ARM64_T6000 arm64","hostname":"Raphaels-MacBook-Pro.local"}'
      Accept-Encoding:
      - gzip;q=1.0,deflate;q=0.6,identity;q=0.3
      Accept:
      - "*/*"
  response:
    status:
      code: 200
      message: OK
    headers:
      Server:
      - nginx
      Date:
      - Wed, 26 Jun 2024 00:52:34 GMT
      Content-Type:
      - application/json
      Content-Length:
      - '1006'
      Connection:
      - keep-alive
      Access-Control-Allow-Credentials:
      - 'true'
      Access-Control-Allow-Methods:
      - GET,HEAD,PUT,PATCH,POST,DELETE
      Access-Control-Allow-Origin:
      - "*"
      Access-Control-Expose-Headers:
      - Request-Id, Stripe-Manage-Version, Stripe-Should-Retry, X-Stripe-External-Auth-Required,
        X-Stripe-Privileged-Session-Required
      Access-Control-Max-Age:
      - '300'
      Cache-Control:
      - no-cache, no-store
      Content-Security-Policy:
      - report-uri https://q.stripe.com/csp-report?p=v1%2Fpayment_methods%2F%3Apayment_method;
        block-all-mixed-content; default-src 'none'; base-uri 'none'; form-action
        'none'; frame-ancestors 'none'; img-src 'self'; script-src 'self' 'report-sample';
        style-src 'self'
      Cross-Origin-Opener-Policy-Report-Only:
      - same-origin; report-to="coop"
      Report-To:
      - '{"group":"coop","max_age":8640,"endpoints":[{"url":"https://q.stripe.com/coop-report?s=payins-bapi-srv"}],"include_subdomains":true}'
      Reporting-Endpoints:
      - coop="https://q.stripe.com/coop-report?s=payins-bapi-srv"
      Request-Id:
      - req_tjHTOFP4BUvaBp
      Stripe-Version:
      - '2023-10-16'
      Vary:
      - Origin
      X-Content-Type-Options:
      - nosniff
      X-Stripe-Priority-Routing-Enabled:
      - 'true'
      X-Stripe-Routing-Context-Priority-Tier:
      - api-testmode
      Strict-Transport-Security:
      - max-age=63072000; includeSubDomains; preload
    body:
      encoding: UTF-8
      string: |-
        {
          "id": "pm_0PVk699e1RjUNIyYcJMMNvDW",
          "object": "payment_method",
          "allow_redisplay": "unspecified",
          "billing_details": {
            "address": {
              "city": null,
              "country": null,
              "line1": null,
              "line2": null,
              "postal_code": "12345",
              "state": null
            },
            "email": null,
            "name": null,
            "phone": null
          },
          "card": {
            "brand": "visa",
            "checks": {
              "address_line1_check": null,
              "address_postal_code_check": "unchecked",
              "cvc_check": "unchecked"
            },
            "country": "US",
            "display_brand": "visa",
            "exp_month": 12,
            "exp_year": 2024,
            "fingerprint": "W691J2Ye3VDoq6Ij",
            "funding": "credit",
            "generated_from": null,
            "last4": "4242",
            "networks": {
              "available": [
                "visa"
              ],
              "preferred": null
            },
            "three_d_secure_usage": {
              "supported": true
            },
            "wallet": null
          },
          "created": 1719363153,
          "customer": null,
          "livemode": false,
          "metadata": {},
          "type": "card"
        }
  recorded_at: Wed, 26 Jun 2024 00:52:34 GMT
- request:
    method: post
    uri: https://api.stripe.com/v1/customers
    body:
      encoding: UTF-8
      string: description=&payment_method=pm_0PVk699e1RjUNIyYcJMMNvDW
    headers:
      User-Agent:
      - Stripe/v1 RubyBindings/11.7.0
      Authorization:
      - Bearer <STRIPE_API_KEY>
      Content-Type:
      - application/x-www-form-urlencoded
      X-Stripe-Client-Telemetry:
      - '{"last_request_metrics":{"request_id":"req_tjHTOFP4BUvaBp","request_duration_ms":652}}'
      Idempotency-Key:
      - 1bb7aeaa-34d6-4e44-b317-a01387c724e9
      Stripe-Version:
      - '2023-10-16'
      X-Stripe-Client-User-Agent:
      - '{"bindings_version":"11.7.0","lang":"ruby","lang_version":"3.3.3 p89 (2024-06-12)","platform":"arm64-darwin23","engine":"ruby","publisher":"stripe","uname":"Darwin
        Raphaels-MacBook-Pro.local 23.5.0 Darwin Kernel Version 23.5.0: Wed May  1
        20:12:58 PDT 2024; root:xnu-10063.121.3~5/RELEASE_ARM64_T6000 arm64","hostname":"Raphaels-MacBook-Pro.local"}'
      Accept-Encoding:
      - gzip;q=1.0,deflate;q=0.6,identity;q=0.3
      Accept:
      - "*/*"
  response:
    status:
      code: 200
      message: OK
    headers:
      Server:
      - nginx
      Date:
      - Wed, 26 Jun 2024 00:52:35 GMT
      Content-Type:
      - application/json
      Content-Length:
      - '614'
      Connection:
      - keep-alive
      Access-Control-Allow-Credentials:
      - 'true'
      Access-Control-Allow-Methods:
      - GET,HEAD,PUT,PATCH,POST,DELETE
      Access-Control-Allow-Origin:
      - "*"
      Access-Control-Expose-Headers:
      - Request-Id, Stripe-Manage-Version, Stripe-Should-Retry, X-Stripe-External-Auth-Required,
        X-Stripe-Privileged-Session-Required
      Access-Control-Max-Age:
      - '300'
      Cache-Control:
      - no-cache, no-store
      Content-Security-Policy:
      - report-uri https://q.stripe.com/csp-report?p=v1%2Fcustomers; block-all-mixed-content;
        default-src 'none'; base-uri 'none'; form-action 'none'; frame-ancestors 'none';
        img-src 'self'; script-src 'self' 'report-sample'; style-src 'self'
      Cross-Origin-Opener-Policy-Report-Only:
      - same-origin; report-to="coop"
      Idempotency-Key:
      - 1bb7aeaa-34d6-4e44-b317-a01387c724e9
      Original-Request:
      - req_bDVGYRFpGzfAAd
      Report-To:
      - '{"group":"coop","max_age":8640,"endpoints":[{"url":"https://q.stripe.com/coop-report?s=mono-bapi-srv"}],"include_subdomains":true}'
      Reporting-Endpoints:
      - coop="https://q.stripe.com/coop-report?s=mono-bapi-srv"
      Request-Id:
      - req_bDVGYRFpGzfAAd
      Stripe-Should-Retry:
      - 'false'
      Stripe-Version:
      - '2023-10-16'
      Vary:
      - Origin
      X-Content-Type-Options:
      - nosniff
      X-Stripe-Priority-Routing-Enabled:
      - 'true'
      X-Stripe-Routing-Context-Priority-Tier:
      - api-testmode
      Strict-Transport-Security:
      - max-age=63072000; includeSubDomains; preload
    body:
      encoding: UTF-8
      string: |-
        {
          "id": "cus_QMT2qZNyqsQBhX",
          "object": "customer",
          "address": null,
          "balance": 0,
          "created": 1719363155,
          "currency": null,
          "default_source": null,
          "delinquent": false,
          "description": null,
          "discount": null,
          "email": null,
          "invoice_prefix": "24BD13DE",
          "invoice_settings": {
            "custom_fields": null,
            "default_payment_method": null,
            "footer": null,
            "rendering_options": null
          },
          "livemode": false,
          "metadata": {},
          "name": null,
          "next_invoice_sequence": 1,
          "phone": null,
          "preferred_locales": [],
          "shipping": null,
          "tax_exempt": "none",
          "test_clock": null
        }
  recorded_at: Wed, 26 Jun 2024 00:52:35 GMT
- request:
    method: post
    uri: https://api.stripe.com/v1/payment_intents
    body:
      encoding: UTF-8
      string: amount=600&currency=usd&description=You+bought+http%3A%2F%2Fedgarfd39036c2.test.gumroad.com%3A31337%2Fl%2Fc&metadata[purchase]=bfi_30HLgGWL8H2wo_Gzlg%3D%3D&transfer_group=3&payment_method_types[0]=card&setup_future_usage=off_session&customer=cus_QMT2qZNyqsQBhX&payment_method=pm_0PVk699e1RjUNIyYcJMMNvDW&statement_descriptor_suffix=edgarfd39036c2
    headers:
      User-Agent:
      - Stripe/v1 RubyBindings/11.7.0
      Authorization:
      - Bearer <STRIPE_API_KEY>
      Content-Type:
      - application/x-www-form-urlencoded
      X-Stripe-Client-Telemetry:
      - '{"last_request_metrics":{"request_id":"req_bDVGYRFpGzfAAd","request_duration_ms":787}}'
      Idempotency-Key:
      - 1fa4e4d2-3cc5-4316-9004-191eaf98cf8e
      Stripe-Version:
      - '2023-10-16'
      X-Stripe-Client-User-Agent:
      - '{"bindings_version":"11.7.0","lang":"ruby","lang_version":"3.3.3 p89 (2024-06-12)","platform":"arm64-darwin23","engine":"ruby","publisher":"stripe","uname":"Darwin
        Raphaels-MacBook-Pro.local 23.5.0 Darwin Kernel Version 23.5.0: Wed May  1
        20:12:58 PDT 2024; root:xnu-10063.121.3~5/RELEASE_ARM64_T6000 arm64","hostname":"Raphaels-MacBook-Pro.local"}'
      Accept-Encoding:
      - gzip;q=1.0,deflate;q=0.6,identity;q=0.3
      Accept:
      - "*/*"
  response:
    status:
      code: 200
      message: OK
    headers:
      Server:
      - nginx
      Date:
      - Wed, 26 Jun 2024 00:52:36 GMT
      Content-Type:
      - application/json
      Content-Length:
      - '1485'
      Connection:
      - keep-alive
      Access-Control-Allow-Credentials:
      - 'true'
      Access-Control-Allow-Methods:
      - GET,HEAD,PUT,PATCH,POST,DELETE
      Access-Control-Allow-Origin:
      - "*"
      Access-Control-Expose-Headers:
      - Request-Id, Stripe-Manage-Version, Stripe-Should-Retry, X-Stripe-External-Auth-Required,
        X-Stripe-Privileged-Session-Required
      Access-Control-Max-Age:
      - '300'
      Cache-Control:
      - no-cache, no-store
      Content-Security-Policy:
      - report-uri https://q.stripe.com/csp-report?p=v1%2Fpayment_intents; block-all-mixed-content;
        default-src 'none'; base-uri 'none'; form-action 'none'; frame-ancestors 'none';
        img-src 'self'; script-src 'self' 'report-sample'; style-src 'self'
      Cross-Origin-Opener-Policy-Report-Only:
      - same-origin; report-to="coop"
      Idempotency-Key:
      - 1fa4e4d2-3cc5-4316-9004-191eaf98cf8e
      Original-Request:
      - req_UpqEXPKXQOhUil
      Report-To:
      - '{"group":"coop","max_age":8640,"endpoints":[{"url":"https://q.stripe.com/coop-report?s=payins-bapi-srv"}],"include_subdomains":true}'
      Reporting-Endpoints:
      - coop="https://q.stripe.com/coop-report?s=payins-bapi-srv"
      Request-Id:
      - req_UpqEXPKXQOhUil
      Stripe-Should-Retry:
      - 'false'
      Stripe-Version:
      - '2023-10-16'
      Vary:
      - Origin
      X-Content-Type-Options:
      - nosniff
      X-Stripe-Priority-Routing-Enabled:
      - 'true'
      X-Stripe-Routing-Context-Priority-Tier:
      - api-testmode
      Strict-Transport-Security:
      - max-age=63072000; includeSubDomains; preload
    body:
      encoding: UTF-8
      string: |-
        {
          "id": "pi_2PVk6C9e1RjUNIyY0JRgOsup",
          "object": "payment_intent",
          "amount": 600,
          "amount_capturable": 0,
          "amount_details": {
            "tip": {}
          },
          "amount_received": 0,
          "application": null,
          "application_fee_amount": null,
          "automatic_payment_methods": null,
          "canceled_at": null,
          "cancellation_reason": null,
          "capture_method": "automatic",
          "client_secret": "pi_2PVk6C9e1RjUNIyY0JRgOsup_secret_u7pB7AWNqfPQRREpDeBLqYfUx",
          "confirmation_method": "automatic",
          "created": 1719363156,
          "currency": "usd",
          "customer": "cus_QMT2qZNyqsQBhX",
          "description": "You bought http://edgarfd39036c2.test.gumroad.com:31337/l/c",
          "invoice": null,
          "last_payment_error": null,
          "latest_charge": null,
          "livemode": false,
          "metadata": {
            "purchase": "bfi_30HLgGWL8H2wo_Gzlg=="
          },
          "next_action": null,
          "on_behalf_of": null,
          "payment_method": "pm_0PVk699e1RjUNIyYcJMMNvDW",
          "payment_method_configuration_details": null,
          "payment_method_options": {
            "card": {
              "installments": null,
              "mandate_options": null,
              "network": null,
              "request_three_d_secure": "automatic"
            }
          },
          "payment_method_types": [
            "card"
          ],
          "processing": null,
          "receipt_email": null,
          "review": null,
          "setup_future_usage": "off_session",
          "shipping": null,
          "source": null,
          "statement_descriptor": null,
          "statement_descriptor_suffix": "edgarfd39036c2",
          "status": "requires_confirmation",
          "transfer_data": null,
          "transfer_group": "3"
        }
  recorded_at: Wed, 26 Jun 2024 00:52:36 GMT
- request:
    method: post
    uri: https://api.stripe.com/v1/payment_intents/pi_2PVk6C9e1RjUNIyY0JRgOsup/confirm
    body:
      encoding: US-ASCII
      string: ''
    headers:
      User-Agent:
      - Stripe/v1 RubyBindings/11.7.0
      Authorization:
      - Bearer <STRIPE_API_KEY>
      Content-Type:
      - application/x-www-form-urlencoded
      X-Stripe-Client-Telemetry:
      - '{"last_request_metrics":{"request_id":"req_UpqEXPKXQOhUil","request_duration_ms":529}}'
      Idempotency-Key:
      - 04f5d581-957d-4729-abab-8f5f359a8951
      Stripe-Version:
      - '2023-10-16'
      X-Stripe-Client-User-Agent:
      - '{"bindings_version":"11.7.0","lang":"ruby","lang_version":"3.3.3 p89 (2024-06-12)","platform":"arm64-darwin23","engine":"ruby","publisher":"stripe","uname":"Darwin
        Raphaels-MacBook-Pro.local 23.5.0 Darwin Kernel Version 23.5.0: Wed May  1
        20:12:58 PDT 2024; root:xnu-10063.121.3~5/RELEASE_ARM64_T6000 arm64","hostname":"Raphaels-MacBook-Pro.local"}'
      Accept-Encoding:
      - gzip;q=1.0,deflate;q=0.6,identity;q=0.3
      Accept:
      - "*/*"
  response:
    status:
      code: 200
      message: OK
    headers:
      Server:
      - nginx
      Date:
      - Wed, 26 Jun 2024 00:52:37 GMT
      Content-Type:
      - application/json
      Content-Length:
      - '1500'
      Connection:
      - keep-alive
      Access-Control-Allow-Credentials:
      - 'true'
      Access-Control-Allow-Methods:
      - GET,HEAD,PUT,PATCH,POST,DELETE
      Access-Control-Allow-Origin:
      - "*"
      Access-Control-Expose-Headers:
      - Request-Id, Stripe-Manage-Version, Stripe-Should-Retry, X-Stripe-External-Auth-Required,
        X-Stripe-Privileged-Session-Required
      Access-Control-Max-Age:
      - '300'
      Cache-Control:
      - no-cache, no-store
      Content-Security-Policy:
      - report-uri https://q.stripe.com/csp-report?p=v1%2Fpayment_intents%2F%3Aintent%2Fconfirm;
        block-all-mixed-content; default-src 'none'; base-uri 'none'; form-action
        'none'; frame-ancestors 'none'; img-src 'self'; script-src 'self' 'report-sample';
        style-src 'self'
      Cross-Origin-Opener-Policy-Report-Only:
      - same-origin; report-to="coop"
      Idempotency-Key:
      - 04f5d581-957d-4729-abab-8f5f359a8951
      Original-Request:
      - req_FOP96rmEiHekvU
      Report-To:
      - '{"group":"coop","max_age":8640,"endpoints":[{"url":"https://q.stripe.com/coop-report?s=payins-bapi-srv"}],"include_subdomains":true}'
      Reporting-Endpoints:
      - coop="https://q.stripe.com/coop-report?s=payins-bapi-srv"
      Request-Id:
      - req_FOP96rmEiHekvU
      Stripe-Should-Retry:
      - 'false'
      Stripe-Version:
      - '2023-10-16'
      Vary:
      - Origin
      X-Content-Type-Options:
      - nosniff
      X-Stripe-Priority-Routing-Enabled:
      - 'true'
      X-Stripe-Routing-Context-Priority-Tier:
      - api-testmode
      Strict-Transport-Security:
      - max-age=63072000; includeSubDomains; preload
    body:
      encoding: UTF-8
      string: |-
        {
          "id": "pi_2PVk6C9e1RjUNIyY0JRgOsup",
          "object": "payment_intent",
          "amount": 600,
          "amount_capturable": 0,
          "amount_details": {
            "tip": {}
          },
          "amount_received": 600,
          "application": null,
          "application_fee_amount": null,
          "automatic_payment_methods": null,
          "canceled_at": null,
          "cancellation_reason": null,
          "capture_method": "automatic",
          "client_secret": "pi_2PVk6C9e1RjUNIyY0JRgOsup_secret_u7pB7AWNqfPQRREpDeBLqYfUx",
          "confirmation_method": "automatic",
          "created": 1719363156,
          "currency": "usd",
          "customer": "cus_QMT2qZNyqsQBhX",
          "description": "You bought http://edgarfd39036c2.test.gumroad.com:31337/l/c",
          "invoice": null,
          "last_payment_error": null,
          "latest_charge": "ch_2PVk6C9e1RjUNIyY0dQvhDcG",
          "livemode": false,
          "metadata": {
            "purchase": "bfi_30HLgGWL8H2wo_Gzlg=="
          },
          "next_action": null,
          "on_behalf_of": null,
          "payment_method": "pm_0PVk699e1RjUNIyYcJMMNvDW",
          "payment_method_configuration_details": null,
          "payment_method_options": {
            "card": {
              "installments": null,
              "mandate_options": null,
              "network": null,
              "request_three_d_secure": "automatic"
            }
          },
          "payment_method_types": [
            "card"
          ],
          "processing": null,
          "receipt_email": null,
          "review": null,
          "setup_future_usage": "off_session",
          "shipping": null,
          "source": null,
          "statement_descriptor": null,
          "statement_descriptor_suffix": "edgarfd39036c2",
          "status": "succeeded",
          "transfer_data": null,
          "transfer_group": "3"
        }
  recorded_at: Wed, 26 Jun 2024 00:52:37 GMT
- request:
    method: get
    uri: https://api.stripe.com/v1/charges/ch_2PVk6C9e1RjUNIyY0dQvhDcG?expand%5B%5D=application_fee.balance_transaction&expand%5B%5D=balance_transaction
    body:
      encoding: US-ASCII
      string: ''
    headers:
      User-Agent:
      - Stripe/v1 RubyBindings/11.7.0
      Authorization:
      - Bearer <STRIPE_API_KEY>
      Content-Type:
      - application/x-www-form-urlencoded
      X-Stripe-Client-Telemetry:
      - '{"last_request_metrics":{"request_id":"req_FOP96rmEiHekvU","request_duration_ms":1216}}'
      Stripe-Version:
      - '2023-10-16'
      X-Stripe-Client-User-Agent:
      - '{"bindings_version":"11.7.0","lang":"ruby","lang_version":"3.3.3 p89 (2024-06-12)","platform":"arm64-darwin23","engine":"ruby","publisher":"stripe","uname":"Darwin
        Raphaels-MacBook-Pro.local 23.5.0 Darwin Kernel Version 23.5.0: Wed May  1
        20:12:58 PDT 2024; root:xnu-10063.121.3~5/RELEASE_ARM64_T6000 arm64","hostname":"Raphaels-MacBook-Pro.local"}'
      Accept-Encoding:
      - gzip;q=1.0,deflate;q=0.6,identity;q=0.3
      Accept:
      - "*/*"
  response:
    status:
      code: 200
      message: OK
    headers:
      Server:
      - nginx
      Date:
      - Wed, 26 Jun 2024 00:52:39 GMT
      Content-Type:
      - application/json
      Content-Length:
      - '3506'
      Connection:
      - keep-alive
      Access-Control-Allow-Credentials:
      - 'true'
      Access-Control-Allow-Methods:
      - GET,HEAD,PUT,PATCH,POST,DELETE
      Access-Control-Allow-Origin:
      - "*"
      Access-Control-Expose-Headers:
      - Request-Id, Stripe-Manage-Version, Stripe-Should-Retry, X-Stripe-External-Auth-Required,
        X-Stripe-Privileged-Session-Required
      Access-Control-Max-Age:
      - '300'
      Cache-Control:
      - no-cache, no-store
      Content-Security-Policy:
      - report-uri https://q.stripe.com/csp-report?p=v1%2Fcharges%2F%3Acharge; block-all-mixed-content;
        default-src 'none'; base-uri 'none'; form-action 'none'; frame-ancestors 'none';
        img-src 'self'; script-src 'self' 'report-sample'; style-src 'self'
      Cross-Origin-Opener-Policy-Report-Only:
      - same-origin; report-to="coop"
      Report-To:
      - '{"group":"coop","max_age":8640,"endpoints":[{"url":"https://q.stripe.com/coop-report?s=payins-bapi-srv"}],"include_subdomains":true}'
      Reporting-Endpoints:
      - coop="https://q.stripe.com/coop-report?s=payins-bapi-srv"
      Request-Id:
      - req_r9uvo5oa8k1QVC
      Stripe-Version:
      - '2023-10-16'
      Vary:
      - Origin
      X-Content-Type-Options:
      - nosniff
      X-Stripe-Priority-Routing-Enabled:
      - 'true'
      X-Stripe-Routing-Context-Priority-Tier:
      - api-testmode
      Strict-Transport-Security:
      - max-age=63072000; includeSubDomains; preload
    body:
      encoding: UTF-8
      string: |-
        {
          "id": "ch_2PVk6C9e1RjUNIyY0dQvhDcG",
          "object": "charge",
          "amount": 600,
          "amount_captured": 600,
          "amount_refunded": 0,
          "amount_updates": [],
          "application": null,
          "application_fee": null,
          "application_fee_amount": null,
          "balance_transaction": {
            "id": "txn_2PVk6C9e1RjUNIyY0m3hJQX9",
            "object": "balance_transaction",
            "amount": 600,
            "available_on": 1719532800,
            "created": 1719363156,
            "currency": "usd",
            "description": "You bought http://edgarfd39036c2.test.gumroad.com:31337/l/c",
            "exchange_rate": null,
            "fee": 35,
            "fee_details": [
              {
                "amount": 35,
                "application": null,
                "currency": "usd",
                "description": "Stripe processing fees",
                "type": "stripe_fee"
              }
            ],
            "net": 565,
            "reporting_category": "charge",
            "source": "ch_2PVk6C9e1RjUNIyY0dQvhDcG",
            "status": "pending",
            "type": "charge"
          },
          "billing_details": {
            "address": {
              "city": null,
              "country": null,
              "line1": null,
              "line2": null,
              "postal_code": "12345",
              "state": null
            },
            "email": null,
            "name": null,
            "phone": null
          },
          "calculated_statement_descriptor": "GUMROAD.CO* EDGARFD390",
          "captured": true,
          "created": 1719363156,
          "currency": "usd",
          "customer": "cus_QMT2qZNyqsQBhX",
          "description": "You bought http://edgarfd39036c2.test.gumroad.com:31337/l/c",
          "destination": null,
          "dispute": null,
          "disputed": false,
          "failure_balance_transaction": null,
          "failure_code": null,
          "failure_message": null,
          "fraud_details": {},
          "invoice": null,
          "livemode": false,
          "metadata": {
            "purchase": "bfi_30HLgGWL8H2wo_Gzlg=="
          },
          "on_behalf_of": null,
          "order": null,
          "outcome": {
            "network_status": "approved_by_network",
            "reason": null,
            "risk_level": "normal",
            "risk_score": 27,
            "seller_message": "Payment complete.",
            "type": "authorized"
          },
          "paid": true,
          "payment_intent": "pi_2PVk6C9e1RjUNIyY0JRgOsup",
          "payment_method": "pm_0PVk699e1RjUNIyYcJMMNvDW",
          "payment_method_details": {
            "card": {
              "amount_authorized": 600,
              "brand": "visa",
              "checks": {
                "address_line1_check": null,
                "address_postal_code_check": "pass",
                "cvc_check": "pass"
              },
              "country": "US",
              "exp_month": 12,
              "exp_year": 2024,
              "extended_authorization": {
                "status": "disabled"
              },
              "fingerprint": "W691J2Ye3VDoq6Ij",
              "funding": "credit",
              "incremental_authorization": {
                "status": "unavailable"
              },
              "installments": null,
              "last4": "4242",
              "mandate": null,
              "multicapture": {
                "status": "unavailable"
              },
              "network": "visa",
              "network_token": {
                "used": false
              },
              "overcapture": {
                "maximum_amount_capturable": 600,
                "status": "unavailable"
              },
              "three_d_secure": null,
              "wallet": null
            },
            "type": "card"
          },
          "radar_options": {},
          "receipt_email": null,
          "receipt_number": null,
          "receipt_url": "https://pay.stripe.com/receipts/payment/CAcaIgogOWUxUmpVTkl5WUdwQTlDZmgzUm1ReHhUemIxYWFrcEUo18ztswYyBlDsZ7ZxsDosFovC3sYKPTIMR6ept3bmkfKXmdfFXROKbNqef9ePZCYMzu7AsZqKP0H8c-c",
          "refunded": false,
          "review": null,
          "shipping": null,
          "source": null,
          "source_transfer": null,
          "statement_descriptor": null,
          "statement_descriptor_suffix": "edgarfd39036c2",
          "status": "succeeded",
          "transfer_data": null,
          "transfer_group": "3"
        }
  recorded_at: Wed, 26 Jun 2024 00:52:39 GMT
recorded_with: VCR 6.2.0
