---
http_interactions:
- request:
    method: post
    uri: https://api.stripe.com/v1/payment_methods
    body:
      encoding: UTF-8
      string: type=card&card[number]=4242+4242+4242+4242&card[exp_month]=12&card[exp_year]=2023&card[cvc]=123
    headers:
      User-Agent:
      - Stripe/v1 RubyBindings/10.0.0
      Authorization:
      - Bearer <STRIPE_API_KEY>
      Content-Type:
      - application/x-www-form-urlencoded
      Idempotency-Key:
      - ba7a927d-d93d-4d99-8621-724c1e9b00b1
      Stripe-Version:
      - '2023-10-16'
      X-Stripe-Client-User-Agent:
      - '{"bindings_version":"10.0.0","lang":"ruby","lang_version":"3.2.2 p53 (2023-03-30)","platform":"arm64-darwin20","engine":"ruby","publisher":"stripe","uname":"Darwin
        Harbakshs-MacBook-Air.local 20.5.0 Darwin Kernel Version 20.5.0: Sat May  8
        05:10:31 PDT 2021; root:xnu-7195.121.3~9/RELEASE_ARM64_T8101 arm64","hostname":"Harbakshs-MacBook-Air.local"}'
      Accept-Encoding:
      - gzip;q=1.0,deflate;q=0.6,identity;q=0.3
      Accept:
      - "*/*"
  response:
    status:
      code: 200
      message: OK
    headers:
      Server:
      - nginx
      Date:
      - Mon, 30 Oct 2023 10:50:13 GMT
      Content-Type:
      - application/json
      Content-Length:
      - '931'
      Connection:
      - keep-alive
      Access-Control-Allow-Credentials:
      - 'true'
      Access-Control-Allow-Methods:
      - GET,HEAD,PUT,PATCH,POST,DELETE
      Access-Control-Allow-Origin:
      - "*"
      Access-Control-Expose-Headers:
      - Request-Id, Stripe-Manage-Version, Stripe-Should-Retry, X-Stripe-External-Auth-Required,
        X-Stripe-Privileged-Session-Required
      Access-Control-Max-Age:
      - '300'
      Cache-Control:
      - no-cache, no-store
      Content-Security-Policy-Report-Only:
      - report-uri https://q.stripe.com/csp-report?p=v1%2Fpayment_methods; block-all-mixed-content;
        default-src 'none'; base-uri 'none'; form-action 'none'; frame-ancestors 'none';
        img-src 'self'; script-src 'self' 'report-sample'; style-src 'self'
      Idempotency-Key:
      - ba7a927d-d93d-4d99-8621-724c1e9b00b1
      Original-Request:
      - req_gNq9K0uN48J0NI
      Request-Id:
      - req_gNq9K0uN48J0NI
      Stripe-Should-Retry:
      - 'false'
      Stripe-Version:
      - '2023-10-16'
      Vary:
      - Origin
      X-Stripe-Routing-Context-Priority-Tier:
      - api-testmode
      Strict-Transport-Security:
      - max-age=63072000; includeSubDomains; preload
    body:
      encoding: UTF-8
      string: |-
        {
          "id": "pm_0O6t2v9e1RjUNIyYXr5DeXwv",
          "object": "payment_method",
          "billing_details": {
            "address": {
              "city": null,
              "country": null,
              "line1": null,
              "line2": null,
              "postal_code": null,
              "state": null
            },
            "email": null,
            "name": null,
            "phone": null
          },
          "card": {
            "brand": "visa",
            "checks": {
              "address_line1_check": null,
              "address_postal_code_check": null,
              "cvc_check": "unchecked"
            },
            "country": "US",
            "exp_month": 12,
            "exp_year": 2023,
            "fingerprint": "W691J2Ye3VDoq6Ij",
            "funding": "credit",
            "generated_from": null,
            "last4": "4242",
            "networks": {
              "available": [
                "visa"
              ],
              "preferred": null
            },
            "three_d_secure_usage": {
              "supported": true
            },
            "wallet": null
          },
          "created": 1698663013,
          "customer": null,
          "livemode": false,
          "metadata": {},
          "type": "card"
        }
  recorded_at: Fri, 20 Oct 2023 00:00:00 GMT
- request:
    method: get
    uri: https://api.stripe.com/v1/payment_methods/pm_0O6t2v9e1RjUNIyYXr5DeXwv
    body:
      encoding: US-ASCII
      string: ''
    headers:
      User-Agent:
      - Stripe/v1 RubyBindings/10.0.0
      Authorization:
      - Bearer <STRIPE_API_KEY>
      Content-Type:
      - application/x-www-form-urlencoded
      X-Stripe-Client-Telemetry:
      - '{"last_request_metrics":{"request_id":"req_gNq9K0uN48J0NI","request_duration_ms":685}}'
      Stripe-Version:
      - '2023-10-16'
      X-Stripe-Client-User-Agent:
      - '{"bindings_version":"10.0.0","lang":"ruby","lang_version":"3.2.2 p53 (2023-03-30)","platform":"arm64-darwin20","engine":"ruby","publisher":"stripe","uname":"Darwin
        Harbakshs-MacBook-Air.local 20.5.0 Darwin Kernel Version 20.5.0: Sat May  8
        05:10:31 PDT 2021; root:xnu-7195.121.3~9/RELEASE_ARM64_T8101 arm64","hostname":"Harbakshs-MacBook-Air.local"}'
      Accept-Encoding:
      - gzip;q=1.0,deflate;q=0.6,identity;q=0.3
      Accept:
      - "*/*"
  response:
    status:
      code: 200
      message: OK
    headers:
      Server:
      - nginx
      Date:
      - Mon, 30 Oct 2023 10:50:14 GMT
      Content-Type:
      - application/json
      Content-Length:
      - '931'
      Connection:
      - keep-alive
      Access-Control-Allow-Credentials:
      - 'true'
      Access-Control-Allow-Methods:
      - GET,HEAD,PUT,PATCH,POST,DELETE
      Access-Control-Allow-Origin:
      - "*"
      Access-Control-Expose-Headers:
      - Request-Id, Stripe-Manage-Version, Stripe-Should-Retry, X-Stripe-External-Auth-Required,
        X-Stripe-Privileged-Session-Required
      Access-Control-Max-Age:
      - '300'
      Cache-Control:
      - no-cache, no-store
      Content-Security-Policy-Report-Only:
      - report-uri https://q.stripe.com/csp-report?p=v1%2Fpayment_methods%2F%3Apayment_method;
        block-all-mixed-content; default-src 'none'; base-uri 'none'; form-action
        'none'; frame-ancestors 'none'; img-src 'self'; script-src 'self' 'report-sample';
        style-src 'self'
      Request-Id:
      - req_0EnIcyqfqvmnGY
      Stripe-Version:
      - '2023-10-16'
      Vary:
      - Origin
      X-Stripe-Routing-Context-Priority-Tier:
      - api-testmode
      Strict-Transport-Security:
      - max-age=63072000; includeSubDomains; preload
    body:
      encoding: UTF-8
      string: |-
        {
          "id": "pm_0O6t2v9e1RjUNIyYXr5DeXwv",
          "object": "payment_method",
          "billing_details": {
            "address": {
              "city": null,
              "country": null,
              "line1": null,
              "line2": null,
              "postal_code": null,
              "state": null
            },
            "email": null,
            "name": null,
            "phone": null
          },
          "card": {
            "brand": "visa",
            "checks": {
              "address_line1_check": null,
              "address_postal_code_check": null,
              "cvc_check": "unchecked"
            },
            "country": "US",
            "exp_month": 12,
            "exp_year": 2023,
            "fingerprint": "W691J2Ye3VDoq6Ij",
            "funding": "credit",
            "generated_from": null,
            "last4": "4242",
            "networks": {
              "available": [
                "visa"
              ],
              "preferred": null
            },
            "three_d_secure_usage": {
              "supported": true
            },
            "wallet": null
          },
          "created": 1698663013,
          "customer": null,
          "livemode": false,
          "metadata": {},
          "type": "card"
        }
  recorded_at: Fri, 20 Oct 2023 00:00:00 GMT
- request:
    method: post
    uri: https://api.stripe.com/v1/payment_intents
    body:
      encoding: UTF-8
      string: amount=100&currency=usd&description=You+bought+http%3A%2F%2Fedgarfc0b13391.test.gumroad.com%3A31337%2Fl%2Fz&metadata[purchase]=G_-mnBf9b1j9A7a4ub4nFQ%3D%3D&transfer_group=1&payment_method_types[0]=card&confirmation_method=manual&confirm=true&off_session=true&payment_method=pm_0O6t2v9e1RjUNIyYXr5DeXwv&statement_descriptor_suffix=edgarfc0b13391
    headers:
      User-Agent:
      - Stripe/v1 RubyBindings/10.0.0
      Authorization:
      - Bearer <STRIPE_API_KEY>
      Content-Type:
      - application/x-www-form-urlencoded
      X-Stripe-Client-Telemetry:
      - '{"last_request_metrics":{"request_id":"req_0EnIcyqfqvmnGY","request_duration_ms":472}}'
      Idempotency-Key:
      - 91253ac3-075a-4b5e-8b57-bef55d5ed6da
      Stripe-Version:
      - '2023-10-16'
      X-Stripe-Client-User-Agent:
      - '{"bindings_version":"10.0.0","lang":"ruby","lang_version":"3.2.2 p53 (2023-03-30)","platform":"arm64-darwin20","engine":"ruby","publisher":"stripe","uname":"Darwin
        Harbakshs-MacBook-Air.local 20.5.0 Darwin Kernel Version 20.5.0: Sat May  8
        05:10:31 PDT 2021; root:xnu-7195.121.3~9/RELEASE_ARM64_T8101 arm64","hostname":"Harbakshs-MacBook-Air.local"}'
      Accept-Encoding:
      - gzip;q=1.0,deflate;q=0.6,identity;q=0.3
      Accept:
      - "*/*"
  response:
    status:
      code: 200
      message: OK
    headers:
      Server:
      - nginx
      Date:
      - Mon, 30 Oct 2023 10:50:16 GMT
      Content-Type:
      - application/json
      Content-Length:
      - '1472'
      Connection:
      - keep-alive
      Access-Control-Allow-Credentials:
      - 'true'
      Access-Control-Allow-Methods:
      - GET,HEAD,PUT,PATCH,POST,DELETE
      Access-Control-Allow-Origin:
      - "*"
      Access-Control-Expose-Headers:
      - Request-Id, Stripe-Manage-Version, Stripe-Should-Retry, X-Stripe-External-Auth-Required,
        X-Stripe-Privileged-Session-Required
      Access-Control-Max-Age:
      - '300'
      Cache-Control:
      - no-cache, no-store
      Content-Security-Policy-Report-Only:
      - report-uri https://q.stripe.com/csp-report?p=v1%2Fpayment_intents; block-all-mixed-content;
        default-src 'none'; base-uri 'none'; form-action 'none'; frame-ancestors 'none';
        img-src 'self'; script-src 'self' 'report-sample'; style-src 'self'
      Idempotency-Key:
      - 91253ac3-075a-4b5e-8b57-bef55d5ed6da
      Original-Request:
      - req_eLfQjYvdhwHCrA
      Request-Id:
      - req_eLfQjYvdhwHCrA
      Stripe-Should-Retry:
      - 'false'
      Stripe-Version:
      - '2023-10-16'
      Vary:
      - Origin
      X-Stripe-Routing-Context-Priority-Tier:
      - api-testmode
      Strict-Transport-Security:
      - max-age=63072000; includeSubDomains; preload
    body:
      encoding: UTF-8
      string: |-
        {
          "id": "pi_2O6t2x9e1RjUNIyY1s6JZCy0",
          "object": "payment_intent",
          "amount": 100,
          "amount_capturable": 0,
          "amount_details": {
            "tip": {}
          },
          "amount_received": 100,
          "application": null,
          "application_fee_amount": null,
          "automatic_payment_methods": null,
          "canceled_at": null,
          "cancellation_reason": null,
          "capture_method": "automatic",
          "client_secret": "pi_2O6t2x9e1RjUNIyY1s6JZCy0_secret_ogE7Zmdo5eoSo2WK8SL7vQMp6",
          "confirmation_method": "manual",
          "created": 1698663015,
          "currency": "usd",
          "customer": null,
          "description": "You bought http://edgarfc0b13391.test.gumroad.com:31337/l/z",
          "invoice": null,
          "last_payment_error": null,
          "latest_charge": "ch_2O6t2x9e1RjUNIyY15uHwpCf",
          "livemode": false,
          "metadata": {
            "purchase": "G_-mnBf9b1j9A7a4ub4nFQ=="
          },
          "next_action": null,
          "on_behalf_of": null,
          "payment_method": "pm_0O6t2v9e1RjUNIyYXr5DeXwv",
          "payment_method_configuration_details": null,
          "payment_method_options": {
            "card": {
              "installments": null,
              "mandate_options": null,
              "network": null,
              "request_three_d_secure": "automatic"
            }
          },
          "payment_method_types": [
            "card"
          ],
          "processing": null,
          "receipt_email": null,
          "review": null,
          "setup_future_usage": null,
          "shipping": null,
          "source": null,
          "statement_descriptor": null,
          "statement_descriptor_suffix": "edgarfc0b13391",
          "status": "succeeded",
          "transfer_data": null,
          "transfer_group": "1"
        }
  recorded_at: Fri, 20 Oct 2023 00:00:00 GMT
- request:
    method: get
    uri: https://api.stripe.com/v1/charges/ch_2O6t2x9e1RjUNIyY15uHwpCf?expand%5B%5D=application_fee.balance_transaction&expand%5B%5D=balance_transaction
    body:
      encoding: US-ASCII
      string: ''
    headers:
      User-Agent:
      - Stripe/v1 RubyBindings/10.0.0
      Authorization:
      - Bearer <STRIPE_API_KEY>
      Content-Type:
      - application/x-www-form-urlencoded
      X-Stripe-Client-Telemetry:
      - '{"last_request_metrics":{"request_id":"req_eLfQjYvdhwHCrA","request_duration_ms":1304}}'
      Stripe-Version:
      - '2023-10-16'
      X-Stripe-Client-User-Agent:
      - '{"bindings_version":"10.0.0","lang":"ruby","lang_version":"3.2.2 p53 (2023-03-30)","platform":"arm64-darwin20","engine":"ruby","publisher":"stripe","uname":"Darwin
        Harbakshs-MacBook-Air.local 20.5.0 Darwin Kernel Version 20.5.0: Sat May  8
        05:10:31 PDT 2021; root:xnu-7195.121.3~9/RELEASE_ARM64_T8101 arm64","hostname":"Harbakshs-MacBook-Air.local"}'
      Accept-Encoding:
      - gzip;q=1.0,deflate;q=0.6,identity;q=0.3
      Accept:
      - "*/*"
  response:
    status:
      code: 200
      message: OK
    headers:
      Server:
      - nginx
      Date:
      - Mon, 30 Oct 2023 10:50:17 GMT
      Content-Type:
      - application/json
      Content-Length:
      - '3461'
      Connection:
      - keep-alive
      Access-Control-Allow-Credentials:
      - 'true'
      Access-Control-Allow-Methods:
      - GET,HEAD,PUT,PATCH,POST,DELETE
      Access-Control-Allow-Origin:
      - "*"
      Access-Control-Expose-Headers:
      - Request-Id, Stripe-Manage-Version, Stripe-Should-Retry, X-Stripe-External-Auth-Required,
        X-Stripe-Privileged-Session-Required
      Access-Control-Max-Age:
      - '300'
      Cache-Control:
      - no-cache, no-store
      Content-Security-Policy-Report-Only:
      - report-uri https://q.stripe.com/csp-report?p=v1%2Fcharges%2F%3Acharge; block-all-mixed-content;
        default-src 'none'; base-uri 'none'; form-action 'none'; frame-ancestors 'none';
        img-src 'self'; script-src 'self' 'report-sample'; style-src 'self'
      Request-Id:
      - req_frEP19HMpUJ6jO
      Stripe-Version:
      - '2023-10-16'
      Vary:
      - Origin
      X-Stripe-Routing-Context-Priority-Tier:
      - api-testmode
      Strict-Transport-Security:
      - max-age=63072000; includeSubDomains; preload
    body:
      encoding: UTF-8
      string: |-
        {
          "id": "ch_2O6t2x9e1RjUNIyY15uHwpCf",
          "object": "charge",
          "amount": 100,
          "amount_captured": 100,
          "amount_refunded": 0,
          "amount_updates": [],
          "application": null,
          "application_fee": null,
          "application_fee_amount": null,
          "balance_transaction": {
            "id": "txn_2O6t2x9e1RjUNIyY1M9eaF3O",
            "object": "balance_transaction",
            "amount": 100,
            "available_on": 1698796800,
            "created": 1698663015,
            "currency": "usd",
            "description": "You bought http://edgarfc0b13391.test.gumroad.com:31337/l/z",
            "exchange_rate": null,
            "fee": 10,
            "fee_details": [
              {
                "amount": 10,
                "application": null,
                "currency": "usd",
                "description": "Stripe processing fees",
                "type": "stripe_fee"
              }
            ],
            "net": 90,
            "reporting_category": "charge",
            "source": "ch_2O6t2x9e1RjUNIyY15uHwpCf",
            "status": "pending",
            "type": "charge"
          },
          "billing_details": {
            "address": {
              "city": null,
              "country": null,
              "line1": null,
              "line2": null,
              "postal_code": null,
              "state": null
            },
            "email": null,
            "name": null,
            "phone": null
          },
          "calculated_statement_descriptor": "GUMRD.COM* EDGARFC0B13",
          "captured": true,
          "created": 1698663015,
          "currency": "usd",
          "customer": null,
          "description": "You bought http://edgarfc0b13391.test.gumroad.com:31337/l/z",
          "destination": null,
          "dispute": null,
          "disputed": false,
          "failure_balance_transaction": null,
          "failure_code": null,
          "failure_message": null,
          "fraud_details": {},
          "invoice": null,
          "livemode": false,
          "metadata": {
            "purchase": "G_-mnBf9b1j9A7a4ub4nFQ=="
          },
          "on_behalf_of": null,
          "order": null,
          "outcome": {
            "network_status": "approved_by_network",
            "reason": null,
            "risk_level": "normal",
            "risk_score": 60,
            "seller_message": "Payment complete.",
            "type": "authorized"
          },
          "paid": true,
          "payment_intent": "pi_2O6t2x9e1RjUNIyY1s6JZCy0",
          "payment_method": "pm_0O6t2v9e1RjUNIyYXr5DeXwv",
          "payment_method_details": {
            "card": {
              "amount_authorized": 100,
              "brand": "visa",
              "checks": {
                "address_line1_check": null,
                "address_postal_code_check": null,
                "cvc_check": "pass"
              },
              "country": "US",
              "exp_month": 12,
              "exp_year": 2023,
              "extended_authorization": {
                "status": "disabled"
              },
              "fingerprint": "W691J2Ye3VDoq6Ij",
              "funding": "credit",
              "incremental_authorization": {
                "status": "unavailable"
              },
              "installments": null,
              "last4": "4242",
              "mandate": null,
              "multicapture": {
                "status": "unavailable"
              },
              "network": "visa",
              "network_token": {
                "used": false
              },
              "overcapture": {
                "maximum_amount_capturable": 100,
                "status": "unavailable"
              },
              "three_d_secure": null,
              "wallet": null
            },
            "type": "card"
          },
          "receipt_email": null,
          "receipt_number": null,
          "receipt_url": "https://pay.stripe.com/receipts/payment/CAcaIgogOWUxUmpVTkl5WUdwQTlDZmgzUm1ReHhUemIxYWFrcEUo6JT-qQYyBqTh6jhM6DosFu7oIpfPBQwOxdeRsE8KwfYiN0j9wUtTacgzuJ56E-fxFhIbbPsmUiFsZHU",
          "refunded": false,
          "review": null,
          "shipping": null,
          "source": null,
          "source_transfer": null,
          "statement_descriptor": null,
          "statement_descriptor_suffix": "edgarfc0b13391",
          "status": "succeeded",
          "transfer_data": null,
          "transfer_group": "1"
        }
  recorded_at: Fri, 20 Oct 2023 00:00:00 GMT
- request:
    method: post
    uri: https://api.stripe.com/v1/accounts
    body:
      encoding: UTF-8
      string: type=custom&requested_capabilities[0]=card_payments&requested_capabilities[1]=transfers&country=US&default_currency=usd&metadata[user_id]=553308138014&metadata[tos_agreement_id]=G_-mnBf9b1j9A7a4ub4nFQ%3D%3D&metadata[user_compliance_info_id]=G_-mnBf9b1j9A7a4ub4nFQ%3D%3D&tos_acceptance[date]=1697760000&tos_acceptance[ip]=54.234.242.13&business_type=individual&business_profile[url]=https%3A%2F%2Fvipul.gumroad.com%2F&business_profile[product_description]=Chuck+Bartowski&individual[first_name]=Chuck&individual[last_name]=Bartowski&individual[email]=edgar5aa180be_1%40gumroad.com&individual[phone]=0000000000&individual[address][line1]=address_full_match&individual[address][city]=San+Francisco&individual[address][state]=California&individual[address][postal_code]=94107&individual[address][country]=US&individual[dob][day]=1&individual[dob][month]=1&individual[dob][year]=1901&individual[id_number]=000000000
    headers:
      User-Agent:
      - Stripe/v1 RubyBindings/10.0.0
      Authorization:
      - Bearer <STRIPE_API_KEY>
      Content-Type:
      - application/x-www-form-urlencoded
      X-Stripe-Client-Telemetry:
      - '{"last_request_metrics":{"request_id":"req_frEP19HMpUJ6jO","request_duration_ms":728}}'
      Idempotency-Key:
      - 9a197364-c9dc-4566-9028-f35f47f66005
      Stripe-Version:
      - '2023-10-16'
      X-Stripe-Client-User-Agent:
      - '{"bindings_version":"10.0.0","lang":"ruby","lang_version":"3.2.2 p53 (2023-03-30)","platform":"arm64-darwin20","engine":"ruby","publisher":"stripe","uname":"Darwin
        Harbakshs-MacBook-Air.local 20.5.0 Darwin Kernel Version 20.5.0: Sat May  8
        05:10:31 PDT 2021; root:xnu-7195.121.3~9/RELEASE_ARM64_T8101 arm64","hostname":"Harbakshs-MacBook-Air.local"}'
      Accept-Encoding:
      - gzip;q=1.0,deflate;q=0.6,identity;q=0.3
      Accept:
      - "*/*"
  response:
    status:
      code: 200
      message: OK
    headers:
      Server:
      - nginx
      Date:
      - Mon, 30 Oct 2023 10:50:21 GMT
      Content-Type:
      - application/json
      Content-Length:
      - '6249'
      Connection:
      - keep-alive
      Access-Control-Allow-Credentials:
      - 'true'
      Access-Control-Allow-Methods:
      - GET,HEAD,PUT,PATCH,POST,DELETE
      Access-Control-Allow-Origin:
      - "*"
      Access-Control-Expose-Headers:
      - Request-Id, Stripe-Manage-Version, Stripe-Should-Retry, X-Stripe-External-Auth-Required,
        X-Stripe-Privileged-Session-Required
      Access-Control-Max-Age:
      - '300'
      Cache-Control:
      - no-cache, no-store
      Content-Security-Policy-Report-Only:
      - report-uri https://q.stripe.com/csp-report?p=v1%2Faccounts; block-all-mixed-content;
        default-src 'none'; base-uri 'none'; form-action 'none'; frame-ancestors 'none';
        img-src 'self'; script-src 'self' 'report-sample'; style-src 'self'
      Idempotency-Key:
      - 9a197364-c9dc-4566-9028-f35f47f66005
      Original-Request:
      - req_MM9LJvGQ7JVYsn
      Request-Id:
      - req_MM9LJvGQ7JVYsn
      Stripe-Should-Retry:
      - 'false'
      Stripe-Version:
      - '2023-10-16'
      Vary:
      - Origin
      X-Stripe-Routing-Context-Priority-Tier:
      - api-testmode
      Strict-Transport-Security:
      - max-age=63072000; includeSubDomains; preload
    body:
      encoding: UTF-8
      string: |-
        {
          "id": "acct_1O6t302mVaIb6ai0",
          "object": "account",
          "business_profile": {
            "mcc": "5192",
            "name": null,
            "product_description": "Chuck Bartowski",
            "support_address": null,
            "support_email": null,
            "support_phone": null,
            "support_url": null,
            "url": "https://vipul.gumroad.com/"
          },
          "business_type": "individual",
          "capabilities": {
            "card_payments": "pending",
            "transfers": "pending"
          },
          "charges_enabled": false,
          "company": {
            "address": {
              "city": "San Francisco",
              "country": "US",
              "line1": "address_full_match",
              "line2": null,
              "postal_code": "94107",
              "state": "California"
            },
            "directors_provided": true,
            "executives_provided": true,
            "name": null,
            "owners_provided": true,
            "phone": "+10000000000",
            "tax_id_provided": false,
            "verification": {
              "document": {
                "back": null,
                "details": null,
                "details_code": null,
                "front": null
              }
            }
          },
          "country": "US",
          "created": 1698663019,
          "default_currency": "usd",
          "details_submitted": false,
          "email": null,
          "external_accounts": {
            "object": "list",
            "data": [],
            "has_more": false,
            "total_count": 0,
            "url": "/v1/accounts/acct_1O6t302mVaIb6ai0/external_accounts"
          },
          "future_requirements": {
            "alternatives": [],
            "current_deadline": 1712084400,
            "currently_due": [
              "external_account",
              "individual.phone"
            ],
            "disabled_reason": null,
            "errors": [
              {
                "code": "invalid_phone_number",
                "reason": "This phone number has too many repeating or sequential numbers. +10000000000 is not a valid phone number.",
                "requirement": "individual.phone"
              }
            ],
            "eventually_due": [
              "external_account",
              "individual.phone"
            ],
            "past_due": [
              "external_account"
            ],
            "pending_verification": [
              "business_profile.url",
              "individual.address.city",
              "individual.address.line1",
              "individual.address.postal_code",
              "individual.address.state",
              "individual.id_number",
              "individual.verification.document"
            ]
          },
          "individual": {
            "id": "person_1O6t302mVaIb6ai0uLgeur6H",
            "object": "person",
            "account": "acct_1O6t302mVaIb6ai0",
            "address": {
              "city": "San Francisco",
              "country": "US",
              "line1": "address_full_match",
              "line2": null,
              "postal_code": "94107",
              "state": "California"
            },
            "created": 1698663018,
            "dob": {
              "day": 1,
              "month": 1,
              "year": 1901
            },
            "email": "edgar5aa180be_1@gumroad.com",
            "first_name": "Chuck",
            "future_requirements": {
              "alternatives": [],
              "currently_due": [
                "phone"
              ],
              "errors": [
                {
                  "code": "invalid_phone_number",
                  "reason": "This phone number has too many repeating or sequential numbers. +10000000000 is not a valid phone number.",
                  "requirement": "phone"
                }
              ],
              "eventually_due": [
                "phone"
              ],
              "past_due": [],
              "pending_verification": [
                "address.city",
                "address.line1",
                "address.postal_code",
                "address.state",
                "id_number",
                "verification.document"
              ]
            },
            "id_number_provided": true,
            "last_name": "Bartowski",
            "metadata": {},
            "phone": "+10000000000",
            "relationship": {
              "director": false,
              "executive": false,
              "legal_guardian": false,
              "owner": false,
              "percent_ownership": null,
              "representative": true,
              "title": null
            },
            "requirements": {
              "alternatives": [],
              "currently_due": [],
              "errors": [],
              "eventually_due": [],
              "past_due": [],
              "pending_verification": [
                "address.city",
                "address.line1",
                "address.postal_code",
                "address.state",
                "id_number",
                "verification.document"
              ]
            },
            "ssn_last_4_provided": true,
            "verification": {
              "additional_document": {
                "back": null,
                "details": null,
                "details_code": null,
                "front": null
              },
              "details": null,
              "details_code": null,
              "document": {
                "back": null,
                "details": null,
                "details_code": null,
                "front": null
              },
              "status": "pending"
            }
          },
          "metadata": {
            "tos_agreement_id": "G_-mnBf9b1j9A7a4ub4nFQ==",
            "user_compliance_info_id": "G_-mnBf9b1j9A7a4ub4nFQ==",
            "user_id": "553308138014"
          },
          "payouts_enabled": false,
          "requirements": {
            "alternatives": [],
            "current_deadline": null,
            "currently_due": [
              "external_account"
            ],
            "disabled_reason": "requirements.past_due",
            "errors": [],
            "eventually_due": [
              "external_account"
            ],
            "past_due": [
              "external_account"
            ],
            "pending_verification": [
              "individual.address.city",
              "individual.address.line1",
              "individual.address.postal_code",
              "individual.address.state",
              "individual.id_number",
              "individual.verification.document"
            ]
          },
          "settings": {
            "bacs_debit_payments": {},
            "branding": {
              "icon": null,
              "logo": null,
              "primary_color": null,
              "secondary_color": null
            },
            "card_issuing": {
              "tos_acceptance": {
                "date": null,
                "ip": null
              }
            },
            "card_payments": {
              "decline_on": {
                "avs_failure": false,
                "cvc_failure": false
              },
              "statement_descriptor_prefix": "VIPUL.GUMR",
              "statement_descriptor_prefix_kana": null,
              "statement_descriptor_prefix_kanji": null
            },
            "dashboard": {
              "display_name": "vipul.gumroad",
              "timezone": "Etc/UTC"
            },
            "payments": {
              "statement_descriptor": "VIPUL.GUMROAD.COM",
              "statement_descriptor_kana": null,
              "statement_descriptor_kanji": null
            },
            "payouts": {
              "debit_negative_balances": false,
              "schedule": {
                "delay_days": 2,
                "interval": "daily"
              },
              "statement_descriptor": null
            },
            "sepa_debit_payments": {}
          },
          "tos_acceptance": {
            "date": 1697760000,
            "ip": "54.234.242.13",
            "user_agent": null
          },
          "type": "custom"
        }
  recorded_at: Fri, 20 Oct 2023 00:00:00 GMT
- request:
    method: get
    uri: https://api.stripe.com/v1/accounts/acct_1O6t302mVaIb6ai0/persons
    body:
      encoding: US-ASCII
      string: ''
    headers:
      User-Agent:
      - Stripe/v1 RubyBindings/10.0.0
      Authorization:
      - Bearer <STRIPE_API_KEY>
      Content-Type:
      - application/x-www-form-urlencoded
      X-Stripe-Client-Telemetry:
      - '{"last_request_metrics":{"request_id":"req_MM9LJvGQ7JVYsn","request_duration_ms":3416}}'
      Stripe-Version:
      - '2023-10-16'
      X-Stripe-Client-User-Agent:
      - '{"bindings_version":"10.0.0","lang":"ruby","lang_version":"3.2.2 p53 (2023-03-30)","platform":"arm64-darwin20","engine":"ruby","publisher":"stripe","uname":"Darwin
        Harbakshs-MacBook-Air.local 20.5.0 Darwin Kernel Version 20.5.0: Sat May  8
        05:10:31 PDT 2021; root:xnu-7195.121.3~9/RELEASE_ARM64_T8101 arm64","hostname":"Harbakshs-MacBook-Air.local"}'
      Accept-Encoding:
      - gzip;q=1.0,deflate;q=0.6,identity;q=0.3
      Accept:
      - "*/*"
  response:
    status:
      code: 200
      message: OK
    headers:
      Server:
      - nginx
      Date:
      - Mon, 30 Oct 2023 10:50:21 GMT
      Content-Type:
      - application/json
      Content-Length:
      - '2650'
      Connection:
      - keep-alive
      Access-Control-Allow-Credentials:
      - 'true'
      Access-Control-Allow-Methods:
      - GET,HEAD,PUT,PATCH,POST,DELETE
      Access-Control-Allow-Origin:
      - "*"
      Access-Control-Expose-Headers:
      - Request-Id, Stripe-Manage-Version, Stripe-Should-Retry, X-Stripe-External-Auth-Required,
        X-Stripe-Privileged-Session-Required
      Access-Control-Max-Age:
      - '300'
      Cache-Control:
      - no-cache, no-store
      Content-Security-Policy-Report-Only:
      - report-uri https://q.stripe.com/csp-report?p=v1%2Faccounts%2F%3Aaccount%2Fpersons;
        block-all-mixed-content; default-src 'none'; base-uri 'none'; form-action
        'none'; frame-ancestors 'none'; img-src 'self'; script-src 'self' 'report-sample';
        style-src 'self'
      Request-Id:
      - req_vWcVCD4GTVC7zb
      Stripe-Account:
      - acct_1O6t302mVaIb6ai0
      Stripe-Version:
      - '2023-10-16'
      Vary:
      - Origin
      X-Stripe-Routing-Context-Priority-Tier:
      - api-testmode
      Strict-Transport-Security:
      - max-age=63072000; includeSubDomains; preload
    body:
      encoding: UTF-8
      string: |-
        {
          "object": "list",
          "data": [
            {
              "id": "person_1O6t302mVaIb6ai0uLgeur6H",
              "object": "person",
              "account": "acct_1O6t302mVaIb6ai0",
              "additional_tos_acceptances": {
                "account": {
                  "date": null,
                  "ip": null,
                  "user_agent": null
                }
              },
              "address": {
                "city": "San Francisco",
                "country": "US",
                "line1": "address_full_match",
                "line2": null,
                "postal_code": "94107",
                "state": "California"
              },
              "created": 1698663018,
              "dob": {
                "day": 1,
                "month": 1,
                "year": 1901
              },
              "email": "edgar5aa180be_1@gumroad.com",
              "first_name": "Chuck",
              "future_requirements": {
                "alternatives": [],
                "currently_due": [
                  "phone"
                ],
                "errors": [
                  {
                    "code": "invalid_phone_number",
                    "reason": "This phone number has too many repeating or sequential numbers. +10000000000 is not a valid phone number.",
                    "requirement": "phone"
                  }
                ],
                "eventually_due": [
                  "phone"
                ],
                "past_due": [],
                "pending_verification": [
                  "address.city",
                  "address.line1",
                  "address.postal_code",
                  "address.state",
                  "id_number",
                  "verification.document"
                ]
              },
              "id_number_provided": true,
              "last_name": "Bartowski",
              "metadata": {},
              "phone": "+10000000000",
              "relationship": {
                "director": false,
                "executive": false,
                "legal_guardian": false,
                "owner": false,
                "percent_ownership": null,
                "representative": true,
                "title": null
              },
              "requirements": {
                "alternatives": [],
                "currently_due": [],
                "errors": [],
                "eventually_due": [],
                "past_due": [],
                "pending_verification": [
                  "address.city",
                  "address.line1",
                  "address.postal_code",
                  "address.state",
                  "id_number",
                  "verification.document"
                ]
              },
              "ssn_last_4_provided": true,
              "verification": {
                "additional_document": {
                  "back": null,
                  "details": null,
                  "details_code": null,
                  "front": null
                },
                "details": null,
                "details_code": null,
                "document": {
                  "back": null,
                  "details": null,
                  "details_code": null,
                  "front": null
                },
                "status": "pending"
              }
            }
          ],
          "has_more": false,
          "url": "/v1/accounts/acct_1O6t302mVaIb6ai0/persons"
        }
  recorded_at: Fri, 20 Oct 2023 00:00:00 GMT
- request:
    method: post
    uri: https://api.stripe.com/v1/accounts/acct_1O6t302mVaIb6ai0/persons/person_1O6t302mVaIb6ai0uLgeur6H
    body:
      encoding: UTF-8
      string: verification[document][front]=file_identity_document_success
    headers:
      User-Agent:
      - Stripe/v1 RubyBindings/10.0.0
      Authorization:
      - Bearer <STRIPE_API_KEY>
      Content-Type:
      - application/x-www-form-urlencoded
      X-Stripe-Client-Telemetry:
      - '{"last_request_metrics":{"request_id":"req_vWcVCD4GTVC7zb","request_duration_ms":391}}'
      Idempotency-Key:
      - 533e907a-f3f5-4496-80a0-51922fcc3208
      Stripe-Version:
      - '2023-10-16'
      X-Stripe-Client-User-Agent:
      - '{"bindings_version":"10.0.0","lang":"ruby","lang_version":"3.2.2 p53 (2023-03-30)","platform":"arm64-darwin20","engine":"ruby","publisher":"stripe","uname":"Darwin
        Harbakshs-MacBook-Air.local 20.5.0 Darwin Kernel Version 20.5.0: Sat May  8
        05:10:31 PDT 2021; root:xnu-7195.121.3~9/RELEASE_ARM64_T8101 arm64","hostname":"Harbakshs-MacBook-Air.local"}'
      Accept-Encoding:
      - gzip;q=1.0,deflate;q=0.6,identity;q=0.3
      Accept:
      - "*/*"
  response:
    status:
      code: 200
      message: OK
    headers:
      Server:
      - nginx
      Date:
      - Mon, 30 Oct 2023 10:50:29 GMT
      Content-Type:
      - application/json
      Content-Length:
      - '1864'
      Connection:
      - keep-alive
      Access-Control-Allow-Credentials:
      - 'true'
      Access-Control-Allow-Methods:
      - GET,HEAD,PUT,PATCH,POST,DELETE
      Access-Control-Allow-Origin:
      - "*"
      Access-Control-Expose-Headers:
      - Request-Id, Stripe-Manage-Version, Stripe-Should-Retry, X-Stripe-External-Auth-Required,
        X-Stripe-Privileged-Session-Required
      Access-Control-Max-Age:
      - '300'
      Cache-Control:
      - no-cache, no-store
      Content-Security-Policy-Report-Only:
      - report-uri https://q.stripe.com/csp-report?p=v1%2Faccounts%2F%3Aaccount%2Fpersons%2F%3Aperson;
        block-all-mixed-content; default-src 'none'; base-uri 'none'; form-action
        'none'; frame-ancestors 'none'; img-src 'self'; script-src 'self' 'report-sample';
        style-src 'self'
      Idempotency-Key:
      - 533e907a-f3f5-4496-80a0-51922fcc3208
      Original-Request:
      - req_Aj01YvuM0bZkEB
      Request-Id:
      - req_Aj01YvuM0bZkEB
      Stripe-Account:
      - acct_1O6t302mVaIb6ai0
      Stripe-Should-Retry:
      - 'false'
      Stripe-Version:
      - '2023-10-16'
      Vary:
      - Origin
      X-Stripe-Routing-Context-Priority-Tier:
      - api-testmode
      Strict-Transport-Security:
      - max-age=63072000; includeSubDomains; preload
    body:
      encoding: UTF-8
      string: |-
        {
          "id": "person_1O6t302mVaIb6ai0uLgeur6H",
          "object": "person",
          "account": "acct_1O6t302mVaIb6ai0",
          "additional_tos_acceptances": {
            "account": {
              "date": null,
              "ip": null,
              "user_agent": null
            }
          },
          "address": {
            "city": "San Francisco",
            "country": "US",
            "line1": "address_full_match",
            "line2": null,
            "postal_code": "94107",
            "state": "California"
          },
          "created": 1698663018,
          "dob": {
            "day": 1,
            "month": 1,
            "year": 1901
          },
          "email": "edgar5aa180be_1@gumroad.com",
          "first_name": "Chuck",
          "future_requirements": {
            "alternatives": [],
            "currently_due": [
              "phone"
            ],
            "errors": [
              {
                "code": "invalid_phone_number",
                "reason": "This phone number has too many repeating or sequential numbers. +10000000000 is not a valid phone number.",
                "requirement": "phone"
              }
            ],
            "eventually_due": [
              "phone"
            ],
            "past_due": [],
            "pending_verification": []
          },
          "id_number_provided": true,
          "last_name": "Bartowski",
          "metadata": {},
          "phone": "+10000000000",
          "relationship": {
            "director": false,
            "executive": false,
            "legal_guardian": false,
            "owner": false,
            "percent_ownership": null,
            "representative": true,
            "title": null
          },
          "requirements": {
            "alternatives": [],
            "currently_due": [],
            "errors": [],
            "eventually_due": [],
            "past_due": [],
            "pending_verification": []
          },
          "ssn_last_4_provided": true,
          "verification": {
            "additional_document": {
              "back": null,
              "details": null,
              "details_code": null,
              "front": null
            },
            "details": null,
            "details_code": null,
            "document": {
              "back": null,
              "details": null,
              "details_code": null,
              "front": "file_1O6t392mVaIb6ai0zXIeFTgp"
            },
            "status": "verified"
          }
        }
  recorded_at: Fri, 20 Oct 2023 00:00:00 GMT
- request:
    method: get
    uri: https://api.stripe.com/v1/accounts/acct_1O6t302mVaIb6ai0
    body:
      encoding: US-ASCII
      string: ''
    headers:
      User-Agent:
      - Stripe/v1 RubyBindings/10.0.0
      Authorization:
      - Bearer <STRIPE_API_KEY>
      Content-Type:
      - application/x-www-form-urlencoded
      X-Stripe-Client-Telemetry:
      - '{"last_request_metrics":{"request_id":"req_Aj01YvuM0bZkEB","request_duration_ms":8171}}'
      Stripe-Version:
      - '2023-10-16'
      X-Stripe-Client-User-Agent:
      - '{"bindings_version":"10.0.0","lang":"ruby","lang_version":"3.2.2 p53 (2023-03-30)","platform":"arm64-darwin20","engine":"ruby","publisher":"stripe","uname":"Darwin
        Harbakshs-MacBook-Air.local 20.5.0 Darwin Kernel Version 20.5.0: Sat May  8
        05:10:31 PDT 2021; root:xnu-7195.121.3~9/RELEASE_ARM64_T8101 arm64","hostname":"Harbakshs-MacBook-Air.local"}'
      Accept-Encoding:
      - gzip;q=1.0,deflate;q=0.6,identity;q=0.3
      Accept:
      - "*/*"
  response:
    status:
      code: 200
      message: OK
    headers:
      Server:
      - nginx
      Date:
      - Mon, 30 Oct 2023 10:50:30 GMT
      Content-Type:
      - application/json
      Content-Length:
      - '5480'
      Connection:
      - keep-alive
      Access-Control-Allow-Credentials:
      - 'true'
      Access-Control-Allow-Methods:
      - GET,HEAD,PUT,PATCH,POST,DELETE
      Access-Control-Allow-Origin:
      - "*"
      Access-Control-Expose-Headers:
      - Request-Id, Stripe-Manage-Version, Stripe-Should-Retry, X-Stripe-External-Auth-Required,
        X-Stripe-Privileged-Session-Required
      Access-Control-Max-Age:
      - '300'
      Cache-Control:
      - no-cache, no-store
      Content-Security-Policy-Report-Only:
      - report-uri https://q.stripe.com/csp-report?p=v1%2Faccounts%2F%3Aaccount; block-all-mixed-content;
        default-src 'none'; base-uri 'none'; form-action 'none'; frame-ancestors 'none';
        img-src 'self'; script-src 'self' 'report-sample'; style-src 'self'
      Request-Id:
      - req_BH5pkf2MVbGtbN
      Stripe-Account:
      - acct_1O6t302mVaIb6ai0
      Stripe-Version:
      - '2023-10-16'
      Vary:
      - Origin
      X-Stripe-Routing-Context-Priority-Tier:
      - api-testmode
      Strict-Transport-Security:
      - max-age=63072000; includeSubDomains; preload
    body:
      encoding: UTF-8
      string: |-
        {
          "id": "acct_1O6t302mVaIb6ai0",
          "object": "account",
          "business_profile": {
            "mcc": "5192",
            "name": null,
            "product_description": "Chuck Bartowski",
            "support_address": null,
            "support_email": null,
            "support_phone": null,
            "support_url": null,
            "url": "https://vipul.gumroad.com/"
          },
          "business_type": "individual",
          "capabilities": {
            "card_payments": "active",
            "transfers": "active"
          },
          "charges_enabled": true,
          "company": {
            "address": {
              "city": "San Francisco",
              "country": "US",
              "line1": "address_full_match",
              "line2": null,
              "postal_code": "94107",
              "state": "California"
            },
            "directors_provided": true,
            "executives_provided": true,
            "name": null,
            "owners_provided": true,
            "phone": "+10000000000",
            "tax_id_provided": false,
            "verification": {
              "document": {
                "back": null,
                "details": null,
                "details_code": null,
                "front": null
              }
            }
          },
          "country": "US",
          "created": 1698663019,
          "default_currency": "usd",
          "details_submitted": false,
          "email": null,
          "external_accounts": {
            "object": "list",
            "data": [],
            "has_more": false,
            "total_count": 0,
            "url": "/v1/accounts/acct_1O6t302mVaIb6ai0/external_accounts"
          },
          "future_requirements": {
            "alternatives": [],
            "current_deadline": 1712084400,
            "currently_due": [
              "external_account",
              "individual.phone"
            ],
            "disabled_reason": null,
            "errors": [
              {
                "code": "invalid_phone_number",
                "reason": "This phone number has too many repeating or sequential numbers. +10000000000 is not a valid phone number.",
                "requirement": "individual.phone"
              }
            ],
            "eventually_due": [
              "external_account",
              "individual.phone"
            ],
            "past_due": [
              "external_account"
            ],
            "pending_verification": []
          },
          "individual": {
            "id": "person_1O6t302mVaIb6ai0uLgeur6H",
            "object": "person",
            "account": "acct_1O6t302mVaIb6ai0",
            "address": {
              "city": "San Francisco",
              "country": "US",
              "line1": "address_full_match",
              "line2": null,
              "postal_code": "94107",
              "state": "California"
            },
            "created": 1698663018,
            "dob": {
              "day": 1,
              "month": 1,
              "year": 1901
            },
            "email": "edgar5aa180be_1@gumroad.com",
            "first_name": "Chuck",
            "future_requirements": {
              "alternatives": [],
              "currently_due": [
                "phone"
              ],
              "errors": [
                {
                  "code": "invalid_phone_number",
                  "reason": "This phone number has too many repeating or sequential numbers. +10000000000 is not a valid phone number.",
                  "requirement": "phone"
                }
              ],
              "eventually_due": [
                "phone"
              ],
              "past_due": [],
              "pending_verification": []
            },
            "id_number_provided": true,
            "last_name": "Bartowski",
            "metadata": {},
            "phone": "+10000000000",
            "relationship": {
              "director": false,
              "executive": false,
              "legal_guardian": false,
              "owner": false,
              "percent_ownership": null,
              "representative": true,
              "title": null
            },
            "requirements": {
              "alternatives": [],
              "currently_due": [],
              "errors": [],
              "eventually_due": [],
              "past_due": [],
              "pending_verification": []
            },
            "ssn_last_4_provided": true,
            "verification": {
              "additional_document": {
                "back": null,
                "details": null,
                "details_code": null,
                "front": null
              },
              "details": null,
              "details_code": null,
              "document": {
                "back": null,
                "details": null,
                "details_code": null,
                "front": "file_1O6t392mVaIb6ai0zXIeFTgp"
              },
              "status": "verified"
            }
          },
          "metadata": {
            "tos_agreement_id": "G_-mnBf9b1j9A7a4ub4nFQ==",
            "user_compliance_info_id": "G_-mnBf9b1j9A7a4ub4nFQ==",
            "user_id": "553308138014"
          },
          "payouts_enabled": false,
          "requirements": {
            "alternatives": [],
            "current_deadline": null,
            "currently_due": [
              "external_account"
            ],
            "disabled_reason": "requirements.past_due",
            "errors": [],
            "eventually_due": [
              "external_account"
            ],
            "past_due": [
              "external_account"
            ],
            "pending_verification": []
          },
          "settings": {
            "bacs_debit_payments": {},
            "branding": {
              "icon": null,
              "logo": null,
              "primary_color": null,
              "secondary_color": null
            },
            "card_issuing": {
              "tos_acceptance": {
                "date": null,
                "ip": null
              }
            },
            "card_payments": {
              "decline_on": {
                "avs_failure": false,
                "cvc_failure": false
              },
              "statement_descriptor_prefix": "VIPUL.GUMR",
              "statement_descriptor_prefix_kana": null,
              "statement_descriptor_prefix_kanji": null
            },
            "dashboard": {
              "display_name": "vipul.gumroad",
              "timezone": "Etc/UTC"
            },
            "payments": {
              "statement_descriptor": "VIPUL.GUMROAD.COM",
              "statement_descriptor_kana": null,
              "statement_descriptor_kanji": null
            },
            "payouts": {
              "debit_negative_balances": false,
              "schedule": {
                "delay_days": 2,
                "interval": "daily"
              },
              "statement_descriptor": null
            },
            "sepa_debit_payments": {}
          },
          "tos_acceptance": {
            "date": 1697760000,
            "ip": "54.234.242.13",
            "user_agent": null
          },
          "type": "custom"
        }
  recorded_at: Fri, 20 Oct 2023 00:00:00 GMT
- request:
    method: post
    uri: https://api.stripe.com/v1/payment_methods
    body:
      encoding: UTF-8
      string: type=card&card[number]=4242+4242+4242+4242&card[exp_month]=12&card[exp_year]=2023&card[cvc]=123
    headers:
      User-Agent:
      - Stripe/v1 RubyBindings/10.0.0
      Authorization:
      - Bearer <STRIPE_API_KEY>
      Content-Type:
      - application/x-www-form-urlencoded
      X-Stripe-Client-Telemetry:
      - '{"last_request_metrics":{"request_id":"req_BH5pkf2MVbGtbN","request_duration_ms":568}}'
      Idempotency-Key:
      - 4a91137b-6946-4711-ab8d-73aafdfa8573
      Stripe-Version:
      - '2023-10-16'
      X-Stripe-Client-User-Agent:
      - '{"bindings_version":"10.0.0","lang":"ruby","lang_version":"3.2.2 p53 (2023-03-30)","platform":"arm64-darwin20","engine":"ruby","publisher":"stripe","uname":"Darwin
        Harbakshs-MacBook-Air.local 20.5.0 Darwin Kernel Version 20.5.0: Sat May  8
        05:10:31 PDT 2021; root:xnu-7195.121.3~9/RELEASE_ARM64_T8101 arm64","hostname":"Harbakshs-MacBook-Air.local"}'
      Accept-Encoding:
      - gzip;q=1.0,deflate;q=0.6,identity;q=0.3
      Accept:
      - "*/*"
  response:
    status:
      code: 200
      message: OK
    headers:
      Server:
      - nginx
      Date:
      - Mon, 30 Oct 2023 10:50:31 GMT
      Content-Type:
      - application/json
      Content-Length:
      - '931'
      Connection:
      - keep-alive
      Access-Control-Allow-Credentials:
      - 'true'
      Access-Control-Allow-Methods:
      - GET,HEAD,PUT,PATCH,POST,DELETE
      Access-Control-Allow-Origin:
      - "*"
      Access-Control-Expose-Headers:
      - Request-Id, Stripe-Manage-Version, Stripe-Should-Retry, X-Stripe-External-Auth-Required,
        X-Stripe-Privileged-Session-Required
      Access-Control-Max-Age:
      - '300'
      Cache-Control:
      - no-cache, no-store
      Content-Security-Policy-Report-Only:
      - report-uri https://q.stripe.com/csp-report?p=v1%2Fpayment_methods; block-all-mixed-content;
        default-src 'none'; base-uri 'none'; form-action 'none'; frame-ancestors 'none';
        img-src 'self'; script-src 'self' 'report-sample'; style-src 'self'
      Idempotency-Key:
      - 4a91137b-6946-4711-ab8d-73aafdfa8573
      Original-Request:
      - req_36dpPBHI3zkwrw
      Request-Id:
      - req_36dpPBHI3zkwrw
      Stripe-Should-Retry:
      - 'false'
      Stripe-Version:
      - '2023-10-16'
      Vary:
      - Origin
      X-Stripe-Routing-Context-Priority-Tier:
      - api-testmode
      Strict-Transport-Security:
      - max-age=63072000; includeSubDomains; preload
    body:
      encoding: UTF-8
      string: |-
        {
          "id": "pm_0O6t3C9e1RjUNIyYdtsfhGSZ",
          "object": "payment_method",
          "billing_details": {
            "address": {
              "city": null,
              "country": null,
              "line1": null,
              "line2": null,
              "postal_code": null,
              "state": null
            },
            "email": null,
            "name": null,
            "phone": null
          },
          "card": {
            "brand": "visa",
            "checks": {
              "address_line1_check": null,
              "address_postal_code_check": null,
              "cvc_check": "unchecked"
            },
            "country": "US",
            "exp_month": 12,
            "exp_year": 2023,
            "fingerprint": "W691J2Ye3VDoq6Ij",
            "funding": "credit",
            "generated_from": null,
            "last4": "4242",
            "networks": {
              "available": [
                "visa"
              ],
              "preferred": null
            },
            "three_d_secure_usage": {
              "supported": true
            },
            "wallet": null
          },
          "created": 1698663030,
          "customer": null,
          "livemode": false,
          "metadata": {},
          "type": "card"
        }
  recorded_at: Fri, 20 Oct 2023 00:00:00 GMT
- request:
    method: get
    uri: https://api.stripe.com/v1/payment_methods/pm_0O6t3C9e1RjUNIyYdtsfhGSZ
    body:
      encoding: US-ASCII
      string: ''
    headers:
      User-Agent:
      - Stripe/v1 RubyBindings/10.0.0
      Authorization:
      - Bearer <STRIPE_API_KEY>
      Content-Type:
      - application/x-www-form-urlencoded
      X-Stripe-Client-Telemetry:
      - '{"last_request_metrics":{"request_id":"req_36dpPBHI3zkwrw","request_duration_ms":544}}'
      Stripe-Version:
      - '2023-10-16'
      X-Stripe-Client-User-Agent:
      - '{"bindings_version":"10.0.0","lang":"ruby","lang_version":"3.2.2 p53 (2023-03-30)","platform":"arm64-darwin20","engine":"ruby","publisher":"stripe","uname":"Darwin
        Harbakshs-MacBook-Air.local 20.5.0 Darwin Kernel Version 20.5.0: Sat May  8
        05:10:31 PDT 2021; root:xnu-7195.121.3~9/RELEASE_ARM64_T8101 arm64","hostname":"Harbakshs-MacBook-Air.local"}'
      Accept-Encoding:
      - gzip;q=1.0,deflate;q=0.6,identity;q=0.3
      Accept:
      - "*/*"
  response:
    status:
      code: 200
      message: OK
    headers:
      Server:
      - nginx
      Date:
      - Mon, 30 Oct 2023 10:50:31 GMT
      Content-Type:
      - application/json
      Content-Length:
      - '931'
      Connection:
      - keep-alive
      Access-Control-Allow-Credentials:
      - 'true'
      Access-Control-Allow-Methods:
      - GET,HEAD,PUT,PATCH,POST,DELETE
      Access-Control-Allow-Origin:
      - "*"
      Access-Control-Expose-Headers:
      - Request-Id, Stripe-Manage-Version, Stripe-Should-Retry, X-Stripe-External-Auth-Required,
        X-Stripe-Privileged-Session-Required
      Access-Control-Max-Age:
      - '300'
      Cache-Control:
      - no-cache, no-store
      Content-Security-Policy-Report-Only:
      - report-uri https://q.stripe.com/csp-report?p=v1%2Fpayment_methods%2F%3Apayment_method;
        block-all-mixed-content; default-src 'none'; base-uri 'none'; form-action
        'none'; frame-ancestors 'none'; img-src 'self'; script-src 'self' 'report-sample';
        style-src 'self'
      Request-Id:
      - req_Xamrs6pXwBAfBv
      Stripe-Version:
      - '2023-10-16'
      Vary:
      - Origin
      X-Stripe-Routing-Context-Priority-Tier:
      - api-testmode
      Strict-Transport-Security:
      - max-age=63072000; includeSubDomains; preload
    body:
      encoding: UTF-8
      string: |-
        {
          "id": "pm_0O6t3C9e1RjUNIyYdtsfhGSZ",
          "object": "payment_method",
          "billing_details": {
            "address": {
              "city": null,
              "country": null,
              "line1": null,
              "line2": null,
              "postal_code": null,
              "state": null
            },
            "email": null,
            "name": null,
            "phone": null
          },
          "card": {
            "brand": "visa",
            "checks": {
              "address_line1_check": null,
              "address_postal_code_check": null,
              "cvc_check": "unchecked"
            },
            "country": "US",
            "exp_month": 12,
            "exp_year": 2023,
            "fingerprint": "W691J2Ye3VDoq6Ij",
            "funding": "credit",
            "generated_from": null,
            "last4": "4242",
            "networks": {
              "available": [
                "visa"
              ],
              "preferred": null
            },
            "three_d_secure_usage": {
              "supported": true
            },
            "wallet": null
          },
          "created": 1698663030,
          "customer": null,
          "livemode": false,
          "metadata": {},
          "type": "card"
        }
  recorded_at: Fri, 20 Oct 2023 00:00:00 GMT
- request:
    method: post
    uri: https://api.stripe.com/v1/payment_intents
    body:
      encoding: UTF-8
      string: amount=200&currency=usd&description=You+bought+http%3A%2F%2Fedgarfc0b13391.test.gumroad.com%3A31337%2Fl%2Fz&metadata[purchase]=P5ppE6H8XIjy2JSCgUhbAw%3D%3D&transfer_group=2&payment_method_types[0]=card&confirmation_method=manual&confirm=true&off_session=true&payment_method=pm_0O6t3C9e1RjUNIyYdtsfhGSZ&statement_descriptor_suffix=edgarfc0b13391&transfer_data[destination]=acct_1O6t302mVaIb6ai0&transfer_data[amount]=152
    headers:
      User-Agent:
      - Stripe/v1 RubyBindings/10.0.0
      Authorization:
      - Bearer <STRIPE_API_KEY>
      Content-Type:
      - application/x-www-form-urlencoded
      X-Stripe-Client-Telemetry:
      - '{"last_request_metrics":{"request_id":"req_Xamrs6pXwBAfBv","request_duration_ms":409}}'
      Idempotency-Key:
      - 5bd9189f-d27d-491c-91b9-9b8f6b03f5b5
      Stripe-Version:
      - '2023-10-16'
      X-Stripe-Client-User-Agent:
      - '{"bindings_version":"10.0.0","lang":"ruby","lang_version":"3.2.2 p53 (2023-03-30)","platform":"arm64-darwin20","engine":"ruby","publisher":"stripe","uname":"Darwin
        Harbakshs-MacBook-Air.local 20.5.0 Darwin Kernel Version 20.5.0: Sat May  8
        05:10:31 PDT 2021; root:xnu-7195.121.3~9/RELEASE_ARM64_T8101 arm64","hostname":"Harbakshs-MacBook-Air.local"}'
      Accept-Encoding:
      - gzip;q=1.0,deflate;q=0.6,identity;q=0.3
      Accept:
      - "*/*"
  response:
    status:
      code: 200
      message: OK
    headers:
      Server:
      - nginx
      Date:
      - Mon, 30 Oct 2023 10:50:33 GMT
      Content-Type:
      - application/json
      Content-Length:
      - '1535'
      Connection:
      - keep-alive
      Access-Control-Allow-Credentials:
      - 'true'
      Access-Control-Allow-Methods:
      - GET,HEAD,PUT,PATCH,POST,DELETE
      Access-Control-Allow-Origin:
      - "*"
      Access-Control-Expose-Headers:
      - Request-Id, Stripe-Manage-Version, Stripe-Should-Retry, X-Stripe-External-Auth-Required,
        X-Stripe-Privileged-Session-Required
      Access-Control-Max-Age:
      - '300'
      Cache-Control:
      - no-cache, no-store
      Content-Security-Policy-Report-Only:
      - report-uri https://q.stripe.com/csp-report?p=v1%2Fpayment_intents; block-all-mixed-content;
        default-src 'none'; base-uri 'none'; form-action 'none'; frame-ancestors 'none';
        img-src 'self'; script-src 'self' 'report-sample'; style-src 'self'
      Idempotency-Key:
      - 5bd9189f-d27d-491c-91b9-9b8f6b03f5b5
      Original-Request:
      - req_Bt08JWmHBds34R
      Request-Id:
      - req_Bt08JWmHBds34R
      Stripe-Should-Retry:
      - 'false'
      Stripe-Version:
      - '2023-10-16'
      Vary:
      - Origin
      X-Stripe-Routing-Context-Priority-Tier:
      - api-testmode
      Strict-Transport-Security:
      - max-age=63072000; includeSubDomains; preload
    body:
      encoding: UTF-8
      string: |-
        {
          "id": "pi_2O6t3E9e1RjUNIyY059A6MD5",
          "object": "payment_intent",
          "amount": 200,
          "amount_capturable": 0,
          "amount_details": {
            "tip": {}
          },
          "amount_received": 200,
          "application": null,
          "application_fee_amount": null,
          "automatic_payment_methods": null,
          "canceled_at": null,
          "cancellation_reason": null,
          "capture_method": "automatic",
          "client_secret": "pi_2O6t3E9e1RjUNIyY059A6MD5_secret_wcuT4ypCWfJXlEIiblCItogQS",
          "confirmation_method": "manual",
          "created": 1698663032,
          "currency": "usd",
          "customer": null,
          "description": "You bought http://edgarfc0b13391.test.gumroad.com:31337/l/z",
          "invoice": null,
          "last_payment_error": null,
          "latest_charge": "ch_2O6t3E9e1RjUNIyY0BUSeSUC",
          "livemode": false,
          "metadata": {
            "purchase": "P5ppE6H8XIjy2JSCgUhbAw=="
          },
          "next_action": null,
          "on_behalf_of": null,
          "payment_method": "pm_0O6t3C9e1RjUNIyYdtsfhGSZ",
          "payment_method_configuration_details": null,
          "payment_method_options": {
            "card": {
              "installments": null,
              "mandate_options": null,
              "network": null,
              "request_three_d_secure": "automatic"
            }
          },
          "payment_method_types": [
            "card"
          ],
          "processing": null,
          "receipt_email": null,
          "review": null,
          "setup_future_usage": null,
          "shipping": null,
          "source": null,
          "statement_descriptor": null,
          "statement_descriptor_suffix": "edgarfc0b13391",
          "status": "succeeded",
          "transfer_data": {
            "amount": 152,
            "destination": "acct_1O6t302mVaIb6ai0"
          },
          "transfer_group": "2"
        }
  recorded_at: Fri, 20 Oct 2023 00:00:00 GMT
- request:
    method: get
    uri: https://api.stripe.com/v1/charges/ch_2O6t3E9e1RjUNIyY0BUSeSUC?expand%5B%5D=application_fee.balance_transaction&expand%5B%5D=balance_transaction
    body:
      encoding: US-ASCII
      string: ''
    headers:
      User-Agent:
      - Stripe/v1 RubyBindings/10.0.0
      Authorization:
      - Bearer <STRIPE_API_KEY>
      Content-Type:
      - application/x-www-form-urlencoded
      X-Stripe-Client-Telemetry:
      - '{"last_request_metrics":{"request_id":"req_Bt08JWmHBds34R","request_duration_ms":1862}}'
      Stripe-Version:
      - '2023-10-16'
      X-Stripe-Client-User-Agent:
      - '{"bindings_version":"10.0.0","lang":"ruby","lang_version":"3.2.2 p53 (2023-03-30)","platform":"arm64-darwin20","engine":"ruby","publisher":"stripe","uname":"Darwin
        Harbakshs-MacBook-Air.local 20.5.0 Darwin Kernel Version 20.5.0: Sat May  8
        05:10:31 PDT 2021; root:xnu-7195.121.3~9/RELEASE_ARM64_T8101 arm64","hostname":"Harbakshs-MacBook-Air.local"}'
      Accept-Encoding:
      - gzip;q=1.0,deflate;q=0.6,identity;q=0.3
      Accept:
      - "*/*"
  response:
    status:
      code: 200
      message: OK
    headers:
      Server:
      - nginx
      Date:
      - Mon, 30 Oct 2023 10:50:34 GMT
      Content-Type:
      - application/json
      Content-Length:
      - '3589'
      Connection:
      - keep-alive
      Access-Control-Allow-Credentials:
      - 'true'
      Access-Control-Allow-Methods:
      - GET,HEAD,PUT,PATCH,POST,DELETE
      Access-Control-Allow-Origin:
      - "*"
      Access-Control-Expose-Headers:
      - Request-Id, Stripe-Manage-Version, Stripe-Should-Retry, X-Stripe-External-Auth-Required,
        X-Stripe-Privileged-Session-Required
      Access-Control-Max-Age:
      - '300'
      Cache-Control:
      - no-cache, no-store
      Content-Security-Policy-Report-Only:
      - report-uri https://q.stripe.com/csp-report?p=v1%2Fcharges%2F%3Acharge; block-all-mixed-content;
        default-src 'none'; base-uri 'none'; form-action 'none'; frame-ancestors 'none';
        img-src 'self'; script-src 'self' 'report-sample'; style-src 'self'
      Request-Id:
      - req_J1winOHas7cXrd
      Stripe-Version:
      - '2023-10-16'
      Vary:
      - Origin
      X-Stripe-Routing-Context-Priority-Tier:
      - api-testmode
      Strict-Transport-Security:
      - max-age=63072000; includeSubDomains; preload
    body:
      encoding: UTF-8
      string: |-
        {
          "id": "ch_2O6t3E9e1RjUNIyY0BUSeSUC",
          "object": "charge",
          "amount": 200,
          "amount_captured": 200,
          "amount_refunded": 0,
          "amount_updates": [],
          "application": null,
          "application_fee": null,
          "application_fee_amount": null,
          "balance_transaction": {
            "id": "txn_2O6t3E9e1RjUNIyY0CCDNqfM",
            "object": "balance_transaction",
            "amount": 200,
            "available_on": 1698796800,
            "created": 1698663032,
            "currency": "usd",
            "description": "You bought http://edgarfc0b13391.test.gumroad.com:31337/l/z",
            "exchange_rate": null,
            "fee": 15,
            "fee_details": [
              {
                "amount": 15,
                "application": null,
                "currency": "usd",
                "description": "Stripe processing fees",
                "type": "stripe_fee"
              }
            ],
            "net": 185,
            "reporting_category": "charge",
            "source": "ch_2O6t3E9e1RjUNIyY0BUSeSUC",
            "status": "pending",
            "type": "charge"
          },
          "billing_details": {
            "address": {
              "city": null,
              "country": null,
              "line1": null,
              "line2": null,
              "postal_code": null,
              "state": null
            },
            "email": null,
            "name": null,
            "phone": null
          },
          "calculated_statement_descriptor": "GUMRD.COM* EDGARFC0B13",
          "captured": true,
          "created": 1698663032,
          "currency": "usd",
          "customer": null,
          "description": "You bought http://edgarfc0b13391.test.gumroad.com:31337/l/z",
          "destination": "acct_1O6t302mVaIb6ai0",
          "dispute": null,
          "disputed": false,
          "failure_balance_transaction": null,
          "failure_code": null,
          "failure_message": null,
          "fraud_details": {},
          "invoice": null,
          "livemode": false,
          "metadata": {
            "purchase": "P5ppE6H8XIjy2JSCgUhbAw=="
          },
          "on_behalf_of": null,
          "order": null,
          "outcome": {
            "network_status": "approved_by_network",
            "reason": null,
            "risk_level": "normal",
            "risk_score": 42,
            "seller_message": "Payment complete.",
            "type": "authorized"
          },
          "paid": true,
          "payment_intent": "pi_2O6t3E9e1RjUNIyY059A6MD5",
          "payment_method": "pm_0O6t3C9e1RjUNIyYdtsfhGSZ",
          "payment_method_details": {
            "card": {
              "amount_authorized": 200,
              "brand": "visa",
              "checks": {
                "address_line1_check": null,
                "address_postal_code_check": null,
                "cvc_check": "pass"
              },
              "country": "US",
              "exp_month": 12,
              "exp_year": 2023,
              "extended_authorization": {
                "status": "disabled"
              },
              "fingerprint": "W691J2Ye3VDoq6Ij",
              "funding": "credit",
              "incremental_authorization": {
                "status": "unavailable"
              },
              "installments": null,
              "last4": "4242",
              "mandate": null,
              "multicapture": {
                "status": "unavailable"
              },
              "network": "visa",
              "network_token": {
                "used": false
              },
              "overcapture": {
                "maximum_amount_capturable": 200,
                "status": "unavailable"
              },
              "three_d_secure": null,
              "wallet": null
            },
            "type": "card"
          },
          "receipt_email": null,
          "receipt_number": null,
          "receipt_url": "https://pay.stripe.com/receipts/payment/CAcaIgogOWUxUmpVTkl5WUdwQTlDZmgzUm1ReHhUemIxYWFrcEUo-pT-qQYyBi9DQQLj8DosFuwUcqSyQmDOz-oACLFDSgZckcz9ACLbzwUR7jsVViIPwNWShh-Z0yW93oo",
          "refunded": false,
          "review": null,
          "shipping": null,
          "source": null,
          "source_transfer": null,
          "statement_descriptor": null,
          "statement_descriptor_suffix": "edgarfc0b13391",
          "status": "succeeded",
          "transfer": "tr_2O6t3E9e1RjUNIyY0rRJorQQ",
          "transfer_data": {
            "amount": 152,
            "destination": "acct_1O6t302mVaIb6ai0"
          },
          "transfer_group": "2"
        }
  recorded_at: Fri, 20 Oct 2023 00:00:00 GMT
- request:
    method: get
    uri: https://api.stripe.com/v1/transfers/tr_2O6t3E9e1RjUNIyY0rRJorQQ
    body:
      encoding: US-ASCII
      string: ''
    headers:
      User-Agent:
      - Stripe/v1 RubyBindings/10.0.0
      Authorization:
      - Bearer <STRIPE_API_KEY>
      Content-Type:
      - application/x-www-form-urlencoded
      X-Stripe-Client-Telemetry:
      - '{"last_request_metrics":{"request_id":"req_J1winOHas7cXrd","request_duration_ms":845}}'
      Stripe-Version:
      - '2023-10-16'
      X-Stripe-Client-User-Agent:
      - '{"bindings_version":"10.0.0","lang":"ruby","lang_version":"3.2.2 p53 (2023-03-30)","platform":"arm64-darwin20","engine":"ruby","publisher":"stripe","uname":"Darwin
        Harbakshs-MacBook-Air.local 20.5.0 Darwin Kernel Version 20.5.0: Sat May  8
        05:10:31 PDT 2021; root:xnu-7195.121.3~9/RELEASE_ARM64_T8101 arm64","hostname":"Harbakshs-MacBook-Air.local"}'
      Accept-Encoding:
      - gzip;q=1.0,deflate;q=0.6,identity;q=0.3
      Accept:
      - "*/*"
  response:
    status:
      code: 200
      message: OK
    headers:
      Server:
      - nginx
      Date:
      - Mon, 30 Oct 2023 10:50:34 GMT
      Content-Type:
      - application/json
      Content-Length:
      - '665'
      Connection:
      - keep-alive
      Access-Control-Allow-Credentials:
      - 'true'
      Access-Control-Allow-Methods:
      - GET,HEAD,PUT,PATCH,POST,DELETE
      Access-Control-Allow-Origin:
      - "*"
      Access-Control-Expose-Headers:
      - Request-Id, Stripe-Manage-Version, Stripe-Should-Retry, X-Stripe-External-Auth-Required,
        X-Stripe-Privileged-Session-Required
      Access-Control-Max-Age:
      - '300'
      Cache-Control:
      - no-cache, no-store
      Content-Security-Policy-Report-Only:
      - report-uri https://q.stripe.com/csp-report?p=v1%2Ftransfers%2F%3Atransfer;
        block-all-mixed-content; default-src 'none'; base-uri 'none'; form-action
        'none'; frame-ancestors 'none'; img-src 'self'; script-src 'self' 'report-sample';
        style-src 'self'
      Request-Id:
      - req_rLWEQXRFDUlWNT
      Stripe-Version:
      - '2023-10-16'
      Vary:
      - Origin
      X-Stripe-Routing-Context-Priority-Tier:
      - api-testmode
      Strict-Transport-Security:
      - max-age=63072000; includeSubDomains; preload
    body:
      encoding: UTF-8
      string: |-
        {
          "id": "tr_2O6t3E9e1RjUNIyY0rRJorQQ",
          "object": "transfer",
          "amount": 152,
          "amount_reversed": 0,
          "balance_transaction": "txn_2O6t3E9e1RjUNIyY0xvDmoOf",
          "created": 1698663032,
          "currency": "usd",
          "description": null,
          "destination": "acct_1O6t302mVaIb6ai0",
          "destination_payment": "py_1O6t3E2mVaIb6ai0MeMADEkt",
          "livemode": false,
          "metadata": {},
          "reversals": {
            "object": "list",
            "data": [],
            "has_more": false,
            "total_count": 0,
            "url": "/v1/transfers/tr_2O6t3E9e1RjUNIyY0rRJorQQ/reversals"
          },
          "reversed": false,
          "source_transaction": "ch_2O6t3E9e1RjUNIyY0BUSeSUC",
          "source_type": "card",
          "transfer_group": "2"
        }
  recorded_at: Fri, 20 Oct 2023 00:00:00 GMT
- request:
    method: get
    uri: https://api.stripe.com/v1/charges/py_1O6t3E2mVaIb6ai0MeMADEkt?expand%5B%5D=balance_transaction
    body:
      encoding: US-ASCII
      string: ''
    headers:
      User-Agent:
      - Stripe/v1 RubyBindings/10.0.0
      Authorization:
      - Bearer <STRIPE_API_KEY>
      Content-Type:
      - application/x-www-form-urlencoded
      X-Stripe-Client-Telemetry:
      - '{"last_request_metrics":{"request_id":"req_rLWEQXRFDUlWNT","request_duration_ms":323}}'
      Stripe-Version:
      - '2023-10-16'
      X-Stripe-Client-User-Agent:
      - '{"bindings_version":"10.0.0","lang":"ruby","lang_version":"3.2.2 p53 (2023-03-30)","platform":"arm64-darwin20","engine":"ruby","publisher":"stripe","uname":"Darwin
        Harbakshs-MacBook-Air.local 20.5.0 Darwin Kernel Version 20.5.0: Sat May  8
        05:10:31 PDT 2021; root:xnu-7195.121.3~9/RELEASE_ARM64_T8101 arm64","hostname":"Harbakshs-MacBook-Air.local"}'
      Stripe-Account:
      - acct_1O6t302mVaIb6ai0
      Accept-Encoding:
      - gzip;q=1.0,deflate;q=0.6,identity;q=0.3
      Accept:
      - "*/*"
  response:
    status:
      code: 200
      message: OK
    headers:
      Server:
      - nginx
      Date:
      - Mon, 30 Oct 2023 10:50:35 GMT
      Content-Type:
      - application/json
      Content-Length:
      - '2511'
      Connection:
      - keep-alive
      Access-Control-Allow-Credentials:
      - 'true'
      Access-Control-Allow-Methods:
      - GET,HEAD,PUT,PATCH,POST,DELETE
      Access-Control-Allow-Origin:
      - "*"
      Access-Control-Expose-Headers:
      - Request-Id, Stripe-Manage-Version, Stripe-Should-Retry, X-Stripe-External-Auth-Required,
        X-Stripe-Privileged-Session-Required
      Access-Control-Max-Age:
      - '300'
      Cache-Control:
      - no-cache, no-store
      Content-Security-Policy-Report-Only:
      - report-uri https://q.stripe.com/csp-report?p=v1%2Fcharges%2F%3Acharge; block-all-mixed-content;
        default-src 'none'; base-uri 'none'; form-action 'none'; frame-ancestors 'none';
        img-src 'self'; script-src 'self' 'report-sample'; style-src 'self'
      Request-Id:
      - req_HnlZvqiqmZe42W
      Stripe-Account:
      - acct_1O6t302mVaIb6ai0
      Stripe-Version:
      - '2023-10-16'
      Vary:
      - Origin
      X-Stripe-Routing-Context-Priority-Tier:
      - api-testmode
      Strict-Transport-Security:
      - max-age=63072000; includeSubDomains; preload
    body:
      encoding: UTF-8
      string: |-
        {
          "id": "py_1O6t3E2mVaIb6ai0MeMADEkt",
          "object": "charge",
          "amount": 152,
          "amount_captured": 152,
          "amount_refunded": 0,
          "application": "<STRIPE_CONNECT_CLIENT_ID>",
          "application_fee": null,
          "application_fee_amount": null,
          "balance_transaction": {
            "id": "txn_1O6t3F2mVaIb6ai0eNO0hENs",
            "object": "balance_transaction",
            "amount": 152,
            "available_on": 1698796800,
            "created": 1698663032,
            "currency": "usd",
            "description": null,
            "exchange_rate": null,
            "fee": 0,
            "fee_details": [],
            "net": 152,
            "reporting_category": "charge",
            "source": "py_1O6t3E2mVaIb6ai0MeMADEkt",
            "status": "pending",
            "type": "payment"
          },
          "billing_details": {
            "address": {
              "city": null,
              "country": null,
              "line1": null,
              "line2": null,
              "postal_code": null,
              "state": null
            },
            "email": null,
            "name": null,
            "phone": null
          },
          "calculated_statement_descriptor": null,
          "captured": true,
          "created": 1698663032,
          "currency": "usd",
          "customer": null,
          "description": null,
          "destination": null,
          "dispute": null,
          "disputed": false,
          "failure_balance_transaction": null,
          "failure_code": null,
          "failure_message": null,
          "fraud_details": {},
          "invoice": null,
          "livemode": false,
          "metadata": {},
          "on_behalf_of": null,
          "order": null,
          "outcome": null,
          "paid": true,
          "payment_intent": null,
          "payment_method": null,
          "payment_method_details": {
            "stripe_account": {},
            "type": "stripe_account"
          },
          "receipt_email": null,
          "receipt_number": null,
          "receipt_url": "https://pay.stripe.com/receipts/payment/CAcaFwoVYWNjdF8xTzZ0MzAybVZhSWI2YWkwKPuU_qkGMgYOm3DDfqA6LBavQ4onNC5vIlQQ-blxLbYr6s7aSrwGY-xWFi0Si8ooLV4aVz5yqu1xfjUG",
          "refunded": false,
          "review": null,
          "shipping": null,
          "source": {
            "id": "<STRIPE_PLATFORM_ACCOUNT_ID>",
            "object": "account",
            "application_icon": "https://files.stripe.com/links/MDB8OWUxUmpVTkl5WUdwQTlDZmgzUm1ReHhUemIxYWFrcEV8ZmxfbGl2ZV96QURJZllYTVhmQTEwQWswUmg3MlRpOGI00M3h6olFO",
            "application_logo": "https://files.stripe.com/links/MDB8OWUxUmpVTkl5WUdwQTlDZmgzUm1ReHhUemIxYWFrcEV8ZmxfbGl2ZV9WNnByazhHekswejFlUGh3a1M0dnRxZko00eY1DsvrA",
            "application_name": "Gumroad",
            "application_url": "https://gumroad.com"
          },
          "source_transfer": "tr_2O6t3E9e1RjUNIyY0rRJorQQ",
          "statement_descriptor": null,
          "statement_descriptor_suffix": null,
          "status": "succeeded",
          "transfer_data": null,
          "transfer_group": null
        }
  recorded_at: Fri, 20 Oct 2023 00:00:00 GMT
recorded_with: VCR 6.2.0
