---
http_interactions:
- request:
    method: post
    uri: https://api.stripe.com/v1/payment_methods
    body:
      encoding: UTF-8
      string: type=card&card[number]=4242+4242+4242+4242&card[exp_month]=12&card[exp_year]=2023&card[cvc]=123
    headers:
      User-Agent:
      - Stripe/v1 RubyBindings/10.0.0
      Authorization:
      - Bearer <STRIPE_API_KEY>
      Content-Type:
      - application/x-www-form-urlencoded
      X-Stripe-Client-Telemetry:
      - '{"last_request_metrics":{"request_id":"req_S0GaCxr8IzTzh5","request_duration_ms":325}}'
      Idempotency-Key:
      - 33f20af8-5219-4374-8b21-166eb5e38c7a
      Stripe-Version:
      - '2023-10-16'
      X-Stripe-Client-User-Agent:
      - '{"bindings_version":"10.0.0","lang":"ruby","lang_version":"3.2.2 p53 (2023-03-30)","platform":"arm64-darwin20","engine":"ruby","publisher":"stripe","uname":"Darwin
        Harbakshs-MacBook-Air.local 20.5.0 Darwin Kernel Version 20.5.0: Sat May  8
        05:10:31 PDT 2021; root:xnu-7195.121.3~9/RELEASE_ARM64_T8101 arm64","hostname":"Harbakshs-MacBook-Air.local"}'
      Accept-Encoding:
      - gzip;q=1.0,deflate;q=0.6,identity;q=0.3
      Accept:
      - "*/*"
  response:
    status:
      code: 200
      message: OK
    headers:
      Server:
      - nginx
      Date:
      - Mon, 30 Oct 2023 17:55:25 GMT
      Content-Type:
      - application/json
      Content-Length:
      - '931'
      Connection:
      - keep-alive
      Access-Control-Allow-Credentials:
      - 'true'
      Access-Control-Allow-Methods:
      - GET,HEAD,PUT,PATCH,POST,DELETE
      Access-Control-Allow-Origin:
      - "*"
      Access-Control-Expose-Headers:
      - Request-Id, Stripe-Manage-Version, Stripe-Should-Retry, X-Stripe-External-Auth-Required,
        X-Stripe-Privileged-Session-Required
      Access-Control-Max-Age:
      - '300'
      Cache-Control:
      - no-cache, no-store
      Content-Security-Policy-Report-Only:
      - report-uri https://q.stripe.com/csp-report?p=v1%2Fpayment_methods; block-all-mixed-content;
        default-src 'none'; base-uri 'none'; form-action 'none'; frame-ancestors 'none';
        img-src 'self'; script-src 'self' 'report-sample'; style-src 'self'
      Idempotency-Key:
      - 33f20af8-5219-4374-8b21-166eb5e38c7a
      Original-Request:
      - req_QPq15P7u9x7jHE
      Request-Id:
      - req_QPq15P7u9x7jHE
      Stripe-Should-Retry:
      - 'false'
      Stripe-Version:
      - '2023-10-16'
      Vary:
      - Origin
      X-Stripe-Routing-Context-Priority-Tier:
      - api-testmode
      Strict-Transport-Security:
      - max-age=63072000; includeSubDomains; preload
    body:
      encoding: UTF-8
      string: |-
        {
          "id": "pm_0O6zgP9e1RjUNIyYwGkuCOsZ",
          "object": "payment_method",
          "billing_details": {
            "address": {
              "city": null,
              "country": null,
              "line1": null,
              "line2": null,
              "postal_code": null,
              "state": null
            },
            "email": null,
            "name": null,
            "phone": null
          },
          "card": {
            "brand": "visa",
            "checks": {
              "address_line1_check": null,
              "address_postal_code_check": null,
              "cvc_check": "unchecked"
            },
            "country": "US",
            "exp_month": 12,
            "exp_year": 2023,
            "fingerprint": "W691J2Ye3VDoq6Ij",
            "funding": "credit",
            "generated_from": null,
            "last4": "4242",
            "networks": {
              "available": [
                "visa"
              ],
              "preferred": null
            },
            "three_d_secure_usage": {
              "supported": true
            },
            "wallet": null
          },
          "created": 1698688525,
          "customer": null,
          "livemode": false,
          "metadata": {},
          "type": "card"
        }
  recorded_at: Mon, 30 Oct 2023 17:55:25 GMT
- request:
    method: post
    uri: https://api.stripe.com/v1/accounts
    body:
      encoding: UTF-8
      string: country=CA&default_currency=cad&type=custom&business_type=individual&tos_acceptance[date]=1427846400&tos_acceptance[ip]=54.234.242.13&business_profile[url]=www.gumroad.com&business_profile[product_description]=Test+product&business_profile[mcc]=5734&individual[verification][document][front]=file_identity_document_success&individual[dob][day]=1&individual[dob][month]=1&individual[dob][year]=1901&individual[first_name]=Chuck&individual[last_name]=Bartowski&individual[phone]=0000000000&individual[id_number]=000000000&individual[email]=me%40example.com&individual[address][line1]=address_full_match&individual[address][city]=Toronto&individual[address][state]=ON&individual[address][postal_code]=M4C+1T2&individual[address][country]=CA&requested_capabilities[0]=card_payments&requested_capabilities[1]=transfers&external_account[object]=bank_account&external_account[country]=CA&external_account[currency]=cad&external_account[routing_number]=11000-000&external_account[account_number]=000123456789
    headers:
      User-Agent:
      - Stripe/v1 RubyBindings/10.0.0
      Authorization:
      - Bearer <STRIPE_API_KEY>
      Content-Type:
      - application/x-www-form-urlencoded
      X-Stripe-Client-Telemetry:
      - '{"last_request_metrics":{"request_id":"req_QPq15P7u9x7jHE","request_duration_ms":584}}'
      Idempotency-Key:
      - 663f7c6b-3efd-4b3a-a00e-459053d52a6a
      Stripe-Version:
      - '2023-10-16'
      X-Stripe-Client-User-Agent:
      - '{"bindings_version":"10.0.0","lang":"ruby","lang_version":"3.2.2 p53 (2023-03-30)","platform":"arm64-darwin20","engine":"ruby","publisher":"stripe","uname":"Darwin
        Harbakshs-MacBook-Air.local 20.5.0 Darwin Kernel Version 20.5.0: Sat May  8
        05:10:31 PDT 2021; root:xnu-7195.121.3~9/RELEASE_ARM64_T8101 arm64","hostname":"Harbakshs-MacBook-Air.local"}'
      Accept-Encoding:
      - gzip;q=1.0,deflate;q=0.6,identity;q=0.3
      Accept:
      - "*/*"
  response:
    status:
      code: 200
      message: OK
    headers:
      Server:
      - nginx
      Date:
      - Mon, 30 Oct 2023 17:55:29 GMT
      Content-Type:
      - application/json
      Content-Length:
      - '5427'
      Connection:
      - keep-alive
      Access-Control-Allow-Credentials:
      - 'true'
      Access-Control-Allow-Methods:
      - GET,HEAD,PUT,PATCH,POST,DELETE
      Access-Control-Allow-Origin:
      - "*"
      Access-Control-Expose-Headers:
      - Request-Id, Stripe-Manage-Version, Stripe-Should-Retry, X-Stripe-External-Auth-Required,
        X-Stripe-Privileged-Session-Required
      Access-Control-Max-Age:
      - '300'
      Cache-Control:
      - no-cache, no-store
      Content-Security-Policy-Report-Only:
      - report-uri https://q.stripe.com/csp-report?p=v1%2Faccounts; block-all-mixed-content;
        default-src 'none'; base-uri 'none'; form-action 'none'; frame-ancestors 'none';
        img-src 'self'; script-src 'self' 'report-sample'; style-src 'self'
      Idempotency-Key:
      - 663f7c6b-3efd-4b3a-a00e-459053d52a6a
      Original-Request:
      - req_KXcyuSchg1TTDi
      Request-Id:
      - req_KXcyuSchg1TTDi
      Stripe-Should-Retry:
      - 'false'
      Stripe-Version:
      - '2023-10-16'
      Vary:
      - Origin
      X-Stripe-Routing-Context-Priority-Tier:
      - api-testmode
      Strict-Transport-Security:
      - max-age=63072000; includeSubDomains; preload
    body:
      encoding: UTF-8
      string: |-
        {
          "id": "acct_1O6zgQS2mtJV2e9J",
          "object": "account",
          "business_profile": {
            "mcc": "5734",
            "name": null,
            "product_description": "Test product",
            "support_address": null,
            "support_email": null,
            "support_phone": null,
            "support_url": null,
            "url": "www.gumroad.com"
          },
          "business_type": "individual",
          "capabilities": {
            "card_payments": "active",
            "transfers": "active"
          },
          "charges_enabled": true,
          "company": {
            "address": {
              "city": "Toronto",
              "country": "CA",
              "line1": "address_full_match",
              "line2": null,
              "postal_code": "M4C 1T2",
              "state": "ON"
            },
            "directors_provided": true,
            "executives_provided": true,
            "name": null,
            "owners_provided": true,
            "phone": "+10000000000",
            "tax_id_provided": false,
            "verification": {
              "document": {
                "back": null,
                "details": null,
                "details_code": null,
                "front": null
              }
            }
          },
          "country": "CA",
          "created": 1698688527,
          "default_currency": "cad",
          "details_submitted": true,
          "email": null,
          "external_accounts": {
            "object": "list",
            "data": [
              {
                "id": "ba_1O6zgQS2mtJV2e9JXicsRip5",
                "object": "bank_account",
                "account": "acct_1O6zgQS2mtJV2e9J",
                "account_holder_name": null,
                "account_holder_type": null,
                "account_type": null,
                "available_payout_methods": [
                  "standard"
                ],
                "bank_name": "STRIPE TEST BANK",
                "country": "CA",
                "currency": "cad",
                "default_for_currency": true,
                "fingerprint": "bHAdUgrfRKNYlJ4L",
                "future_requirements": {
                  "currently_due": [],
                  "errors": [],
                  "past_due": [],
                  "pending_verification": []
                },
                "last4": "6789",
                "metadata": {},
                "requirements": {
                  "currently_due": [],
                  "errors": [],
                  "past_due": [],
                  "pending_verification": []
                },
                "routing_number": "11000-000",
                "status": "new"
              }
            ],
            "has_more": false,
            "total_count": 1,
            "url": "/v1/accounts/acct_1O6zgQS2mtJV2e9J/external_accounts"
          },
          "future_requirements": {
            "alternatives": [],
            "current_deadline": null,
            "currently_due": [],
            "disabled_reason": null,
            "errors": [],
            "eventually_due": [],
            "past_due": [],
            "pending_verification": []
          },
          "individual": {
            "id": "person_1O6zgQS2mtJV2e9JsHF29zJ7",
            "object": "person",
            "account": "acct_1O6zgQS2mtJV2e9J",
            "address": {
              "city": "Toronto",
              "country": "CA",
              "line1": "address_full_match",
              "line2": null,
              "postal_code": "M4C 1T2",
              "state": "ON"
            },
            "created": 1698688527,
            "dob": {
              "day": 1,
              "month": 1,
              "year": 1901
            },
            "email": "me@example.com",
            "first_name": "Chuck",
            "future_requirements": {
              "alternatives": [],
              "currently_due": [],
              "errors": [],
              "eventually_due": [],
              "past_due": [],
              "pending_verification": []
            },
            "id_number_provided": true,
            "last_name": "Bartowski",
            "metadata": {},
            "phone": "+10000000000",
            "relationship": {
              "director": false,
              "executive": false,
              "legal_guardian": false,
              "owner": false,
              "percent_ownership": null,
              "representative": true,
              "title": null
            },
            "requirements": {
              "alternatives": [],
              "currently_due": [],
              "errors": [],
              "eventually_due": [],
              "past_due": [],
              "pending_verification": []
            },
            "ssn_last_4_provided": true,
            "verification": {
              "additional_document": {
                "back": null,
                "details": null,
                "details_code": null,
                "front": null
              },
              "details": null,
              "details_code": null,
              "document": {
                "back": null,
                "details": null,
                "details_code": null,
                "front": "file_0O6zgQ9e1RjUNIyY2zdZjTY1"
              },
              "status": "pending"
            }
          },
          "metadata": {},
          "payouts_enabled": true,
          "requirements": {
            "alternatives": [],
            "current_deadline": null,
            "currently_due": [],
            "disabled_reason": null,
            "errors": [],
            "eventually_due": [],
            "past_due": [],
            "pending_verification": []
          },
          "settings": {
            "bacs_debit_payments": {},
            "branding": {
              "icon": null,
              "logo": null,
              "primary_color": null,
              "secondary_color": null
            },
            "card_issuing": {
              "tos_acceptance": {
                "date": null,
                "ip": null
              }
            },
            "card_payments": {
              "decline_on": {
                "avs_failure": false,
                "cvc_failure": false
              },
              "statement_descriptor_prefix": "GUMROAD.CO",
              "statement_descriptor_prefix_kana": null,
              "statement_descriptor_prefix_kanji": null
            },
            "dashboard": {
              "display_name": "Gumroad",
              "timezone": "Etc/UTC"
            },
            "payments": {
              "statement_descriptor": "GUMROAD.COM",
              "statement_descriptor_kana": null,
              "statement_descriptor_kanji": null
            },
            "payouts": {
              "debit_negative_balances": false,
              "schedule": {
                "delay_days": 7,
                "interval": "daily"
              },
              "statement_descriptor": null
            },
            "sepa_debit_payments": {}
          },
          "tos_acceptance": {
            "date": 1427846400,
            "ip": "54.234.242.13",
            "user_agent": null
          },
          "type": "custom"
        }
  recorded_at: Mon, 30 Oct 2023 17:55:29 GMT
- request:
    method: get
    uri: https://api.stripe.com/v1/accounts/acct_1O6zgQS2mtJV2e9J
    body:
      encoding: US-ASCII
      string: ''
    headers:
      User-Agent:
      - Stripe/v1 RubyBindings/10.0.0
      Authorization:
      - Bearer <STRIPE_API_KEY>
      Content-Type:
      - application/x-www-form-urlencoded
      X-Stripe-Client-Telemetry:
      - '{"last_request_metrics":{"request_id":"req_KXcyuSchg1TTDi","request_duration_ms":4030}}'
      Stripe-Version:
      - '2023-10-16'
      X-Stripe-Client-User-Agent:
      - '{"bindings_version":"10.0.0","lang":"ruby","lang_version":"3.2.2 p53 (2023-03-30)","platform":"arm64-darwin20","engine":"ruby","publisher":"stripe","uname":"Darwin
        Harbakshs-MacBook-Air.local 20.5.0 Darwin Kernel Version 20.5.0: Sat May  8
        05:10:31 PDT 2021; root:xnu-7195.121.3~9/RELEASE_ARM64_T8101 arm64","hostname":"Harbakshs-MacBook-Air.local"}'
      Accept-Encoding:
      - gzip;q=1.0,deflate;q=0.6,identity;q=0.3
      Accept:
      - "*/*"
  response:
    status:
      code: 200
      message: OK
    headers:
      Server:
      - nginx
      Date:
      - Mon, 30 Oct 2023 17:55:30 GMT
      Content-Type:
      - application/json
      Content-Length:
      - '5427'
      Connection:
      - keep-alive
      Access-Control-Allow-Credentials:
      - 'true'
      Access-Control-Allow-Methods:
      - GET,HEAD,PUT,PATCH,POST,DELETE
      Access-Control-Allow-Origin:
      - "*"
      Access-Control-Expose-Headers:
      - Request-Id, Stripe-Manage-Version, Stripe-Should-Retry, X-Stripe-External-Auth-Required,
        X-Stripe-Privileged-Session-Required
      Access-Control-Max-Age:
      - '300'
      Cache-Control:
      - no-cache, no-store
      Content-Security-Policy-Report-Only:
      - report-uri https://q.stripe.com/csp-report?p=v1%2Faccounts%2F%3Aaccount; block-all-mixed-content;
        default-src 'none'; base-uri 'none'; form-action 'none'; frame-ancestors 'none';
        img-src 'self'; script-src 'self' 'report-sample'; style-src 'self'
      Request-Id:
      - req_Y1IXCkVhQRSgzk
      Stripe-Account:
      - acct_1O6zgQS2mtJV2e9J
      Stripe-Version:
      - '2023-10-16'
      Vary:
      - Origin
      X-Stripe-Routing-Context-Priority-Tier:
      - api-testmode
      Strict-Transport-Security:
      - max-age=63072000; includeSubDomains; preload
    body:
      encoding: UTF-8
      string: |-
        {
          "id": "acct_1O6zgQS2mtJV2e9J",
          "object": "account",
          "business_profile": {
            "mcc": "5734",
            "name": null,
            "product_description": "Test product",
            "support_address": null,
            "support_email": null,
            "support_phone": null,
            "support_url": null,
            "url": "www.gumroad.com"
          },
          "business_type": "individual",
          "capabilities": {
            "card_payments": "active",
            "transfers": "active"
          },
          "charges_enabled": true,
          "company": {
            "address": {
              "city": "Toronto",
              "country": "CA",
              "line1": "address_full_match",
              "line2": null,
              "postal_code": "M4C 1T2",
              "state": "ON"
            },
            "directors_provided": true,
            "executives_provided": true,
            "name": null,
            "owners_provided": true,
            "phone": "+10000000000",
            "tax_id_provided": false,
            "verification": {
              "document": {
                "back": null,
                "details": null,
                "details_code": null,
                "front": null
              }
            }
          },
          "country": "CA",
          "created": 1698688527,
          "default_currency": "cad",
          "details_submitted": true,
          "email": null,
          "external_accounts": {
            "object": "list",
            "data": [
              {
                "id": "ba_1O6zgQS2mtJV2e9JXicsRip5",
                "object": "bank_account",
                "account": "acct_1O6zgQS2mtJV2e9J",
                "account_holder_name": null,
                "account_holder_type": null,
                "account_type": null,
                "available_payout_methods": [
                  "standard"
                ],
                "bank_name": "STRIPE TEST BANK",
                "country": "CA",
                "currency": "cad",
                "default_for_currency": true,
                "fingerprint": "bHAdUgrfRKNYlJ4L",
                "future_requirements": {
                  "currently_due": [],
                  "errors": [],
                  "past_due": [],
                  "pending_verification": []
                },
                "last4": "6789",
                "metadata": {},
                "requirements": {
                  "currently_due": [],
                  "errors": [],
                  "past_due": [],
                  "pending_verification": []
                },
                "routing_number": "11000-000",
                "status": "new"
              }
            ],
            "has_more": false,
            "total_count": 1,
            "url": "/v1/accounts/acct_1O6zgQS2mtJV2e9J/external_accounts"
          },
          "future_requirements": {
            "alternatives": [],
            "current_deadline": null,
            "currently_due": [],
            "disabled_reason": null,
            "errors": [],
            "eventually_due": [],
            "past_due": [],
            "pending_verification": []
          },
          "individual": {
            "id": "person_1O6zgQS2mtJV2e9JsHF29zJ7",
            "object": "person",
            "account": "acct_1O6zgQS2mtJV2e9J",
            "address": {
              "city": "Toronto",
              "country": "CA",
              "line1": "address_full_match",
              "line2": null,
              "postal_code": "M4C 1T2",
              "state": "ON"
            },
            "created": 1698688527,
            "dob": {
              "day": 1,
              "month": 1,
              "year": 1901
            },
            "email": "me@example.com",
            "first_name": "Chuck",
            "future_requirements": {
              "alternatives": [],
              "currently_due": [],
              "errors": [],
              "eventually_due": [],
              "past_due": [],
              "pending_verification": []
            },
            "id_number_provided": true,
            "last_name": "Bartowski",
            "metadata": {},
            "phone": "+10000000000",
            "relationship": {
              "director": false,
              "executive": false,
              "legal_guardian": false,
              "owner": false,
              "percent_ownership": null,
              "representative": true,
              "title": null
            },
            "requirements": {
              "alternatives": [],
              "currently_due": [],
              "errors": [],
              "eventually_due": [],
              "past_due": [],
              "pending_verification": []
            },
            "ssn_last_4_provided": true,
            "verification": {
              "additional_document": {
                "back": null,
                "details": null,
                "details_code": null,
                "front": null
              },
              "details": null,
              "details_code": null,
              "document": {
                "back": null,
                "details": null,
                "details_code": null,
                "front": "file_0O6zgQ9e1RjUNIyY2zdZjTY1"
              },
              "status": "pending"
            }
          },
          "metadata": {},
          "payouts_enabled": true,
          "requirements": {
            "alternatives": [],
            "current_deadline": null,
            "currently_due": [],
            "disabled_reason": null,
            "errors": [],
            "eventually_due": [],
            "past_due": [],
            "pending_verification": []
          },
          "settings": {
            "bacs_debit_payments": {},
            "branding": {
              "icon": null,
              "logo": null,
              "primary_color": null,
              "secondary_color": null
            },
            "card_issuing": {
              "tos_acceptance": {
                "date": null,
                "ip": null
              }
            },
            "card_payments": {
              "decline_on": {
                "avs_failure": false,
                "cvc_failure": false
              },
              "statement_descriptor_prefix": "GUMROAD.CO",
              "statement_descriptor_prefix_kana": null,
              "statement_descriptor_prefix_kanji": null
            },
            "dashboard": {
              "display_name": "Gumroad",
              "timezone": "Etc/UTC"
            },
            "payments": {
              "statement_descriptor": "GUMROAD.COM",
              "statement_descriptor_kana": null,
              "statement_descriptor_kanji": null
            },
            "payouts": {
              "debit_negative_balances": false,
              "schedule": {
                "delay_days": 7,
                "interval": "daily"
              },
              "statement_descriptor": null
            },
            "sepa_debit_payments": {}
          },
          "tos_acceptance": {
            "date": 1427846400,
            "ip": "54.234.242.13",
            "user_agent": null
          },
          "type": "custom"
        }
  recorded_at: Mon, 30 Oct 2023 17:55:30 GMT
- request:
    method: post
    uri: https://api.stripe.com/v1/payment_intents
    body:
      encoding: UTF-8
      string: payment_method=pm_0O6zgP9e1RjUNIyYwGkuCOsZ&confirmation_method=manual&payment_method_types[0]=card&confirm=true&amount=100&currency=usd&transfer_data[destination]=acct_1O6zgQS2mtJV2e9J&transfer_data[amount]=50
    headers:
      User-Agent:
      - Stripe/v1 RubyBindings/10.0.0
      Authorization:
      - Bearer <STRIPE_API_KEY>
      Content-Type:
      - application/x-www-form-urlencoded
      X-Stripe-Client-Telemetry:
      - '{"last_request_metrics":{"request_id":"req_Y1IXCkVhQRSgzk","request_duration_ms":531}}'
      Idempotency-Key:
      - 9ff06704-f585-459e-a94d-889790f2b2e1
      Stripe-Version:
      - '2023-10-16'
      X-Stripe-Client-User-Agent:
      - '{"bindings_version":"10.0.0","lang":"ruby","lang_version":"3.2.2 p53 (2023-03-30)","platform":"arm64-darwin20","engine":"ruby","publisher":"stripe","uname":"Darwin
        Harbakshs-MacBook-Air.local 20.5.0 Darwin Kernel Version 20.5.0: Sat May  8
        05:10:31 PDT 2021; root:xnu-7195.121.3~9/RELEASE_ARM64_T8101 arm64","hostname":"Harbakshs-MacBook-Air.local"}'
      Accept-Encoding:
      - gzip;q=1.0,deflate;q=0.6,identity;q=0.3
      Accept:
      - "*/*"
  response:
    status:
      code: 200
      message: OK
    headers:
      Server:
      - nginx
      Date:
      - Mon, 30 Oct 2023 17:55:32 GMT
      Content-Type:
      - application/json
      Content-Length:
      - '1451'
      Connection:
      - keep-alive
      Access-Control-Allow-Credentials:
      - 'true'
      Access-Control-Allow-Methods:
      - GET,HEAD,PUT,PATCH,POST,DELETE
      Access-Control-Allow-Origin:
      - "*"
      Access-Control-Expose-Headers:
      - Request-Id, Stripe-Manage-Version, Stripe-Should-Retry, X-Stripe-External-Auth-Required,
        X-Stripe-Privileged-Session-Required
      Access-Control-Max-Age:
      - '300'
      Cache-Control:
      - no-cache, no-store
      Content-Security-Policy-Report-Only:
      - report-uri https://q.stripe.com/csp-report?p=v1%2Fpayment_intents; block-all-mixed-content;
        default-src 'none'; base-uri 'none'; form-action 'none'; frame-ancestors 'none';
        img-src 'self'; script-src 'self' 'report-sample'; style-src 'self'
      Idempotency-Key:
      - 9ff06704-f585-459e-a94d-889790f2b2e1
      Original-Request:
      - req_8kjljc8UgvW9zB
      Request-Id:
      - req_8kjljc8UgvW9zB
      Stripe-Should-Retry:
      - 'false'
      Stripe-Version:
      - '2023-10-16'
      Vary:
      - Origin
      X-Stripe-Routing-Context-Priority-Tier:
      - api-testmode
      Strict-Transport-Security:
      - max-age=63072000; includeSubDomains; preload
    body:
      encoding: UTF-8
      string: |-
        {
          "id": "pi_2O6zgU9e1RjUNIyY03sAL4pz",
          "object": "payment_intent",
          "amount": 100,
          "amount_capturable": 0,
          "amount_details": {
            "tip": {}
          },
          "amount_received": 100,
          "application": null,
          "application_fee_amount": null,
          "automatic_payment_methods": null,
          "canceled_at": null,
          "cancellation_reason": null,
          "capture_method": "automatic",
          "client_secret": "pi_2O6zgU9e1RjUNIyY03sAL4pz_secret_mapw33oXwk2ea7P61RInjIzYF",
          "confirmation_method": "manual",
          "created": 1698688530,
          "currency": "usd",
          "customer": null,
          "description": null,
          "invoice": null,
          "last_payment_error": null,
          "latest_charge": "ch_2O6zgU9e1RjUNIyY0bHK5KoP",
          "livemode": false,
          "metadata": {},
          "next_action": null,
          "on_behalf_of": null,
          "payment_method": "pm_0O6zgP9e1RjUNIyYwGkuCOsZ",
          "payment_method_configuration_details": null,
          "payment_method_options": {
            "card": {
              "installments": null,
              "mandate_options": null,
              "network": null,
              "request_three_d_secure": "automatic"
            }
          },
          "payment_method_types": [
            "card"
          ],
          "processing": null,
          "receipt_email": null,
          "review": null,
          "setup_future_usage": null,
          "shipping": null,
          "source": null,
          "statement_descriptor": null,
          "statement_descriptor_suffix": null,
          "status": "succeeded",
          "transfer_data": {
            "amount": 50,
            "destination": "acct_1O6zgQS2mtJV2e9J"
          },
          "transfer_group": "group_pi_2O6zgU9e1RjUNIyY03sAL4pz"
        }
  recorded_at: Mon, 30 Oct 2023 17:55:32 GMT
- request:
    method: get
    uri: https://api.stripe.com/v1/charges/ch_2O6zgU9e1RjUNIyY0bHK5KoP
    body:
      encoding: US-ASCII
      string: ''
    headers:
      User-Agent:
      - Stripe/v1 RubyBindings/10.0.0
      Authorization:
      - Bearer <STRIPE_API_KEY>
      Content-Type:
      - application/x-www-form-urlencoded
      X-Stripe-Client-Telemetry:
      - '{"last_request_metrics":{"request_id":"req_8kjljc8UgvW9zB","request_duration_ms":1948}}'
      Stripe-Version:
      - '2023-10-16'
      X-Stripe-Client-User-Agent:
      - '{"bindings_version":"10.0.0","lang":"ruby","lang_version":"3.2.2 p53 (2023-03-30)","platform":"arm64-darwin20","engine":"ruby","publisher":"stripe","uname":"Darwin
        Harbakshs-MacBook-Air.local 20.5.0 Darwin Kernel Version 20.5.0: Sat May  8
        05:10:31 PDT 2021; root:xnu-7195.121.3~9/RELEASE_ARM64_T8101 arm64","hostname":"Harbakshs-MacBook-Air.local"}'
      Accept-Encoding:
      - gzip;q=1.0,deflate;q=0.6,identity;q=0.3
      Accept:
      - "*/*"
  response:
    status:
      code: 200
      message: OK
    headers:
      Server:
      - nginx
      Date:
      - Mon, 30 Oct 2023 17:55:32 GMT
      Content-Type:
      - application/json
      Content-Length:
      - '2874'
      Connection:
      - keep-alive
      Access-Control-Allow-Credentials:
      - 'true'
      Access-Control-Allow-Methods:
      - GET,HEAD,PUT,PATCH,POST,DELETE
      Access-Control-Allow-Origin:
      - "*"
      Access-Control-Expose-Headers:
      - Request-Id, Stripe-Manage-Version, Stripe-Should-Retry, X-Stripe-External-Auth-Required,
        X-Stripe-Privileged-Session-Required
      Access-Control-Max-Age:
      - '300'
      Cache-Control:
      - no-cache, no-store
      Content-Security-Policy-Report-Only:
      - report-uri https://q.stripe.com/csp-report?p=v1%2Fcharges%2F%3Acharge; block-all-mixed-content;
        default-src 'none'; base-uri 'none'; form-action 'none'; frame-ancestors 'none';
        img-src 'self'; script-src 'self' 'report-sample'; style-src 'self'
      Request-Id:
      - req_D6VjjPY1RRoHMM
      Stripe-Version:
      - '2023-10-16'
      Vary:
      - Origin
      X-Stripe-Routing-Context-Priority-Tier:
      - api-testmode
      Strict-Transport-Security:
      - max-age=63072000; includeSubDomains; preload
    body:
      encoding: UTF-8
      string: |-
        {
          "id": "ch_2O6zgU9e1RjUNIyY0bHK5KoP",
          "object": "charge",
          "amount": 100,
          "amount_captured": 100,
          "amount_refunded": 0,
          "amount_updates": [],
          "application": null,
          "application_fee": null,
          "application_fee_amount": null,
          "balance_transaction": "txn_2O6zgU9e1RjUNIyY0PWFAXx9",
          "billing_details": {
            "address": {
              "city": null,
              "country": null,
              "line1": null,
              "line2": null,
              "postal_code": null,
              "state": null
            },
            "email": null,
            "name": null,
            "phone": null
          },
          "calculated_statement_descriptor": "GUMROAD.COM/C",
          "captured": true,
          "created": 1698688530,
          "currency": "usd",
          "customer": null,
          "description": null,
          "destination": "acct_1O6zgQS2mtJV2e9J",
          "dispute": null,
          "disputed": false,
          "failure_balance_transaction": null,
          "failure_code": null,
          "failure_message": null,
          "fraud_details": {},
          "invoice": null,
          "livemode": false,
          "metadata": {},
          "on_behalf_of": null,
          "order": null,
          "outcome": {
            "network_status": "approved_by_network",
            "reason": null,
            "risk_level": "normal",
            "risk_score": 64,
            "seller_message": "Payment complete.",
            "type": "authorized"
          },
          "paid": true,
          "payment_intent": "pi_2O6zgU9e1RjUNIyY03sAL4pz",
          "payment_method": "pm_0O6zgP9e1RjUNIyYwGkuCOsZ",
          "payment_method_details": {
            "card": {
              "amount_authorized": 100,
              "brand": "visa",
              "checks": {
                "address_line1_check": null,
                "address_postal_code_check": null,
                "cvc_check": "pass"
              },
              "country": "US",
              "exp_month": 12,
              "exp_year": 2023,
              "extended_authorization": {
                "status": "disabled"
              },
              "fingerprint": "W691J2Ye3VDoq6Ij",
              "funding": "credit",
              "incremental_authorization": {
                "status": "unavailable"
              },
              "installments": null,
              "last4": "4242",
              "mandate": null,
              "multicapture": {
                "status": "unavailable"
              },
              "network": "visa",
              "network_token": {
                "used": false
              },
              "overcapture": {
                "maximum_amount_capturable": 100,
                "status": "unavailable"
              },
              "three_d_secure": null,
              "wallet": null
            },
            "type": "card"
          },
          "receipt_email": null,
          "receipt_number": null,
          "receipt_url": "https://pay.stripe.com/receipts/payment/CAcaIgogOWUxUmpVTkl5WUdwQTlDZmgzUm1ReHhUemIxYWFrcEUolNz_qQYyBjAS1ibR3josFnG-j476RK1w0uaqn9fCYuojPiMSZu7TFvSaNHj__qaHMaWODW2757LZ4ZM",
          "refunded": false,
          "review": null,
          "shipping": null,
          "source": null,
          "source_transfer": null,
          "statement_descriptor": null,
          "statement_descriptor_suffix": null,
          "status": "succeeded",
          "transfer": "tr_2O6zgU9e1RjUNIyY0qjEWPNU",
          "transfer_data": {
            "amount": 50,
            "destination": "acct_1O6zgQS2mtJV2e9J"
          },
          "transfer_group": "group_pi_2O6zgU9e1RjUNIyY03sAL4pz"
        }
  recorded_at: Mon, 30 Oct 2023 17:55:32 GMT
- request:
    method: get
    uri: https://api.stripe.com/v1/charges/ch_2O6zgU9e1RjUNIyY0bHK5KoP?expand%5B%5D=application_fee.balance_transaction&expand%5B%5D=balance_transaction
    body:
      encoding: US-ASCII
      string: ''
    headers:
      User-Agent:
      - Stripe/v1 RubyBindings/10.0.0
      Authorization:
      - Bearer <STRIPE_API_KEY>
      Content-Type:
      - application/x-www-form-urlencoded
      X-Stripe-Client-Telemetry:
      - '{"last_request_metrics":{"request_id":"req_D6VjjPY1RRoHMM","request_duration_ms":411}}'
      Stripe-Version:
      - '2023-10-16'
      X-Stripe-Client-User-Agent:
      - '{"bindings_version":"10.0.0","lang":"ruby","lang_version":"3.2.2 p53 (2023-03-30)","platform":"arm64-darwin20","engine":"ruby","publisher":"stripe","uname":"Darwin
        Harbakshs-MacBook-Air.local 20.5.0 Darwin Kernel Version 20.5.0: Sat May  8
        05:10:31 PDT 2021; root:xnu-7195.121.3~9/RELEASE_ARM64_T8101 arm64","hostname":"Harbakshs-MacBook-Air.local"}'
      Accept-Encoding:
      - gzip;q=1.0,deflate;q=0.6,identity;q=0.3
      Accept:
      - "*/*"
  response:
    status:
      code: 200
      message: OK
    headers:
      Server:
      - nginx
      Date:
      - Mon, 30 Oct 2023 17:55:32 GMT
      Content-Type:
      - application/json
      Content-Length:
      - '3438'
      Connection:
      - keep-alive
      Access-Control-Allow-Credentials:
      - 'true'
      Access-Control-Allow-Methods:
      - GET,HEAD,PUT,PATCH,POST,DELETE
      Access-Control-Allow-Origin:
      - "*"
      Access-Control-Expose-Headers:
      - Request-Id, Stripe-Manage-Version, Stripe-Should-Retry, X-Stripe-External-Auth-Required,
        X-Stripe-Privileged-Session-Required
      Access-Control-Max-Age:
      - '300'
      Cache-Control:
      - no-cache, no-store
      Content-Security-Policy-Report-Only:
      - report-uri https://q.stripe.com/csp-report?p=v1%2Fcharges%2F%3Acharge; block-all-mixed-content;
        default-src 'none'; base-uri 'none'; form-action 'none'; frame-ancestors 'none';
        img-src 'self'; script-src 'self' 'report-sample'; style-src 'self'
      Request-Id:
      - req_N9EetALTyBYbp2
      Stripe-Version:
      - '2023-10-16'
      Vary:
      - Origin
      X-Stripe-Routing-Context-Priority-Tier:
      - api-testmode
      Strict-Transport-Security:
      - max-age=63072000; includeSubDomains; preload
    body:
      encoding: UTF-8
      string: |-
        {
          "id": "ch_2O6zgU9e1RjUNIyY0bHK5KoP",
          "object": "charge",
          "amount": 100,
          "amount_captured": 100,
          "amount_refunded": 0,
          "amount_updates": [],
          "application": null,
          "application_fee": null,
          "application_fee_amount": null,
          "balance_transaction": {
            "id": "txn_2O6zgU9e1RjUNIyY0PWFAXx9",
            "object": "balance_transaction",
            "amount": 100,
            "available_on": 1699228800,
            "created": 1698688530,
            "currency": "usd",
            "description": null,
            "exchange_rate": null,
            "fee": 10,
            "fee_details": [
              {
                "amount": 10,
                "application": null,
                "currency": "usd",
                "description": "Stripe processing fees",
                "type": "stripe_fee"
              }
            ],
            "net": 90,
            "reporting_category": "charge",
            "source": "ch_2O6zgU9e1RjUNIyY0bHK5KoP",
            "status": "pending",
            "type": "charge"
          },
          "billing_details": {
            "address": {
              "city": null,
              "country": null,
              "line1": null,
              "line2": null,
              "postal_code": null,
              "state": null
            },
            "email": null,
            "name": null,
            "phone": null
          },
          "calculated_statement_descriptor": "GUMROAD.COM/C",
          "captured": true,
          "created": 1698688530,
          "currency": "usd",
          "customer": null,
          "description": null,
          "destination": "acct_1O6zgQS2mtJV2e9J",
          "dispute": null,
          "disputed": false,
          "failure_balance_transaction": null,
          "failure_code": null,
          "failure_message": null,
          "fraud_details": {},
          "invoice": null,
          "livemode": false,
          "metadata": {},
          "on_behalf_of": null,
          "order": null,
          "outcome": {
            "network_status": "approved_by_network",
            "reason": null,
            "risk_level": "normal",
            "risk_score": 64,
            "seller_message": "Payment complete.",
            "type": "authorized"
          },
          "paid": true,
          "payment_intent": "pi_2O6zgU9e1RjUNIyY03sAL4pz",
          "payment_method": "pm_0O6zgP9e1RjUNIyYwGkuCOsZ",
          "payment_method_details": {
            "card": {
              "amount_authorized": 100,
              "brand": "visa",
              "checks": {
                "address_line1_check": null,
                "address_postal_code_check": null,
                "cvc_check": "pass"
              },
              "country": "US",
              "exp_month": 12,
              "exp_year": 2023,
              "extended_authorization": {
                "status": "disabled"
              },
              "fingerprint": "W691J2Ye3VDoq6Ij",
              "funding": "credit",
              "incremental_authorization": {
                "status": "unavailable"
              },
              "installments": null,
              "last4": "4242",
              "mandate": null,
              "multicapture": {
                "status": "unavailable"
              },
              "network": "visa",
              "network_token": {
                "used": false
              },
              "overcapture": {
                "maximum_amount_capturable": 100,
                "status": "unavailable"
              },
              "three_d_secure": null,
              "wallet": null
            },
            "type": "card"
          },
          "receipt_email": null,
          "receipt_number": null,
          "receipt_url": "https://pay.stripe.com/receipts/payment/CAcaIgogOWUxUmpVTkl5WUdwQTlDZmgzUm1ReHhUemIxYWFrcEUolNz_qQYyBpcmJkSQpzosFhUsbzHcdrIOm4D4zsUVsFw6XFyYzOeKPiVQFFDnjfPON5HRoaCylei7Adc",
          "refunded": false,
          "review": null,
          "shipping": null,
          "source": null,
          "source_transfer": null,
          "statement_descriptor": null,
          "statement_descriptor_suffix": null,
          "status": "succeeded",
          "transfer": "tr_2O6zgU9e1RjUNIyY0qjEWPNU",
          "transfer_data": {
            "amount": 50,
            "destination": "acct_1O6zgQS2mtJV2e9J"
          },
          "transfer_group": "group_pi_2O6zgU9e1RjUNIyY03sAL4pz"
        }
  recorded_at: Mon, 30 Oct 2023 17:55:32 GMT
- request:
    method: get
    uri: https://api.stripe.com/v1/transfers/tr_2O6zgU9e1RjUNIyY0qjEWPNU
    body:
      encoding: US-ASCII
      string: ''
    headers:
      User-Agent:
      - Stripe/v1 RubyBindings/10.0.0
      Authorization:
      - Bearer <STRIPE_API_KEY>
      Content-Type:
      - application/x-www-form-urlencoded
      X-Stripe-Client-Telemetry:
      - '{"last_request_metrics":{"request_id":"req_N9EetALTyBYbp2","request_duration_ms":387}}'
      Stripe-Version:
      - '2023-10-16'
      X-Stripe-Client-User-Agent:
      - '{"bindings_version":"10.0.0","lang":"ruby","lang_version":"3.2.2 p53 (2023-03-30)","platform":"arm64-darwin20","engine":"ruby","publisher":"stripe","uname":"Darwin
        Harbakshs-MacBook-Air.local 20.5.0 Darwin Kernel Version 20.5.0: Sat May  8
        05:10:31 PDT 2021; root:xnu-7195.121.3~9/RELEASE_ARM64_T8101 arm64","hostname":"Harbakshs-MacBook-Air.local"}'
      Accept-Encoding:
      - gzip;q=1.0,deflate;q=0.6,identity;q=0.3
      Accept:
      - "*/*"
  response:
    status:
      code: 200
      message: OK
    headers:
      Server:
      - nginx
      Date:
      - Mon, 30 Oct 2023 17:55:33 GMT
      Content-Type:
      - application/json
      Content-Length:
      - '696'
      Connection:
      - keep-alive
      Access-Control-Allow-Credentials:
      - 'true'
      Access-Control-Allow-Methods:
      - GET,HEAD,PUT,PATCH,POST,DELETE
      Access-Control-Allow-Origin:
      - "*"
      Access-Control-Expose-Headers:
      - Request-Id, Stripe-Manage-Version, Stripe-Should-Retry, X-Stripe-External-Auth-Required,
        X-Stripe-Privileged-Session-Required
      Access-Control-Max-Age:
      - '300'
      Cache-Control:
      - no-cache, no-store
      Content-Security-Policy-Report-Only:
      - report-uri https://q.stripe.com/csp-report?p=v1%2Ftransfers%2F%3Atransfer;
        block-all-mixed-content; default-src 'none'; base-uri 'none'; form-action
        'none'; frame-ancestors 'none'; img-src 'self'; script-src 'self' 'report-sample';
        style-src 'self'
      Request-Id:
      - req_BPaCd3tBjg75UC
      Stripe-Version:
      - '2023-10-16'
      Vary:
      - Origin
      X-Stripe-Routing-Context-Priority-Tier:
      - api-testmode
      Strict-Transport-Security:
      - max-age=63072000; includeSubDomains; preload
    body:
      encoding: UTF-8
      string: |-
        {
          "id": "tr_2O6zgU9e1RjUNIyY0qjEWPNU",
          "object": "transfer",
          "amount": 50,
          "amount_reversed": 0,
          "balance_transaction": "txn_2O6zgU9e1RjUNIyY0Zee3Q58",
          "created": 1698688531,
          "currency": "usd",
          "description": null,
          "destination": "acct_1O6zgQS2mtJV2e9J",
          "destination_payment": "py_1O6zgVS2mtJV2e9JUo3cXzjP",
          "livemode": false,
          "metadata": {},
          "reversals": {
            "object": "list",
            "data": [],
            "has_more": false,
            "total_count": 0,
            "url": "/v1/transfers/tr_2O6zgU9e1RjUNIyY0qjEWPNU/reversals"
          },
          "reversed": false,
          "source_transaction": "ch_2O6zgU9e1RjUNIyY0bHK5KoP",
          "source_type": "card",
          "transfer_group": "group_pi_2O6zgU9e1RjUNIyY03sAL4pz"
        }
  recorded_at: Mon, 30 Oct 2023 17:55:33 GMT
- request:
    method: get
    uri: https://api.stripe.com/v1/charges/py_1O6zgVS2mtJV2e9JUo3cXzjP?expand%5B%5D=application_fee.refunds&expand%5B%5D=balance_transaction&expand%5B%5D=refunds.data.balance_transaction
    body:
      encoding: US-ASCII
      string: ''
    headers:
      User-Agent:
      - Stripe/v1 RubyBindings/10.0.0
      Authorization:
      - Bearer <STRIPE_API_KEY>
      Content-Type:
      - application/x-www-form-urlencoded
      X-Stripe-Client-Telemetry:
      - '{"last_request_metrics":{"request_id":"req_BPaCd3tBjg75UC","request_duration_ms":316}}'
      Stripe-Version:
      - '2023-10-16'
      X-Stripe-Client-User-Agent:
      - '{"bindings_version":"10.0.0","lang":"ruby","lang_version":"3.2.2 p53 (2023-03-30)","platform":"arm64-darwin20","engine":"ruby","publisher":"stripe","uname":"Darwin
        Harbakshs-MacBook-Air.local 20.5.0 Darwin Kernel Version 20.5.0: Sat May  8
        05:10:31 PDT 2021; root:xnu-7195.121.3~9/RELEASE_ARM64_T8101 arm64","hostname":"Harbakshs-MacBook-Air.local"}'
      Stripe-Account:
      - acct_1O6zgQS2mtJV2e9J
      Accept-Encoding:
      - gzip;q=1.0,deflate;q=0.6,identity;q=0.3
      Accept:
      - "*/*"
  response:
    status:
      code: 200
      message: OK
    headers:
      Server:
      - nginx
      Date:
      - Mon, 30 Oct 2023 17:55:33 GMT
      Content-Type:
      - application/json
      Content-Length:
      - '2674'
      Connection:
      - keep-alive
      Access-Control-Allow-Credentials:
      - 'true'
      Access-Control-Allow-Methods:
      - GET,HEAD,PUT,PATCH,POST,DELETE
      Access-Control-Allow-Origin:
      - "*"
      Access-Control-Expose-Headers:
      - Request-Id, Stripe-Manage-Version, Stripe-Should-Retry, X-Stripe-External-Auth-Required,
        X-Stripe-Privileged-Session-Required
      Access-Control-Max-Age:
      - '300'
      Cache-Control:
      - no-cache, no-store
      Content-Security-Policy-Report-Only:
      - report-uri https://q.stripe.com/csp-report?p=v1%2Fcharges%2F%3Acharge; block-all-mixed-content;
        default-src 'none'; base-uri 'none'; form-action 'none'; frame-ancestors 'none';
        img-src 'self'; script-src 'self' 'report-sample'; style-src 'self'
      Request-Id:
      - req_dRTCXYC2iKXewi
      Stripe-Account:
      - acct_1O6zgQS2mtJV2e9J
      Stripe-Version:
      - '2023-10-16'
      Vary:
      - Origin
      X-Stripe-Routing-Context-Priority-Tier:
      - api-testmode
      Strict-Transport-Security:
      - max-age=63072000; includeSubDomains; preload
    body:
      encoding: UTF-8
      string: |-
        {
          "id": "py_1O6zgVS2mtJV2e9JUo3cXzjP",
          "object": "charge",
          "amount": 50,
          "amount_captured": 50,
          "amount_refunded": 0,
          "application": "<STRIPE_CONNECT_CLIENT_ID>",
          "application_fee": null,
          "application_fee_amount": null,
          "balance_transaction": {
            "id": "txn_1O6zgVS2mtJV2e9Jfzpy1hPl",
            "object": "balance_transaction",
            "amount": 68,
            "available_on": 1699228800,
            "created": 1698688531,
            "currency": "cad",
            "description": null,
            "exchange_rate": 1.35576,
            "fee": 0,
            "fee_details": [],
            "net": 68,
            "reporting_category": "charge",
            "source": "py_1O6zgVS2mtJV2e9JUo3cXzjP",
            "status": "pending",
            "type": "payment"
          },
          "billing_details": {
            "address": {
              "city": null,
              "country": null,
              "line1": null,
              "line2": null,
              "postal_code": null,
              "state": null
            },
            "email": null,
            "name": null,
            "phone": null
          },
          "calculated_statement_descriptor": null,
          "captured": true,
          "created": 1698688531,
          "currency": "usd",
          "customer": null,
          "description": null,
          "destination": null,
          "dispute": null,
          "disputed": false,
          "failure_balance_transaction": null,
          "failure_code": null,
          "failure_message": null,
          "fraud_details": {},
          "invoice": null,
          "livemode": false,
          "metadata": {},
          "on_behalf_of": null,
          "order": null,
          "outcome": null,
          "paid": true,
          "payment_intent": null,
          "payment_method": null,
          "payment_method_details": {
            "stripe_account": {},
            "type": "stripe_account"
          },
          "receipt_email": null,
          "receipt_number": null,
          "receipt_url": "https://pay.stripe.com/receipts/payment/CAcaFwoVYWNjdF8xTzZ6Z1FTMm10SlYyZTlKKJXc_6kGMga1fBRhoAY6LBYRV8c0dVWHcy24VP6U4SIBO-E_DbwjOdEZhLckR5J2c8J617IFYAGsrZsW",
          "refunded": false,
          "refunds": {
            "object": "list",
            "data": [],
            "has_more": false,
            "total_count": 0,
            "url": "/v1/charges/py_1O6zgVS2mtJV2e9JUo3cXzjP/refunds"
          },
          "review": null,
          "shipping": null,
          "source": {
            "id": "<STRIPE_PLATFORM_ACCOUNT_ID>",
            "object": "account",
            "application_icon": "https://files.stripe.com/links/MDB8OWUxUmpVTkl5WUdwQTlDZmgzUm1ReHhUemIxYWFrcEV8ZmxfbGl2ZV96QURJZllYTVhmQTEwQWswUmg3MlRpOGI00M3h6olFO",
            "application_logo": "https://files.stripe.com/links/MDB8OWUxUmpVTkl5WUdwQTlDZmgzUm1ReHhUemIxYWFrcEV8ZmxfbGl2ZV9WNnByazhHekswejFlUGh3a1M0dnRxZko00eY1DsvrA",
            "application_name": "Gumroad",
            "application_url": "https://gumroad.com"
          },
          "source_transfer": "tr_2O6zgU9e1RjUNIyY0qjEWPNU",
          "statement_descriptor": null,
          "statement_descriptor_suffix": null,
          "status": "succeeded",
          "transfer_data": null,
          "transfer_group": null
        }
  recorded_at: Mon, 30 Oct 2023 17:55:33 GMT
- request:
    method: get
    uri: https://api.stripe.com/v1/transfers/tr_2O6zgU9e1RjUNIyY0qjEWPNU
    body:
      encoding: US-ASCII
      string: ''
    headers:
      User-Agent:
      - Stripe/v1 RubyBindings/10.0.0
      Authorization:
      - Bearer <STRIPE_API_KEY>
      Content-Type:
      - application/x-www-form-urlencoded
      X-Stripe-Client-Telemetry:
      - '{"last_request_metrics":{"request_id":"req_dRTCXYC2iKXewi","request_duration_ms":383}}'
      Stripe-Version:
      - '2023-10-16'
      X-Stripe-Client-User-Agent:
      - '{"bindings_version":"10.0.0","lang":"ruby","lang_version":"3.2.2 p53 (2023-03-30)","platform":"arm64-darwin20","engine":"ruby","publisher":"stripe","uname":"Darwin
        Harbakshs-MacBook-Air.local 20.5.0 Darwin Kernel Version 20.5.0: Sat May  8
        05:10:31 PDT 2021; root:xnu-7195.121.3~9/RELEASE_ARM64_T8101 arm64","hostname":"Harbakshs-MacBook-Air.local"}'
      Accept-Encoding:
      - gzip;q=1.0,deflate;q=0.6,identity;q=0.3
      Accept:
      - "*/*"
  response:
    status:
      code: 200
      message: OK
    headers:
      Server:
      - nginx
      Date:
      - Mon, 30 Oct 2023 17:55:34 GMT
      Content-Type:
      - application/json
      Content-Length:
      - '696'
      Connection:
      - keep-alive
      Access-Control-Allow-Credentials:
      - 'true'
      Access-Control-Allow-Methods:
      - GET,HEAD,PUT,PATCH,POST,DELETE
      Access-Control-Allow-Origin:
      - "*"
      Access-Control-Expose-Headers:
      - Request-Id, Stripe-Manage-Version, Stripe-Should-Retry, X-Stripe-External-Auth-Required,
        X-Stripe-Privileged-Session-Required
      Access-Control-Max-Age:
      - '300'
      Cache-Control:
      - no-cache, no-store
      Content-Security-Policy-Report-Only:
      - report-uri https://q.stripe.com/csp-report?p=v1%2Ftransfers%2F%3Atransfer;
        block-all-mixed-content; default-src 'none'; base-uri 'none'; form-action
        'none'; frame-ancestors 'none'; img-src 'self'; script-src 'self' 'report-sample';
        style-src 'self'
      Request-Id:
      - req_ucr3MZ0sJCNPGT
      Stripe-Version:
      - '2023-10-16'
      Vary:
      - Origin
      X-Stripe-Routing-Context-Priority-Tier:
      - api-testmode
      Strict-Transport-Security:
      - max-age=63072000; includeSubDomains; preload
    body:
      encoding: UTF-8
      string: |-
        {
          "id": "tr_2O6zgU9e1RjUNIyY0qjEWPNU",
          "object": "transfer",
          "amount": 50,
          "amount_reversed": 0,
          "balance_transaction": "txn_2O6zgU9e1RjUNIyY0Zee3Q58",
          "created": 1698688531,
          "currency": "usd",
          "description": null,
          "destination": "acct_1O6zgQS2mtJV2e9J",
          "destination_payment": "py_1O6zgVS2mtJV2e9JUo3cXzjP",
          "livemode": false,
          "metadata": {},
          "reversals": {
            "object": "list",
            "data": [],
            "has_more": false,
            "total_count": 0,
            "url": "/v1/transfers/tr_2O6zgU9e1RjUNIyY0qjEWPNU/reversals"
          },
          "reversed": false,
          "source_transaction": "ch_2O6zgU9e1RjUNIyY0bHK5KoP",
          "source_type": "card",
          "transfer_group": "group_pi_2O6zgU9e1RjUNIyY03sAL4pz"
        }
  recorded_at: Mon, 30 Oct 2023 17:55:33 GMT
recorded_with: VCR 6.2.0
