---
http_interactions:
- request:
    method: post
    uri: https://api.stripe.com/v1/payment_methods
    body:
      encoding: UTF-8
      string: type=card&card[number]=4000+0000+0000+0002&card[exp_month]=12&card[exp_year]=2023&card[cvc]=123
    headers:
      User-Agent:
      - Stripe/v1 RubyBindings/10.0.0
      Authorization:
      - Bearer <STRIPE_API_KEY>
      Content-Type:
      - application/x-www-form-urlencoded
      X-Stripe-Client-Telemetry:
      - '{"last_request_metrics":{"request_id":"req_Sc9cwMCecLtgWj","request_duration_ms":334}}'
      Idempotency-Key:
      - cfc9ddb9-b823-4edd-986c-3a10c040ca4b
      Stripe-Version:
      - '2023-10-16'
      X-Stripe-Client-User-Agent:
      - '{"bindings_version":"10.0.0","lang":"ruby","lang_version":"3.2.2 p53 (2023-03-30)","platform":"arm64-darwin20","engine":"ruby","publisher":"stripe","uname":"Darwin
        Harbakshs-MacBook-Air.local 20.5.0 Darwin Kernel Version 20.5.0: Sat May  8
        05:10:31 PDT 2021; root:xnu-7195.121.3~9/RELEASE_ARM64_T8101 arm64","hostname":"Harbakshs-MacBook-Air.local"}'
      Accept-Encoding:
      - gzip;q=1.0,deflate;q=0.6,identity;q=0.3
      Accept:
      - "*/*"
  response:
    status:
      code: 200
      message: OK
    headers:
      Server:
      - nginx
      Date:
      - Mon, 30 Oct 2023 11:14:35 GMT
      Content-Type:
      - application/json
      Content-Length:
      - '931'
      Connection:
      - keep-alive
      Access-Control-Allow-Credentials:
      - 'true'
      Access-Control-Allow-Methods:
      - GET,HEAD,PUT,PATCH,POST,DELETE
      Access-Control-Allow-Origin:
      - "*"
      Access-Control-Expose-Headers:
      - Request-Id, Stripe-Manage-Version, Stripe-Should-Retry, X-Stripe-External-Auth-Required,
        X-Stripe-Privileged-Session-Required
      Access-Control-Max-Age:
      - '300'
      Cache-Control:
      - no-cache, no-store
      Content-Security-Policy-Report-Only:
      - report-uri https://q.stripe.com/csp-report?p=v1%2Fpayment_methods; block-all-mixed-content;
        default-src 'none'; base-uri 'none'; form-action 'none'; frame-ancestors 'none';
        img-src 'self'; script-src 'self' 'report-sample'; style-src 'self'
      Idempotency-Key:
      - cfc9ddb9-b823-4edd-986c-3a10c040ca4b
      Original-Request:
      - req_l1e8mlufjqs3Nb
      Request-Id:
      - req_l1e8mlufjqs3Nb
      Stripe-Should-Retry:
      - 'false'
      Stripe-Version:
      - '2023-10-16'
      Vary:
      - Origin
      X-Stripe-Routing-Context-Priority-Tier:
      - api-testmode
      Strict-Transport-Security:
      - max-age=63072000; includeSubDomains; preload
    body:
      encoding: UTF-8
      string: |-
        {
          "id": "pm_0O6tQV9e1RjUNIyYr6EB5TRZ",
          "object": "payment_method",
          "billing_details": {
            "address": {
              "city": null,
              "country": null,
              "line1": null,
              "line2": null,
              "postal_code": null,
              "state": null
            },
            "email": null,
            "name": null,
            "phone": null
          },
          "card": {
            "brand": "visa",
            "checks": {
              "address_line1_check": null,
              "address_postal_code_check": null,
              "cvc_check": "unchecked"
            },
            "country": "US",
            "exp_month": 12,
            "exp_year": 2023,
            "fingerprint": "oiLxi0ZM3Ud9pQDh",
            "funding": "credit",
            "generated_from": null,
            "last4": "0002",
            "networks": {
              "available": [
                "visa"
              ],
              "preferred": null
            },
            "three_d_secure_usage": {
              "supported": true
            },
            "wallet": null
          },
          "created": 1698664475,
          "customer": null,
          "livemode": false,
          "metadata": {},
          "type": "card"
        }
  recorded_at: Mon, 30 Oct 2023 11:14:35 GMT
- request:
    method: get
    uri: https://api.stripe.com/v1/payment_methods/pm_0O6tQV9e1RjUNIyYr6EB5TRZ
    body:
      encoding: US-ASCII
      string: ''
    headers:
      User-Agent:
      - Stripe/v1 RubyBindings/10.0.0
      Authorization:
      - Bearer <STRIPE_API_KEY>
      Content-Type:
      - application/x-www-form-urlencoded
      X-Stripe-Client-Telemetry:
      - '{"last_request_metrics":{"request_id":"req_l1e8mlufjqs3Nb","request_duration_ms":530}}'
      Stripe-Version:
      - '2023-10-16'
      X-Stripe-Client-User-Agent:
      - '{"bindings_version":"10.0.0","lang":"ruby","lang_version":"3.2.2 p53 (2023-03-30)","platform":"arm64-darwin20","engine":"ruby","publisher":"stripe","uname":"Darwin
        Harbakshs-MacBook-Air.local 20.5.0 Darwin Kernel Version 20.5.0: Sat May  8
        05:10:31 PDT 2021; root:xnu-7195.121.3~9/RELEASE_ARM64_T8101 arm64","hostname":"Harbakshs-MacBook-Air.local"}'
      Accept-Encoding:
      - gzip;q=1.0,deflate;q=0.6,identity;q=0.3
      Accept:
      - "*/*"
  response:
    status:
      code: 200
      message: OK
    headers:
      Server:
      - nginx
      Date:
      - Mon, 30 Oct 2023 11:14:36 GMT
      Content-Type:
      - application/json
      Content-Length:
      - '931'
      Connection:
      - keep-alive
      Access-Control-Allow-Credentials:
      - 'true'
      Access-Control-Allow-Methods:
      - GET,HEAD,PUT,PATCH,POST,DELETE
      Access-Control-Allow-Origin:
      - "*"
      Access-Control-Expose-Headers:
      - Request-Id, Stripe-Manage-Version, Stripe-Should-Retry, X-Stripe-External-Auth-Required,
        X-Stripe-Privileged-Session-Required
      Access-Control-Max-Age:
      - '300'
      Cache-Control:
      - no-cache, no-store
      Content-Security-Policy-Report-Only:
      - report-uri https://q.stripe.com/csp-report?p=v1%2Fpayment_methods%2F%3Apayment_method;
        block-all-mixed-content; default-src 'none'; base-uri 'none'; form-action
        'none'; frame-ancestors 'none'; img-src 'self'; script-src 'self' 'report-sample';
        style-src 'self'
      Request-Id:
      - req_Xke0xoqlfW2rWB
      Stripe-Version:
      - '2023-10-16'
      Vary:
      - Origin
      X-Stripe-Routing-Context-Priority-Tier:
      - api-testmode
      Strict-Transport-Security:
      - max-age=63072000; includeSubDomains; preload
    body:
      encoding: UTF-8
      string: |-
        {
          "id": "pm_0O6tQV9e1RjUNIyYr6EB5TRZ",
          "object": "payment_method",
          "billing_details": {
            "address": {
              "city": null,
              "country": null,
              "line1": null,
              "line2": null,
              "postal_code": null,
              "state": null
            },
            "email": null,
            "name": null,
            "phone": null
          },
          "card": {
            "brand": "visa",
            "checks": {
              "address_line1_check": null,
              "address_postal_code_check": null,
              "cvc_check": "unchecked"
            },
            "country": "US",
            "exp_month": 12,
            "exp_year": 2023,
            "fingerprint": "oiLxi0ZM3Ud9pQDh",
            "funding": "credit",
            "generated_from": null,
            "last4": "0002",
            "networks": {
              "available": [
                "visa"
              ],
              "preferred": null
            },
            "three_d_secure_usage": {
              "supported": true
            },
            "wallet": null
          },
          "created": 1698664475,
          "customer": null,
          "livemode": false,
          "metadata": {},
          "type": "card"
        }
  recorded_at: Mon, 30 Oct 2023 11:14:36 GMT
- request:
    method: post
    uri: https://api.stripe.com/v1/payment_intents
    body:
      encoding: UTF-8
      string: amount=3000&currency=usd&description=You+bought+http%3A%2F%2Fedgar740186a6259.test.gumroad.com%3A31337%2Fl%2Fd&metadata[purchase]=wH0NZpkWLPwE9BQSZFez-Q%3D%3D&transfer_group=203&payment_method_types[0]=card&confirmation_method=manual&confirm=true&payment_method=pm_0O6tQV9e1RjUNIyYr6EB5TRZ&statement_descriptor_suffix=edgar740186a6259
    headers:
      User-Agent:
      - Stripe/v1 RubyBindings/10.0.0
      Authorization:
      - Bearer <STRIPE_API_KEY>
      Content-Type:
      - application/x-www-form-urlencoded
      X-Stripe-Client-Telemetry:
      - '{"last_request_metrics":{"request_id":"req_Xke0xoqlfW2rWB","request_duration_ms":343}}'
      Idempotency-Key:
      - 06b5236a-5f00-4983-a75b-91a9ea7777fb
      Stripe-Version:
      - '2023-10-16'
      X-Stripe-Client-User-Agent:
      - '{"bindings_version":"10.0.0","lang":"ruby","lang_version":"3.2.2 p53 (2023-03-30)","platform":"arm64-darwin20","engine":"ruby","publisher":"stripe","uname":"Darwin
        Harbakshs-MacBook-Air.local 20.5.0 Darwin Kernel Version 20.5.0: Sat May  8
        05:10:31 PDT 2021; root:xnu-7195.121.3~9/RELEASE_ARM64_T8101 arm64","hostname":"Harbakshs-MacBook-Air.local"}'
      Accept-Encoding:
      - gzip;q=1.0,deflate;q=0.6,identity;q=0.3
      Accept:
      - "*/*"
  response:
    status:
      code: 402
      message: Payment Required
    headers:
      Server:
      - nginx
      Date:
      - Mon, 30 Oct 2023 11:14:37 GMT
      Content-Type:
      - application/json
      Content-Length:
      - '4832'
      Connection:
      - keep-alive
      Access-Control-Allow-Credentials:
      - 'true'
      Access-Control-Allow-Methods:
      - GET,HEAD,PUT,PATCH,POST,DELETE
      Access-Control-Allow-Origin:
      - "*"
      Access-Control-Expose-Headers:
      - Request-Id, Stripe-Manage-Version, Stripe-Should-Retry, X-Stripe-External-Auth-Required,
        X-Stripe-Privileged-Session-Required
      Access-Control-Max-Age:
      - '300'
      Cache-Control:
      - no-cache, no-store
      Content-Security-Policy-Report-Only:
      - report-uri https://q.stripe.com/csp-report?p=v1%2Fpayment_intents; block-all-mixed-content;
        default-src 'none'; base-uri 'none'; form-action 'none'; frame-ancestors 'none';
        img-src 'self'; script-src 'self' 'report-sample'; style-src 'self'
      Idempotency-Key:
      - 06b5236a-5f00-4983-a75b-91a9ea7777fb
      Original-Request:
      - req_nAvgcTaFIigllm
      Request-Id:
      - req_nAvgcTaFIigllm
      Stripe-Should-Retry:
      - 'false'
      Stripe-Version:
      - '2023-10-16'
      Vary:
      - Origin
      X-Stripe-Routing-Context-Priority-Tier:
      - api-testmode
      Strict-Transport-Security:
      - max-age=63072000; includeSubDomains; preload
    body:
      encoding: UTF-8
      string: |
        {
          "error": {
            "charge": "ch_2O6tQW9e1RjUNIyY1BHPA7li",
            "code": "card_declined",
            "decline_code": "generic_decline",
            "doc_url": "https://stripe.com/docs/error-codes/card-declined",
            "message": "Your card was declined.",
            "payment_intent": {
              "id": "pi_2O6tQW9e1RjUNIyY166eQtji",
              "object": "payment_intent",
              "amount": 3000,
              "amount_capturable": 0,
              "amount_details": {
                "tip": {
                }
              },
              "amount_received": 0,
              "application": null,
              "application_fee_amount": null,
              "automatic_payment_methods": null,
              "canceled_at": null,
              "cancellation_reason": null,
              "capture_method": "automatic",
              "client_secret": "pi_2O6tQW9e1RjUNIyY166eQtji_secret_bNbeJVb7bhQ6nu1uymSx53NG4",
              "confirmation_method": "manual",
              "created": 1698664476,
              "currency": "usd",
              "customer": null,
              "description": "You bought http://edgar740186a6259.test.gumroad.com:31337/l/d",
              "invoice": null,
              "last_payment_error": {
                "charge": "ch_2O6tQW9e1RjUNIyY1BHPA7li",
                "code": "card_declined",
                "decline_code": "generic_decline",
                "doc_url": "https://stripe.com/docs/error-codes/card-declined",
                "message": "Your card was declined.",
                "payment_method": {
                  "id": "pm_0O6tQV9e1RjUNIyYr6EB5TRZ",
                  "object": "payment_method",
                  "billing_details": {
                    "address": {
                      "city": null,
                      "country": null,
                      "line1": null,
                      "line2": null,
                      "postal_code": null,
                      "state": null
                    },
                    "email": null,
                    "name": null,
                    "phone": null
                  },
                  "card": {
                    "brand": "visa",
                    "checks": {
                      "address_line1_check": null,
                      "address_postal_code_check": null,
                      "cvc_check": "pass"
                    },
                    "country": "US",
                    "exp_month": 12,
                    "exp_year": 2023,
                    "fingerprint": "oiLxi0ZM3Ud9pQDh",
                    "funding": "credit",
                    "generated_from": null,
                    "last4": "0002",
                    "networks": {
                      "available": [
                        "visa"
                      ],
                      "preferred": null
                    },
                    "three_d_secure_usage": {
                      "supported": true
                    },
                    "wallet": null
                  },
                  "created": 1698664475,
                  "customer": null,
                  "livemode": false,
                  "metadata": {
                  },
                  "type": "card"
                },
                "type": "card_error"
              },
              "latest_charge": "ch_2O6tQW9e1RjUNIyY1BHPA7li",
              "livemode": false,
              "metadata": {
                "purchase": "wH0NZpkWLPwE9BQSZFez-Q=="
              },
              "next_action": null,
              "on_behalf_of": null,
              "payment_method": null,
              "payment_method_configuration_details": null,
              "payment_method_options": {
                "card": {
                  "installments": null,
                  "mandate_options": null,
                  "network": null,
                  "request_three_d_secure": "automatic"
                }
              },
              "payment_method_types": [
                "card"
              ],
              "processing": null,
              "receipt_email": null,
              "review": null,
              "setup_future_usage": null,
              "shipping": null,
              "source": null,
              "statement_descriptor": null,
              "statement_descriptor_suffix": "edgar740186a6259",
              "status": "requires_payment_method",
              "transfer_data": null,
              "transfer_group": "203"
            },
            "payment_method": {
              "id": "pm_0O6tQV9e1RjUNIyYr6EB5TRZ",
              "object": "payment_method",
              "billing_details": {
                "address": {
                  "city": null,
                  "country": null,
                  "line1": null,
                  "line2": null,
                  "postal_code": null,
                  "state": null
                },
                "email": null,
                "name": null,
                "phone": null
              },
              "card": {
                "brand": "visa",
                "checks": {
                  "address_line1_check": null,
                  "address_postal_code_check": null,
                  "cvc_check": "pass"
                },
                "country": "US",
                "exp_month": 12,
                "exp_year": 2023,
                "fingerprint": "oiLxi0ZM3Ud9pQDh",
                "funding": "credit",
                "generated_from": null,
                "last4": "0002",
                "networks": {
                  "available": [
                    "visa"
                  ],
                  "preferred": null
                },
                "three_d_secure_usage": {
                  "supported": true
                },
                "wallet": null
              },
              "created": 1698664475,
              "customer": null,
              "livemode": false,
              "metadata": {
              },
              "type": "card"
            },
            "request_log_url": "https://dashboard.stripe.com/test/logs/req_nAvgcTaFIigllm?t=1698664476",
            "type": "card_error"
          }
        }
  recorded_at: Mon, 30 Oct 2023 11:14:37 GMT
recorded_with: VCR 6.2.0
