---
http_interactions:
- request:
    method: post
    uri: https://api.stripe.com/v1/payment_methods
    body:
      encoding: UTF-8
      string: type=card&card[number]=4242+4242+4242+4242&card[exp_month]=12&card[exp_year]=2023&card[cvc]=123
    headers:
      User-Agent:
      - Stripe/v1 RubyBindings/10.4.0
      Authorization:
      - Bearer <STRIPE_API_KEY>
      Content-Type:
      - application/x-www-form-urlencoded
      X-Stripe-Client-Telemetry:
      - '{"last_request_metrics":{"request_id":"req_grY6t4G3H6fEkD","request_duration_ms":997}}'
      Idempotency-Key:
      - 541549c6-a72f-4ce9-bbc1-bb646a56b4b8
      Stripe-Version:
      - '2023-10-16'
      X-Stripe-Client-User-Agent:
      - '{"bindings_version":"10.4.0","lang":"ruby","lang_version":"3.2.2 p53 (2023-03-30)","platform":"arm64-darwin20","engine":"ruby","publisher":"stripe","uname":"Darwin
        Harbakshs-MacBook-Air.local 20.5.0 Darwin Kernel Version 20.5.0: Sat May  8
        05:10:31 PDT 2021; root:xnu-7195.121.3~9/RELEASE_ARM64_T8101 arm64","hostname":"Harbakshs-MacBook-Air.local"}'
      Accept-Encoding:
      - gzip;q=1.0,deflate;q=0.6,identity;q=0.3
      Accept:
      - "*/*"
  response:
    status:
      code: 200
      message: OK
    headers:
      Server:
      - nginx
      Date:
      - Fri, 29 Dec 2023 12:53:23 GMT
      Content-Type:
      - application/json
      Content-Length:
      - '931'
      Connection:
      - keep-alive
      Access-Control-Allow-Credentials:
      - 'true'
      Access-Control-Allow-Methods:
      - GET,HEAD,PUT,PATCH,POST,DELETE
      Access-Control-Allow-Origin:
      - "*"
      Access-Control-Expose-Headers:
      - Request-Id, Stripe-Manage-Version, Stripe-Should-Retry, X-Stripe-External-Auth-Required,
        X-Stripe-Privileged-Session-Required
      Access-Control-Max-Age:
      - '300'
      Cache-Control:
      - no-cache, no-store
      Content-Security-Policy:
      - report-uri https://q.stripe.com/csp-report?p=v1%2Fpayment_methods; block-all-mixed-content;
        default-src 'none'; base-uri 'none'; form-action 'none'; frame-ancestors 'none';
        img-src 'self'; script-src 'self' 'report-sample'; style-src 'self'
      Idempotency-Key:
      - 541549c6-a72f-4ce9-bbc1-bb646a56b4b8
      Original-Request:
      - req_b3eNZJM5UzcZ8O
      Request-Id:
      - req_b3eNZJM5UzcZ8O
      Stripe-Should-Retry:
      - 'false'
      Stripe-Version:
      - '2023-10-16'
      Vary:
      - Origin
      X-Stripe-Routing-Context-Priority-Tier:
      - api-testmode
      Strict-Transport-Security:
      - max-age=63072000; includeSubDomains; preload
    body:
      encoding: UTF-8
      string: |-
        {
          "id": "pm_0OSfZ09e1RjUNIyYN3Yq0K1i",
          "object": "payment_method",
          "billing_details": {
            "address": {
              "city": null,
              "country": null,
              "line1": null,
              "line2": null,
              "postal_code": null,
              "state": null
            },
            "email": null,
            "name": null,
            "phone": null
          },
          "card": {
            "brand": "visa",
            "checks": {
              "address_line1_check": null,
              "address_postal_code_check": null,
              "cvc_check": "unchecked"
            },
            "country": "US",
            "exp_month": 12,
            "exp_year": 2023,
            "fingerprint": "W691J2Ye3VDoq6Ij",
            "funding": "credit",
            "generated_from": null,
            "last4": "4242",
            "networks": {
              "available": [
                "visa"
              ],
              "preferred": null
            },
            "three_d_secure_usage": {
              "supported": true
            },
            "wallet": null
          },
          "created": 1703854403,
          "customer": null,
          "livemode": false,
          "metadata": {},
          "type": "card"
        }
  recorded_at: Fri, 29 Dec 2023 12:53:23 GMT
- request:
    method: get
    uri: https://api.stripe.com/v1/payment_methods/pm_0OSfZ09e1RjUNIyYN3Yq0K1i
    body:
      encoding: US-ASCII
      string: ''
    headers:
      User-Agent:
      - Stripe/v1 RubyBindings/10.4.0
      Authorization:
      - Bearer <STRIPE_API_KEY>
      Content-Type:
      - application/x-www-form-urlencoded
      X-Stripe-Client-Telemetry:
      - '{"last_request_metrics":{"request_id":"req_b3eNZJM5UzcZ8O","request_duration_ms":488}}'
      Stripe-Version:
      - '2023-10-16'
      X-Stripe-Client-User-Agent:
      - '{"bindings_version":"10.4.0","lang":"ruby","lang_version":"3.2.2 p53 (2023-03-30)","platform":"arm64-darwin20","engine":"ruby","publisher":"stripe","uname":"Darwin
        Harbakshs-MacBook-Air.local 20.5.0 Darwin Kernel Version 20.5.0: Sat May  8
        05:10:31 PDT 2021; root:xnu-7195.121.3~9/RELEASE_ARM64_T8101 arm64","hostname":"Harbakshs-MacBook-Air.local"}'
      Accept-Encoding:
      - gzip;q=1.0,deflate;q=0.6,identity;q=0.3
      Accept:
      - "*/*"
  response:
    status:
      code: 200
      message: OK
    headers:
      Server:
      - nginx
      Date:
      - Fri, 29 Dec 2023 12:53:23 GMT
      Content-Type:
      - application/json
      Content-Length:
      - '931'
      Connection:
      - keep-alive
      Access-Control-Allow-Credentials:
      - 'true'
      Access-Control-Allow-Methods:
      - GET,HEAD,PUT,PATCH,POST,DELETE
      Access-Control-Allow-Origin:
      - "*"
      Access-Control-Expose-Headers:
      - Request-Id, Stripe-Manage-Version, Stripe-Should-Retry, X-Stripe-External-Auth-Required,
        X-Stripe-Privileged-Session-Required
      Access-Control-Max-Age:
      - '300'
      Cache-Control:
      - no-cache, no-store
      Content-Security-Policy:
      - report-uri https://q.stripe.com/csp-report?p=v1%2Fpayment_methods%2F%3Apayment_method;
        block-all-mixed-content; default-src 'none'; base-uri 'none'; form-action
        'none'; frame-ancestors 'none'; img-src 'self'; script-src 'self' 'report-sample';
        style-src 'self'
      Request-Id:
      - req_YTODEH21xzvmmX
      Stripe-Version:
      - '2023-10-16'
      Vary:
      - Origin
      X-Stripe-Routing-Context-Priority-Tier:
      - api-testmode
      Strict-Transport-Security:
      - max-age=63072000; includeSubDomains; preload
    body:
      encoding: UTF-8
      string: |-
        {
          "id": "pm_0OSfZ09e1RjUNIyYN3Yq0K1i",
          "object": "payment_method",
          "billing_details": {
            "address": {
              "city": null,
              "country": null,
              "line1": null,
              "line2": null,
              "postal_code": null,
              "state": null
            },
            "email": null,
            "name": null,
            "phone": null
          },
          "card": {
            "brand": "visa",
            "checks": {
              "address_line1_check": null,
              "address_postal_code_check": null,
              "cvc_check": "unchecked"
            },
            "country": "US",
            "exp_month": 12,
            "exp_year": 2023,
            "fingerprint": "W691J2Ye3VDoq6Ij",
            "funding": "credit",
            "generated_from": null,
            "last4": "4242",
            "networks": {
              "available": [
                "visa"
              ],
              "preferred": null
            },
            "three_d_secure_usage": {
              "supported": true
            },
            "wallet": null
          },
          "created": 1703854403,
          "customer": null,
          "livemode": false,
          "metadata": {},
          "type": "card"
        }
  recorded_at: Fri, 29 Dec 2023 12:53:23 GMT
- request:
    method: post
    uri: https://api.stripe.com/v1/customers
    body:
      encoding: UTF-8
      string: description=493&email=edgarfc4bf820_990%40gumroad.com&payment_method=pm_0OSfZ09e1RjUNIyYN3Yq0K1i
    headers:
      User-Agent:
      - Stripe/v1 RubyBindings/10.4.0
      Authorization:
      - Bearer <STRIPE_API_KEY>
      Content-Type:
      - application/x-www-form-urlencoded
      X-Stripe-Client-Telemetry:
      - '{"last_request_metrics":{"request_id":"req_YTODEH21xzvmmX","request_duration_ms":331}}'
      Idempotency-Key:
      - d30d212d-6093-4488-83c8-2a17c8fc821b
      Stripe-Version:
      - '2023-10-16'
      X-Stripe-Client-User-Agent:
      - '{"bindings_version":"10.4.0","lang":"ruby","lang_version":"3.2.2 p53 (2023-03-30)","platform":"arm64-darwin20","engine":"ruby","publisher":"stripe","uname":"Darwin
        Harbakshs-MacBook-Air.local 20.5.0 Darwin Kernel Version 20.5.0: Sat May  8
        05:10:31 PDT 2021; root:xnu-7195.121.3~9/RELEASE_ARM64_T8101 arm64","hostname":"Harbakshs-MacBook-Air.local"}'
      Accept-Encoding:
      - gzip;q=1.0,deflate;q=0.6,identity;q=0.3
      Accept:
      - "*/*"
  response:
    status:
      code: 200
      message: OK
    headers:
      Server:
      - nginx
      Date:
      - Fri, 29 Dec 2023 12:53:24 GMT
      Content-Type:
      - application/json
      Content-Length:
      - '642'
      Connection:
      - keep-alive
      Access-Control-Allow-Credentials:
      - 'true'
      Access-Control-Allow-Methods:
      - GET,HEAD,PUT,PATCH,POST,DELETE
      Access-Control-Allow-Origin:
      - "*"
      Access-Control-Expose-Headers:
      - Request-Id, Stripe-Manage-Version, Stripe-Should-Retry, X-Stripe-External-Auth-Required,
        X-Stripe-Privileged-Session-Required
      Access-Control-Max-Age:
      - '300'
      Cache-Control:
      - no-cache, no-store
      Content-Security-Policy:
      - report-uri https://q.stripe.com/csp-report?p=v1%2Fcustomers; block-all-mixed-content;
        default-src 'none'; base-uri 'none'; form-action 'none'; frame-ancestors 'none';
        img-src 'self'; script-src 'self' 'report-sample'; style-src 'self'
      Idempotency-Key:
      - d30d212d-6093-4488-83c8-2a17c8fc821b
      Original-Request:
      - req_BuuWW5FfHuF78z
      Request-Id:
      - req_BuuWW5FfHuF78z
      Stripe-Should-Retry:
      - 'false'
      Stripe-Version:
      - '2023-10-16'
      Vary:
      - Origin
      X-Stripe-Routing-Context-Priority-Tier:
      - api-testmode
      Strict-Transport-Security:
      - max-age=63072000; includeSubDomains; preload
    body:
      encoding: UTF-8
      string: |-
        {
          "id": "cus_PHE1Guim1LNGcS",
          "object": "customer",
          "address": null,
          "balance": 0,
          "created": 1703854403,
          "currency": null,
          "default_source": null,
          "delinquent": false,
          "description": "493",
          "discount": null,
          "email": "edgarfc4bf820_990@gumroad.com",
          "invoice_prefix": "2BF821A2",
          "invoice_settings": {
            "custom_fields": null,
            "default_payment_method": null,
            "footer": null,
            "rendering_options": null
          },
          "livemode": false,
          "metadata": {},
          "name": null,
          "next_invoice_sequence": 1,
          "phone": null,
          "preferred_locales": [],
          "shipping": null,
          "tax_exempt": "none",
          "test_clock": null
        }
  recorded_at: Fri, 29 Dec 2023 12:53:24 GMT
- request:
    method: post
    uri: https://api.stripe.com/v1/payment_intents
    body:
      encoding: UTF-8
      string: amount=599&currency=usd&description=You+bought+http%3A%2F%2Fedgarf1ad848c357.test.gumroad.com%3A31337%2Fl%2Fe&metadata[purchase]=c7UXbygNdqnD7YkH0fftfQ%3D%3D&transfer_group=409&payment_method_types[0]=card&off_session=true&confirm=true&customer=cus_PHE1Guim1LNGcS&payment_method=pm_0OSfZ09e1RjUNIyYN3Yq0K1i&statement_descriptor_suffix=edgarf1ad848c357
    headers:
      User-Agent:
      - Stripe/v1 RubyBindings/10.4.0
      Authorization:
      - Bearer <STRIPE_API_KEY>
      Content-Type:
      - application/x-www-form-urlencoded
      X-Stripe-Client-Telemetry:
      - '{"last_request_metrics":{"request_id":"req_BuuWW5FfHuF78z","request_duration_ms":791}}'
      Idempotency-Key:
      - 15326189-d6bf-45e3-9854-318682ac83c2
      Stripe-Version:
      - '2023-10-16'
      X-Stripe-Client-User-Agent:
      - '{"bindings_version":"10.4.0","lang":"ruby","lang_version":"3.2.2 p53 (2023-03-30)","platform":"arm64-darwin20","engine":"ruby","publisher":"stripe","uname":"Darwin
        Harbakshs-MacBook-Air.local 20.5.0 Darwin Kernel Version 20.5.0: Sat May  8
        05:10:31 PDT 2021; root:xnu-7195.121.3~9/RELEASE_ARM64_T8101 arm64","hostname":"Harbakshs-MacBook-Air.local"}'
      Accept-Encoding:
      - gzip;q=1.0,deflate;q=0.6,identity;q=0.3
      Accept:
      - "*/*"
  response:
    status:
      code: 200
      message: OK
    headers:
      Server:
      - nginx
      Date:
      - Fri, 29 Dec 2023 12:53:26 GMT
      Content-Type:
      - application/json
      Content-Length:
      - '1497'
      Connection:
      - keep-alive
      Access-Control-Allow-Credentials:
      - 'true'
      Access-Control-Allow-Methods:
      - GET,HEAD,PUT,PATCH,POST,DELETE
      Access-Control-Allow-Origin:
      - "*"
      Access-Control-Expose-Headers:
      - Request-Id, Stripe-Manage-Version, Stripe-Should-Retry, X-Stripe-External-Auth-Required,
        X-Stripe-Privileged-Session-Required
      Access-Control-Max-Age:
      - '300'
      Cache-Control:
      - no-cache, no-store
      Content-Security-Policy:
      - report-uri https://q.stripe.com/csp-report?p=v1%2Fpayment_intents; block-all-mixed-content;
        default-src 'none'; base-uri 'none'; form-action 'none'; frame-ancestors 'none';
        img-src 'self'; script-src 'self' 'report-sample'; style-src 'self'
      Idempotency-Key:
      - 15326189-d6bf-45e3-9854-318682ac83c2
      Original-Request:
      - req_Jd9Er4DFyOily0
      Request-Id:
      - req_Jd9Er4DFyOily0
      Stripe-Should-Retry:
      - 'false'
      Stripe-Version:
      - '2023-10-16'
      Vary:
      - Origin
      X-Stripe-Routing-Context-Priority-Tier:
      - api-testmode
      Strict-Transport-Security:
      - max-age=63072000; includeSubDomains; preload
    body:
      encoding: UTF-8
      string: |-
        {
          "id": "pi_2OSfZ39e1RjUNIyY0c0qciTt",
          "object": "payment_intent",
          "amount": 599,
          "amount_capturable": 0,
          "amount_details": {
            "tip": {}
          },
          "amount_received": 599,
          "application": null,
          "application_fee_amount": null,
          "automatic_payment_methods": null,
          "canceled_at": null,
          "cancellation_reason": null,
          "capture_method": "automatic",
          "client_secret": "pi_2OSfZ39e1RjUNIyY0c0qciTt_secret_BAoSq4pxog53H5EmjyM0pS9nQ",
          "confirmation_method": "automatic",
          "created": 1703854405,
          "currency": "usd",
          "customer": "cus_PHE1Guim1LNGcS",
          "description": "You bought http://edgarf1ad848c357.test.gumroad.com:31337/l/e",
          "invoice": null,
          "last_payment_error": null,
          "latest_charge": "ch_2OSfZ39e1RjUNIyY0hXUJIUE",
          "livemode": false,
          "metadata": {
            "purchase": "c7UXbygNdqnD7YkH0fftfQ=="
          },
          "next_action": null,
          "on_behalf_of": null,
          "payment_method": "pm_0OSfZ09e1RjUNIyYN3Yq0K1i",
          "payment_method_configuration_details": null,
          "payment_method_options": {
            "card": {
              "installments": null,
              "mandate_options": null,
              "network": null,
              "request_three_d_secure": "automatic"
            }
          },
          "payment_method_types": [
            "card"
          ],
          "processing": null,
          "receipt_email": null,
          "review": null,
          "setup_future_usage": null,
          "shipping": null,
          "source": null,
          "statement_descriptor": null,
          "statement_descriptor_suffix": "edgarf1ad848c357",
          "status": "succeeded",
          "transfer_data": null,
          "transfer_group": "409"
        }
  recorded_at: Wed, 01 Apr 2020 00:00:00 GMT
- request:
    method: get
    uri: https://api.stripe.com/v1/charges/ch_2OSfZ39e1RjUNIyY0hXUJIUE?expand%5B%5D=application_fee.balance_transaction&expand%5B%5D=balance_transaction
    body:
      encoding: US-ASCII
      string: ''
    headers:
      User-Agent:
      - Stripe/v1 RubyBindings/10.4.0
      Authorization:
      - Bearer <STRIPE_API_KEY>
      Content-Type:
      - application/x-www-form-urlencoded
      X-Stripe-Client-Telemetry:
      - '{"last_request_metrics":{"request_id":"req_Jd9Er4DFyOily0","request_duration_ms":1325}}'
      Stripe-Version:
      - '2023-10-16'
      X-Stripe-Client-User-Agent:
      - '{"bindings_version":"10.4.0","lang":"ruby","lang_version":"3.2.2 p53 (2023-03-30)","platform":"arm64-darwin20","engine":"ruby","publisher":"stripe","uname":"Darwin
        Harbakshs-MacBook-Air.local 20.5.0 Darwin Kernel Version 20.5.0: Sat May  8
        05:10:31 PDT 2021; root:xnu-7195.121.3~9/RELEASE_ARM64_T8101 arm64","hostname":"Harbakshs-MacBook-Air.local"}'
      Accept-Encoding:
      - gzip;q=1.0,deflate;q=0.6,identity;q=0.3
      Accept:
      - "*/*"
  response:
    status:
      code: 200
      message: OK
    headers:
      Server:
      - nginx
      Date:
      - Fri, 29 Dec 2023 12:53:27 GMT
      Content-Type:
      - application/json
      Content-Length:
      - '3509'
      Connection:
      - keep-alive
      Access-Control-Allow-Credentials:
      - 'true'
      Access-Control-Allow-Methods:
      - GET,HEAD,PUT,PATCH,POST,DELETE
      Access-Control-Allow-Origin:
      - "*"
      Access-Control-Expose-Headers:
      - Request-Id, Stripe-Manage-Version, Stripe-Should-Retry, X-Stripe-External-Auth-Required,
        X-Stripe-Privileged-Session-Required
      Access-Control-Max-Age:
      - '300'
      Cache-Control:
      - no-cache, no-store
      Content-Security-Policy:
      - report-uri https://q.stripe.com/csp-report?p=v1%2Fcharges%2F%3Acharge; block-all-mixed-content;
        default-src 'none'; base-uri 'none'; form-action 'none'; frame-ancestors 'none';
        img-src 'self'; script-src 'self' 'report-sample'; style-src 'self'
      Request-Id:
      - req_i1TetDGtWd7Nug
      Stripe-Version:
      - '2023-10-16'
      Vary:
      - Origin
      X-Stripe-Routing-Context-Priority-Tier:
      - api-testmode
      Strict-Transport-Security:
      - max-age=63072000; includeSubDomains; preload
    body:
      encoding: UTF-8
      string: |-
        {
          "id": "ch_2OSfZ39e1RjUNIyY0hXUJIUE",
          "object": "charge",
          "amount": 599,
          "amount_captured": 599,
          "amount_refunded": 0,
          "amount_updates": [],
          "application": null,
          "application_fee": null,
          "application_fee_amount": null,
          "balance_transaction": {
            "id": "txn_2OSfZ39e1RjUNIyY0i9MSv6D",
            "object": "balance_transaction",
            "amount": 599,
            "available_on": 1704240000,
            "created": 1703854405,
            "currency": "usd",
            "description": "You bought http://edgarf1ad848c357.test.gumroad.com:31337/l/e",
            "exchange_rate": null,
            "fee": 35,
            "fee_details": [
              {
                "amount": 35,
                "application": null,
                "currency": "usd",
                "description": "Stripe processing fees",
                "type": "stripe_fee"
              }
            ],
            "net": 564,
            "reporting_category": "charge",
            "source": "ch_2OSfZ39e1RjUNIyY0hXUJIUE",
            "status": "pending",
            "type": "charge"
          },
          "billing_details": {
            "address": {
              "city": null,
              "country": null,
              "line1": null,
              "line2": null,
              "postal_code": null,
              "state": null
            },
            "email": null,
            "name": null,
            "phone": null
          },
          "calculated_statement_descriptor": "GUMRD.COM* EDGARF1AD84",
          "captured": true,
          "created": 1703854405,
          "currency": "usd",
          "customer": "cus_PHE1Guim1LNGcS",
          "description": "You bought http://edgarf1ad848c357.test.gumroad.com:31337/l/e",
          "destination": null,
          "dispute": null,
          "disputed": false,
          "failure_balance_transaction": null,
          "failure_code": null,
          "failure_message": null,
          "fraud_details": {},
          "invoice": null,
          "livemode": false,
          "metadata": {
            "purchase": "c7UXbygNdqnD7YkH0fftfQ=="
          },
          "on_behalf_of": null,
          "order": null,
          "outcome": {
            "network_status": "approved_by_network",
            "reason": null,
            "risk_level": "normal",
            "risk_score": 38,
            "seller_message": "Payment complete.",
            "type": "authorized"
          },
          "paid": true,
          "payment_intent": "pi_2OSfZ39e1RjUNIyY0c0qciTt",
          "payment_method": "pm_0OSfZ09e1RjUNIyYN3Yq0K1i",
          "payment_method_details": {
            "card": {
              "amount_authorized": 599,
              "brand": "visa",
              "checks": {
                "address_line1_check": null,
                "address_postal_code_check": null,
                "cvc_check": "pass"
              },
              "country": "US",
              "exp_month": 12,
              "exp_year": 2023,
              "extended_authorization": {
                "status": "disabled"
              },
              "fingerprint": "W691J2Ye3VDoq6Ij",
              "funding": "credit",
              "incremental_authorization": {
                "status": "unavailable"
              },
              "installments": null,
              "last4": "4242",
              "mandate": null,
              "multicapture": {
                "status": "unavailable"
              },
              "network": "visa",
              "network_token": {
                "used": false
              },
              "overcapture": {
                "maximum_amount_capturable": 599,
                "status": "unavailable"
              },
              "three_d_secure": null,
              "wallet": null
            },
            "type": "card"
          },
          "radar_options": {},
          "receipt_email": null,
          "receipt_number": null,
          "receipt_url": "https://pay.stripe.com/receipts/payment/CAcaIgogOWUxUmpVTkl5WUdwQTlDZmgzUm1ReHhUemIxYWFrcEUoxoK7rAYyBgG82ang4DosFhOKuztD_QsaJLMs1yAaNHDHkWliExoeH57KgqSOvtygOo257Q-1RmaNUUg",
          "refunded": false,
          "review": null,
          "shipping": null,
          "source": null,
          "source_transfer": null,
          "statement_descriptor": null,
          "statement_descriptor_suffix": "edgarf1ad848c357",
          "status": "succeeded",
          "transfer_data": null,
          "transfer_group": "409"
        }
  recorded_at: Wed, 01 Apr 2020 00:00:00 GMT
- request:
    method: post
    uri: https://api.stripe.com/v1/payment_methods
    body:
      encoding: UTF-8
      string: type=card&card[number]=4242+4242+4242+4242&card[exp_month]=12&card[exp_year]=2023&card[cvc]=123
    headers:
      User-Agent:
      - Stripe/v1 RubyBindings/10.4.0
      Authorization:
      - Bearer <STRIPE_API_KEY>
      Content-Type:
      - application/x-www-form-urlencoded
      X-Stripe-Client-Telemetry:
      - '{"last_request_metrics":{"request_id":"req_i1TetDGtWd7Nug","request_duration_ms":701}}'
      Idempotency-Key:
      - a02a3117-e73b-4bc6-b06a-8fa171935843
      Stripe-Version:
      - '2023-10-16'
      X-Stripe-Client-User-Agent:
      - '{"bindings_version":"10.4.0","lang":"ruby","lang_version":"3.2.2 p53 (2023-03-30)","platform":"arm64-darwin20","engine":"ruby","publisher":"stripe","uname":"Darwin
        Harbakshs-MacBook-Air.local 20.5.0 Darwin Kernel Version 20.5.0: Sat May  8
        05:10:31 PDT 2021; root:xnu-7195.121.3~9/RELEASE_ARM64_T8101 arm64","hostname":"Harbakshs-MacBook-Air.local"}'
      Accept-Encoding:
      - gzip;q=1.0,deflate;q=0.6,identity;q=0.3
      Accept:
      - "*/*"
  response:
    status:
      code: 200
      message: OK
    headers:
      Server:
      - nginx
      Date:
      - Fri, 29 Dec 2023 12:53:27 GMT
      Content-Type:
      - application/json
      Content-Length:
      - '931'
      Connection:
      - keep-alive
      Access-Control-Allow-Credentials:
      - 'true'
      Access-Control-Allow-Methods:
      - GET,HEAD,PUT,PATCH,POST,DELETE
      Access-Control-Allow-Origin:
      - "*"
      Access-Control-Expose-Headers:
      - Request-Id, Stripe-Manage-Version, Stripe-Should-Retry, X-Stripe-External-Auth-Required,
        X-Stripe-Privileged-Session-Required
      Access-Control-Max-Age:
      - '300'
      Cache-Control:
      - no-cache, no-store
      Content-Security-Policy:
      - report-uri https://q.stripe.com/csp-report?p=v1%2Fpayment_methods; block-all-mixed-content;
        default-src 'none'; base-uri 'none'; form-action 'none'; frame-ancestors 'none';
        img-src 'self'; script-src 'self' 'report-sample'; style-src 'self'
      Idempotency-Key:
      - a02a3117-e73b-4bc6-b06a-8fa171935843
      Original-Request:
      - req_0uq1Ws2AELGOz5
      Request-Id:
      - req_0uq1Ws2AELGOz5
      Stripe-Should-Retry:
      - 'false'
      Stripe-Version:
      - '2023-10-16'
      Vary:
      - Origin
      X-Stripe-Routing-Context-Priority-Tier:
      - api-testmode
      Strict-Transport-Security:
      - max-age=63072000; includeSubDomains; preload
    body:
      encoding: UTF-8
      string: |-
        {
          "id": "pm_0OSfZ59e1RjUNIyYAlW6d3ta",
          "object": "payment_method",
          "billing_details": {
            "address": {
              "city": null,
              "country": null,
              "line1": null,
              "line2": null,
              "postal_code": null,
              "state": null
            },
            "email": null,
            "name": null,
            "phone": null
          },
          "card": {
            "brand": "visa",
            "checks": {
              "address_line1_check": null,
              "address_postal_code_check": null,
              "cvc_check": "unchecked"
            },
            "country": "US",
            "exp_month": 12,
            "exp_year": 2023,
            "fingerprint": "W691J2Ye3VDoq6Ij",
            "funding": "credit",
            "generated_from": null,
            "last4": "4242",
            "networks": {
              "available": [
                "visa"
              ],
              "preferred": null
            },
            "three_d_secure_usage": {
              "supported": true
            },
            "wallet": null
          },
          "created": 1703854407,
          "customer": null,
          "livemode": false,
          "metadata": {},
          "type": "card"
        }
  recorded_at: Fri, 01 May 2020 00:00:00 GMT
- request:
    method: post
    uri: https://api.stripe.com/v1/customers
    body:
      encoding: UTF-8
      string: payment_method=pm_0OSfZ59e1RjUNIyYAlW6d3ta
    headers:
      User-Agent:
      - Stripe/v1 RubyBindings/10.4.0
      Authorization:
      - Bearer <STRIPE_API_KEY>
      Content-Type:
      - application/x-www-form-urlencoded
      X-Stripe-Client-Telemetry:
      - '{"last_request_metrics":{"request_id":"req_0uq1Ws2AELGOz5","request_duration_ms":458}}'
      Idempotency-Key:
      - c06767db-9836-4310-a709-cf23ed8f1b3a
      Stripe-Version:
      - '2023-10-16'
      X-Stripe-Client-User-Agent:
      - '{"bindings_version":"10.4.0","lang":"ruby","lang_version":"3.2.2 p53 (2023-03-30)","platform":"arm64-darwin20","engine":"ruby","publisher":"stripe","uname":"Darwin
        Harbakshs-MacBook-Air.local 20.5.0 Darwin Kernel Version 20.5.0: Sat May  8
        05:10:31 PDT 2021; root:xnu-7195.121.3~9/RELEASE_ARM64_T8101 arm64","hostname":"Harbakshs-MacBook-Air.local"}'
      Accept-Encoding:
      - gzip;q=1.0,deflate;q=0.6,identity;q=0.3
      Accept:
      - "*/*"
  response:
    status:
      code: 200
      message: OK
    headers:
      Server:
      - nginx
      Date:
      - Fri, 29 Dec 2023 12:53:28 GMT
      Content-Type:
      - application/json
      Content-Length:
      - '614'
      Connection:
      - keep-alive
      Access-Control-Allow-Credentials:
      - 'true'
      Access-Control-Allow-Methods:
      - GET,HEAD,PUT,PATCH,POST,DELETE
      Access-Control-Allow-Origin:
      - "*"
      Access-Control-Expose-Headers:
      - Request-Id, Stripe-Manage-Version, Stripe-Should-Retry, X-Stripe-External-Auth-Required,
        X-Stripe-Privileged-Session-Required
      Access-Control-Max-Age:
      - '300'
      Cache-Control:
      - no-cache, no-store
      Content-Security-Policy:
      - report-uri https://q.stripe.com/csp-report?p=v1%2Fcustomers; block-all-mixed-content;
        default-src 'none'; base-uri 'none'; form-action 'none'; frame-ancestors 'none';
        img-src 'self'; script-src 'self' 'report-sample'; style-src 'self'
      Idempotency-Key:
      - c06767db-9836-4310-a709-cf23ed8f1b3a
      Original-Request:
      - req_WGcU51ufZzADvH
      Request-Id:
      - req_WGcU51ufZzADvH
      Stripe-Should-Retry:
      - 'false'
      Stripe-Version:
      - '2023-10-16'
      Vary:
      - Origin
      X-Stripe-Routing-Context-Priority-Tier:
      - api-testmode
      Strict-Transport-Security:
      - max-age=63072000; includeSubDomains; preload
    body:
      encoding: UTF-8
      string: |-
        {
          "id": "cus_PHE1rYzijMHiiP",
          "object": "customer",
          "address": null,
          "balance": 0,
          "created": 1703854407,
          "currency": null,
          "default_source": null,
          "delinquent": false,
          "description": null,
          "discount": null,
          "email": null,
          "invoice_prefix": "67861805",
          "invoice_settings": {
            "custom_fields": null,
            "default_payment_method": null,
            "footer": null,
            "rendering_options": null
          },
          "livemode": false,
          "metadata": {},
          "name": null,
          "next_invoice_sequence": 1,
          "phone": null,
          "preferred_locales": [],
          "shipping": null,
          "tax_exempt": "none",
          "test_clock": null
        }
  recorded_at: Fri, 01 May 2020 00:00:00 GMT
- request:
    method: post
    uri: https://api.stripe.com/v1/setup_intents
    body:
      encoding: UTF-8
      string: payment_method=pm_0OSfZ59e1RjUNIyYAlW6d3ta&customer=cus_PHE1rYzijMHiiP&payment_method_types[0]=card&confirm=true&usage=off_session
    headers:
      User-Agent:
      - Stripe/v1 RubyBindings/10.4.0
      Authorization:
      - Bearer <STRIPE_API_KEY>
      Content-Type:
      - application/x-www-form-urlencoded
      X-Stripe-Client-Telemetry:
      - '{"last_request_metrics":{"request_id":"req_WGcU51ufZzADvH","request_duration_ms":885}}'
      Idempotency-Key:
      - bd36d14a-4e47-4a33-869e-3ed067e97ab5
      Stripe-Version:
      - '2023-10-16'
      X-Stripe-Client-User-Agent:
      - '{"bindings_version":"10.4.0","lang":"ruby","lang_version":"3.2.2 p53 (2023-03-30)","platform":"arm64-darwin20","engine":"ruby","publisher":"stripe","uname":"Darwin
        Harbakshs-MacBook-Air.local 20.5.0 Darwin Kernel Version 20.5.0: Sat May  8
        05:10:31 PDT 2021; root:xnu-7195.121.3~9/RELEASE_ARM64_T8101 arm64","hostname":"Harbakshs-MacBook-Air.local"}'
      Accept-Encoding:
      - gzip;q=1.0,deflate;q=0.6,identity;q=0.3
      Accept:
      - "*/*"
  response:
    status:
      code: 200
      message: OK
    headers:
      Server:
      - nginx
      Date:
      - Fri, 29 Dec 2023 12:53:29 GMT
      Content-Type:
      - application/json
      Content-Length:
      - '929'
      Connection:
      - keep-alive
      Access-Control-Allow-Credentials:
      - 'true'
      Access-Control-Allow-Methods:
      - GET,HEAD,PUT,PATCH,POST,DELETE
      Access-Control-Allow-Origin:
      - "*"
      Access-Control-Expose-Headers:
      - Request-Id, Stripe-Manage-Version, Stripe-Should-Retry, X-Stripe-External-Auth-Required,
        X-Stripe-Privileged-Session-Required
      Access-Control-Max-Age:
      - '300'
      Cache-Control:
      - no-cache, no-store
      Content-Security-Policy:
      - report-uri https://q.stripe.com/csp-report?p=v1%2Fsetup_intents; block-all-mixed-content;
        default-src 'none'; base-uri 'none'; form-action 'none'; frame-ancestors 'none';
        img-src 'self'; script-src 'self' 'report-sample'; style-src 'self'
      Idempotency-Key:
      - bd36d14a-4e47-4a33-869e-3ed067e97ab5
      Original-Request:
      - req_qSUPh8Rr5qPzpj
      Request-Id:
      - req_qSUPh8Rr5qPzpj
      Stripe-Should-Retry:
      - 'false'
      Stripe-Version:
      - '2023-10-16'
      Vary:
      - Origin
      X-Stripe-Routing-Context-Priority-Tier:
      - api-testmode
      Strict-Transport-Security:
      - max-age=63072000; includeSubDomains; preload
    body:
      encoding: UTF-8
      string: |-
        {
          "id": "seti_0OSfZ69e1RjUNIyYFHNEQuVR",
          "object": "setup_intent",
          "application": null,
          "automatic_payment_methods": null,
          "cancellation_reason": null,
          "client_secret": "seti_0OSfZ69e1RjUNIyYFHNEQuVR_secret_PHE1mAMuiUIUh8Jtz9FFKjpJngD7zFj",
          "created": 1703854408,
          "customer": "cus_PHE1rYzijMHiiP",
          "description": null,
          "flow_directions": null,
          "last_setup_error": null,
          "latest_attempt": "setatt_0OSfZ69e1RjUNIyYMlQdOBIJ",
          "livemode": false,
          "mandate": null,
          "metadata": {},
          "next_action": null,
          "on_behalf_of": null,
          "payment_method": "pm_0OSfZ59e1RjUNIyYAlW6d3ta",
          "payment_method_configuration_details": null,
          "payment_method_options": {
            "card": {
              "mandate_options": null,
              "network": null,
              "request_three_d_secure": "automatic"
            }
          },
          "payment_method_types": [
            "card"
          ],
          "single_use_mandate": null,
          "status": "succeeded",
          "usage": "off_session"
        }
  recorded_at: Fri, 01 May 2020 00:00:00 GMT
- request:
    method: get
    uri: https://api.stripe.com/v1/payment_methods/pm_0OSfZ59e1RjUNIyYAlW6d3ta
    body:
      encoding: US-ASCII
      string: ''
    headers:
      User-Agent:
      - Stripe/v1 RubyBindings/10.4.0
      Authorization:
      - Bearer <STRIPE_API_KEY>
      Content-Type:
      - application/x-www-form-urlencoded
      X-Stripe-Client-Telemetry:
      - '{"last_request_metrics":{"request_id":"req_qSUPh8Rr5qPzpj","request_duration_ms":927}}'
      Stripe-Version:
      - '2023-10-16'
      X-Stripe-Client-User-Agent:
      - '{"bindings_version":"10.4.0","lang":"ruby","lang_version":"3.2.2 p53 (2023-03-30)","platform":"arm64-darwin20","engine":"ruby","publisher":"stripe","uname":"Darwin
        Harbakshs-MacBook-Air.local 20.5.0 Darwin Kernel Version 20.5.0: Sat May  8
        05:10:31 PDT 2021; root:xnu-7195.121.3~9/RELEASE_ARM64_T8101 arm64","hostname":"Harbakshs-MacBook-Air.local"}'
      Accept-Encoding:
      - gzip;q=1.0,deflate;q=0.6,identity;q=0.3
      Accept:
      - "*/*"
  response:
    status:
      code: 200
      message: OK
    headers:
      Server:
      - nginx
      Date:
      - Fri, 29 Dec 2023 12:53:29 GMT
      Content-Type:
      - application/json
      Content-Length:
      - '942'
      Connection:
      - keep-alive
      Access-Control-Allow-Credentials:
      - 'true'
      Access-Control-Allow-Methods:
      - GET,HEAD,PUT,PATCH,POST,DELETE
      Access-Control-Allow-Origin:
      - "*"
      Access-Control-Expose-Headers:
      - Request-Id, Stripe-Manage-Version, Stripe-Should-Retry, X-Stripe-External-Auth-Required,
        X-Stripe-Privileged-Session-Required
      Access-Control-Max-Age:
      - '300'
      Cache-Control:
      - no-cache, no-store
      Content-Security-Policy:
      - report-uri https://q.stripe.com/csp-report?p=v1%2Fpayment_methods%2F%3Apayment_method;
        block-all-mixed-content; default-src 'none'; base-uri 'none'; form-action
        'none'; frame-ancestors 'none'; img-src 'self'; script-src 'self' 'report-sample';
        style-src 'self'
      Request-Id:
      - req_L6uDOMZFSaPjN7
      Stripe-Version:
      - '2023-10-16'
      Vary:
      - Origin
      X-Stripe-Routing-Context-Priority-Tier:
      - api-testmode
      Strict-Transport-Security:
      - max-age=63072000; includeSubDomains; preload
    body:
      encoding: UTF-8
      string: |-
        {
          "id": "pm_0OSfZ59e1RjUNIyYAlW6d3ta",
          "object": "payment_method",
          "billing_details": {
            "address": {
              "city": null,
              "country": null,
              "line1": null,
              "line2": null,
              "postal_code": null,
              "state": null
            },
            "email": null,
            "name": null,
            "phone": null
          },
          "card": {
            "brand": "visa",
            "checks": {
              "address_line1_check": null,
              "address_postal_code_check": null,
              "cvc_check": "pass"
            },
            "country": "US",
            "exp_month": 12,
            "exp_year": 2023,
            "fingerprint": "W691J2Ye3VDoq6Ij",
            "funding": "credit",
            "generated_from": null,
            "last4": "4242",
            "networks": {
              "available": [
                "visa"
              ],
              "preferred": null
            },
            "three_d_secure_usage": {
              "supported": true
            },
            "wallet": null
          },
          "created": 1703854407,
          "customer": "cus_PHE1rYzijMHiiP",
          "livemode": false,
          "metadata": {},
          "type": "card"
        }
  recorded_at: Fri, 01 May 2020 00:00:00 GMT
- request:
    method: post
    uri: https://api.stripe.com/v1/payment_intents
    body:
      encoding: UTF-8
      string: amount=1605&currency=usd&description=You+bought+http%3A%2F%2Fedgarf1ad848c357.test.gumroad.com%3A31337%2Fl%2Fe&metadata[purchase]=7yFk27JPkTccvp4FSfXOUA%3D%3D&transfer_group=411&payment_method_types[0]=card&off_session=true&confirm=true&customer=cus_PHE1rYzijMHiiP&payment_method=pm_0OSfZ59e1RjUNIyYAlW6d3ta&statement_descriptor_suffix=edgarf1ad848c357
    headers:
      User-Agent:
      - Stripe/v1 RubyBindings/10.4.0
      Authorization:
      - Bearer <STRIPE_API_KEY>
      Content-Type:
      - application/x-www-form-urlencoded
      X-Stripe-Client-Telemetry:
      - '{"last_request_metrics":{"request_id":"req_L6uDOMZFSaPjN7","request_duration_ms":342}}'
      Idempotency-Key:
      - 6c0c7058-ccbf-4509-b249-84e37449bf43
      Stripe-Version:
      - '2023-10-16'
      X-Stripe-Client-User-Agent:
      - '{"bindings_version":"10.4.0","lang":"ruby","lang_version":"3.2.2 p53 (2023-03-30)","platform":"arm64-darwin20","engine":"ruby","publisher":"stripe","uname":"Darwin
        Harbakshs-MacBook-Air.local 20.5.0 Darwin Kernel Version 20.5.0: Sat May  8
        05:10:31 PDT 2021; root:xnu-7195.121.3~9/RELEASE_ARM64_T8101 arm64","hostname":"Harbakshs-MacBook-Air.local"}'
      Accept-Encoding:
      - gzip;q=1.0,deflate;q=0.6,identity;q=0.3
      Accept:
      - "*/*"
  response:
    status:
      code: 200
      message: OK
    headers:
      Server:
      - nginx
      Date:
      - Fri, 29 Dec 2023 12:53:31 GMT
      Content-Type:
      - application/json
      Content-Length:
      - '1499'
      Connection:
      - keep-alive
      Access-Control-Allow-Credentials:
      - 'true'
      Access-Control-Allow-Methods:
      - GET,HEAD,PUT,PATCH,POST,DELETE
      Access-Control-Allow-Origin:
      - "*"
      Access-Control-Expose-Headers:
      - Request-Id, Stripe-Manage-Version, Stripe-Should-Retry, X-Stripe-External-Auth-Required,
        X-Stripe-Privileged-Session-Required
      Access-Control-Max-Age:
      - '300'
      Cache-Control:
      - no-cache, no-store
      Content-Security-Policy:
      - report-uri https://q.stripe.com/csp-report?p=v1%2Fpayment_intents; block-all-mixed-content;
        default-src 'none'; base-uri 'none'; form-action 'none'; frame-ancestors 'none';
        img-src 'self'; script-src 'self' 'report-sample'; style-src 'self'
      Idempotency-Key:
      - 6c0c7058-ccbf-4509-b249-84e37449bf43
      Original-Request:
      - req_eAH7kFnSWo1oUv
      Request-Id:
      - req_eAH7kFnSWo1oUv
      Stripe-Should-Retry:
      - 'false'
      Stripe-Version:
      - '2023-10-16'
      Vary:
      - Origin
      X-Stripe-Routing-Context-Priority-Tier:
      - api-testmode
      Strict-Transport-Security:
      - max-age=63072000; includeSubDomains; preload
    body:
      encoding: UTF-8
      string: |-
        {
          "id": "pi_2OSfZ89e1RjUNIyY1Dmue9ka",
          "object": "payment_intent",
          "amount": 1605,
          "amount_capturable": 0,
          "amount_details": {
            "tip": {}
          },
          "amount_received": 1605,
          "application": null,
          "application_fee_amount": null,
          "automatic_payment_methods": null,
          "canceled_at": null,
          "cancellation_reason": null,
          "capture_method": "automatic",
          "client_secret": "pi_2OSfZ89e1RjUNIyY1Dmue9ka_secret_M2qQ2bm2r0yOX7CsCSwg4ramo",
          "confirmation_method": "automatic",
          "created": 1703854410,
          "currency": "usd",
          "customer": "cus_PHE1rYzijMHiiP",
          "description": "You bought http://edgarf1ad848c357.test.gumroad.com:31337/l/e",
          "invoice": null,
          "last_payment_error": null,
          "latest_charge": "ch_2OSfZ89e1RjUNIyY1Xdp7qDK",
          "livemode": false,
          "metadata": {
            "purchase": "7yFk27JPkTccvp4FSfXOUA=="
          },
          "next_action": null,
          "on_behalf_of": null,
          "payment_method": "pm_0OSfZ59e1RjUNIyYAlW6d3ta",
          "payment_method_configuration_details": null,
          "payment_method_options": {
            "card": {
              "installments": null,
              "mandate_options": null,
              "network": null,
              "request_three_d_secure": "automatic"
            }
          },
          "payment_method_types": [
            "card"
          ],
          "processing": null,
          "receipt_email": null,
          "review": null,
          "setup_future_usage": null,
          "shipping": null,
          "source": null,
          "statement_descriptor": null,
          "statement_descriptor_suffix": "edgarf1ad848c357",
          "status": "succeeded",
          "transfer_data": null,
          "transfer_group": "411"
        }
  recorded_at: Fri, 01 May 2020 00:00:00 GMT
- request:
    method: get
    uri: https://api.stripe.com/v1/charges/ch_2OSfZ89e1RjUNIyY1Xdp7qDK?expand%5B%5D=application_fee.balance_transaction&expand%5B%5D=balance_transaction
    body:
      encoding: US-ASCII
      string: ''
    headers:
      User-Agent:
      - Stripe/v1 RubyBindings/10.4.0
      Authorization:
      - Bearer <STRIPE_API_KEY>
      Content-Type:
      - application/x-www-form-urlencoded
      X-Stripe-Client-Telemetry:
      - '{"last_request_metrics":{"request_id":"req_eAH7kFnSWo1oUv","request_duration_ms":1170}}'
      Stripe-Version:
      - '2023-10-16'
      X-Stripe-Client-User-Agent:
      - '{"bindings_version":"10.4.0","lang":"ruby","lang_version":"3.2.2 p53 (2023-03-30)","platform":"arm64-darwin20","engine":"ruby","publisher":"stripe","uname":"Darwin
        Harbakshs-MacBook-Air.local 20.5.0 Darwin Kernel Version 20.5.0: Sat May  8
        05:10:31 PDT 2021; root:xnu-7195.121.3~9/RELEASE_ARM64_T8101 arm64","hostname":"Harbakshs-MacBook-Air.local"}'
      Accept-Encoding:
      - gzip;q=1.0,deflate;q=0.6,identity;q=0.3
      Accept:
      - "*/*"
  response:
    status:
      code: 200
      message: OK
    headers:
      Server:
      - nginx
      Date:
      - Fri, 29 Dec 2023 12:53:32 GMT
      Content-Type:
      - application/json
      Content-Length:
      - '3515'
      Connection:
      - keep-alive
      Access-Control-Allow-Credentials:
      - 'true'
      Access-Control-Allow-Methods:
      - GET,HEAD,PUT,PATCH,POST,DELETE
      Access-Control-Allow-Origin:
      - "*"
      Access-Control-Expose-Headers:
      - Request-Id, Stripe-Manage-Version, Stripe-Should-Retry, X-Stripe-External-Auth-Required,
        X-Stripe-Privileged-Session-Required
      Access-Control-Max-Age:
      - '300'
      Cache-Control:
      - no-cache, no-store
      Content-Security-Policy:
      - report-uri https://q.stripe.com/csp-report?p=v1%2Fcharges%2F%3Acharge; block-all-mixed-content;
        default-src 'none'; base-uri 'none'; form-action 'none'; frame-ancestors 'none';
        img-src 'self'; script-src 'self' 'report-sample'; style-src 'self'
      Request-Id:
      - req_bxPuzMaVj0tm6u
      Stripe-Version:
      - '2023-10-16'
      Vary:
      - Origin
      X-Stripe-Routing-Context-Priority-Tier:
      - api-testmode
      Strict-Transport-Security:
      - max-age=63072000; includeSubDomains; preload
    body:
      encoding: UTF-8
      string: |-
        {
          "id": "ch_2OSfZ89e1RjUNIyY1Xdp7qDK",
          "object": "charge",
          "amount": 1605,
          "amount_captured": 1605,
          "amount_refunded": 0,
          "amount_updates": [],
          "application": null,
          "application_fee": null,
          "application_fee_amount": null,
          "balance_transaction": {
            "id": "txn_2OSfZ89e1RjUNIyY1JJrGS7D",
            "object": "balance_transaction",
            "amount": 1605,
            "available_on": 1704240000,
            "created": 1703854410,
            "currency": "usd",
            "description": "You bought http://edgarf1ad848c357.test.gumroad.com:31337/l/e",
            "exchange_rate": null,
            "fee": 62,
            "fee_details": [
              {
                "amount": 62,
                "application": null,
                "currency": "usd",
                "description": "Stripe processing fees",
                "type": "stripe_fee"
              }
            ],
            "net": 1543,
            "reporting_category": "charge",
            "source": "ch_2OSfZ89e1RjUNIyY1Xdp7qDK",
            "status": "pending",
            "type": "charge"
          },
          "billing_details": {
            "address": {
              "city": null,
              "country": null,
              "line1": null,
              "line2": null,
              "postal_code": null,
              "state": null
            },
            "email": null,
            "name": null,
            "phone": null
          },
          "calculated_statement_descriptor": "GUMRD.COM* EDGARF1AD84",
          "captured": true,
          "created": 1703854410,
          "currency": "usd",
          "customer": "cus_PHE1rYzijMHiiP",
          "description": "You bought http://edgarf1ad848c357.test.gumroad.com:31337/l/e",
          "destination": null,
          "dispute": null,
          "disputed": false,
          "failure_balance_transaction": null,
          "failure_code": null,
          "failure_message": null,
          "fraud_details": {},
          "invoice": null,
          "livemode": false,
          "metadata": {
            "purchase": "7yFk27JPkTccvp4FSfXOUA=="
          },
          "on_behalf_of": null,
          "order": null,
          "outcome": {
            "network_status": "approved_by_network",
            "reason": null,
            "risk_level": "normal",
            "risk_score": 59,
            "seller_message": "Payment complete.",
            "type": "authorized"
          },
          "paid": true,
          "payment_intent": "pi_2OSfZ89e1RjUNIyY1Dmue9ka",
          "payment_method": "pm_0OSfZ59e1RjUNIyYAlW6d3ta",
          "payment_method_details": {
            "card": {
              "amount_authorized": 1605,
              "brand": "visa",
              "checks": {
                "address_line1_check": null,
                "address_postal_code_check": null,
                "cvc_check": "pass"
              },
              "country": "US",
              "exp_month": 12,
              "exp_year": 2023,
              "extended_authorization": {
                "status": "disabled"
              },
              "fingerprint": "W691J2Ye3VDoq6Ij",
              "funding": "credit",
              "incremental_authorization": {
                "status": "unavailable"
              },
              "installments": null,
              "last4": "4242",
              "mandate": null,
              "multicapture": {
                "status": "unavailable"
              },
              "network": "visa",
              "network_token": {
                "used": false
              },
              "overcapture": {
                "maximum_amount_capturable": 1605,
                "status": "unavailable"
              },
              "three_d_secure": null,
              "wallet": null
            },
            "type": "card"
          },
          "radar_options": {},
          "receipt_email": null,
          "receipt_number": null,
          "receipt_url": "https://pay.stripe.com/receipts/payment/CAcaIgogOWUxUmpVTkl5WUdwQTlDZmgzUm1ReHhUemIxYWFrcEUozIK7rAYyBhxwIU1uoTosFiTeAOUbE-JWrwIuiMXhf96F1yOP29MJNzo-qUqhut7pvfBAWaqOh-2HLRQ",
          "refunded": false,
          "review": null,
          "shipping": null,
          "source": null,
          "source_transfer": null,
          "statement_descriptor": null,
          "statement_descriptor_suffix": "edgarf1ad848c357",
          "status": "succeeded",
          "transfer_data": null,
          "transfer_group": "411"
        }
  recorded_at: Fri, 01 May 2020 00:00:00 GMT
recorded_with: VCR 6.2.0
