---
http_interactions:
- request:
    method: post
    uri: https://api.stripe.com/v1/payment_methods
    body:
      encoding: UTF-8
      string: type=card&card[number]=4242+4242+4242+4242&card[exp_month]=12&card[exp_year]=2023&card[cvc]=123
    headers:
      User-Agent:
      - Stripe/v1 RubyBindings/10.0.0
      Authorization:
      - Bearer <STRIPE_API_KEY>
      Content-Type:
      - application/x-www-form-urlencoded
      X-Stripe-Client-Telemetry:
      - '{"last_request_metrics":{"request_id":"req_qvJvNVIFdYLJBT","request_duration_ms":395}}'
      Idempotency-Key:
      - a196f3f0-b9ad-4d22-9976-f7e756f999d0
      Stripe-Version:
      - '2023-10-16'
      X-Stripe-Client-User-Agent:
      - '{"bindings_version":"10.0.0","lang":"ruby","lang_version":"3.2.2 p53 (2023-03-30)","platform":"arm64-darwin20","engine":"ruby","publisher":"stripe","uname":"Darwin
        Harbakshs-MacBook-Air.local 20.5.0 Darwin Kernel Version 20.5.0: Sat May  8
        05:10:31 PDT 2021; root:xnu-7195.121.3~9/RELEASE_ARM64_T8101 arm64","hostname":"Harbakshs-MacBook-Air.local"}'
      Accept-Encoding:
      - gzip;q=1.0,deflate;q=0.6,identity;q=0.3
      Accept:
      - "*/*"
  response:
    status:
      code: 200
      message: OK
    headers:
      Server:
      - nginx
      Date:
      - Mon, 30 Oct 2023 09:54:05 GMT
      Content-Type:
      - application/json
      Content-Length:
      - '931'
      Connection:
      - keep-alive
      Access-Control-Allow-Credentials:
      - 'true'
      Access-Control-Allow-Methods:
      - GET,HEAD,PUT,PATCH,POST,DELETE
      Access-Control-Allow-Origin:
      - "*"
      Access-Control-Expose-Headers:
      - Request-Id, Stripe-Manage-Version, Stripe-Should-Retry, X-Stripe-External-Auth-Required,
        X-Stripe-Privileged-Session-Required
      Access-Control-Max-Age:
      - '300'
      Cache-Control:
      - no-cache, no-store
      Content-Security-Policy-Report-Only:
      - report-uri https://q.stripe.com/csp-report?p=v1%2Fpayment_methods; block-all-mixed-content;
        default-src 'none'; base-uri 'none'; form-action 'none'; frame-ancestors 'none';
        img-src 'self'; script-src 'self' 'report-sample'; style-src 'self'
      Idempotency-Key:
      - a196f3f0-b9ad-4d22-9976-f7e756f999d0
      Original-Request:
      - req_29yeSHO7nRWI7R
      Request-Id:
      - req_29yeSHO7nRWI7R
      Stripe-Should-Retry:
      - 'false'
      Stripe-Version:
      - '2023-10-16'
      Vary:
      - Origin
      X-Stripe-Routing-Context-Priority-Tier:
      - api-testmode
      Strict-Transport-Security:
      - max-age=63072000; includeSubDomains; preload
    body:
      encoding: UTF-8
      string: |-
        {
          "id": "pm_0O6sAb9e1RjUNIyY6HPaRVy4",
          "object": "payment_method",
          "billing_details": {
            "address": {
              "city": null,
              "country": null,
              "line1": null,
              "line2": null,
              "postal_code": null,
              "state": null
            },
            "email": null,
            "name": null,
            "phone": null
          },
          "card": {
            "brand": "visa",
            "checks": {
              "address_line1_check": null,
              "address_postal_code_check": null,
              "cvc_check": "unchecked"
            },
            "country": "US",
            "exp_month": 12,
            "exp_year": 2023,
            "fingerprint": "W691J2Ye3VDoq6Ij",
            "funding": "credit",
            "generated_from": null,
            "last4": "4242",
            "networks": {
              "available": [
                "visa"
              ],
              "preferred": null
            },
            "three_d_secure_usage": {
              "supported": true
            },
            "wallet": null
          },
          "created": 1698659645,
          "customer": null,
          "livemode": false,
          "metadata": {},
          "type": "card"
        }
  recorded_at: Mon, 30 Oct 2023 09:54:05 GMT
- request:
    method: get
    uri: https://api.stripe.com/v1/payment_methods/pm_0O6sAb9e1RjUNIyY6HPaRVy4
    body:
      encoding: US-ASCII
      string: ''
    headers:
      User-Agent:
      - Stripe/v1 RubyBindings/10.0.0
      Authorization:
      - Bearer <STRIPE_API_KEY>
      Content-Type:
      - application/x-www-form-urlencoded
      X-Stripe-Client-Telemetry:
      - '{"last_request_metrics":{"request_id":"req_29yeSHO7nRWI7R","request_duration_ms":468}}'
      Stripe-Version:
      - '2023-10-16'
      X-Stripe-Client-User-Agent:
      - '{"bindings_version":"10.0.0","lang":"ruby","lang_version":"3.2.2 p53 (2023-03-30)","platform":"arm64-darwin20","engine":"ruby","publisher":"stripe","uname":"Darwin
        Harbakshs-MacBook-Air.local 20.5.0 Darwin Kernel Version 20.5.0: Sat May  8
        05:10:31 PDT 2021; root:xnu-7195.121.3~9/RELEASE_ARM64_T8101 arm64","hostname":"Harbakshs-MacBook-Air.local"}'
      Accept-Encoding:
      - gzip;q=1.0,deflate;q=0.6,identity;q=0.3
      Accept:
      - "*/*"
  response:
    status:
      code: 200
      message: OK
    headers:
      Server:
      - nginx
      Date:
      - Mon, 30 Oct 2023 09:54:06 GMT
      Content-Type:
      - application/json
      Content-Length:
      - '931'
      Connection:
      - keep-alive
      Access-Control-Allow-Credentials:
      - 'true'
      Access-Control-Allow-Methods:
      - GET,HEAD,PUT,PATCH,POST,DELETE
      Access-Control-Allow-Origin:
      - "*"
      Access-Control-Expose-Headers:
      - Request-Id, Stripe-Manage-Version, Stripe-Should-Retry, X-Stripe-External-Auth-Required,
        X-Stripe-Privileged-Session-Required
      Access-Control-Max-Age:
      - '300'
      Cache-Control:
      - no-cache, no-store
      Content-Security-Policy-Report-Only:
      - report-uri https://q.stripe.com/csp-report?p=v1%2Fpayment_methods%2F%3Apayment_method;
        block-all-mixed-content; default-src 'none'; base-uri 'none'; form-action
        'none'; frame-ancestors 'none'; img-src 'self'; script-src 'self' 'report-sample';
        style-src 'self'
      Request-Id:
      - req_KDxgXh8PUEwUXZ
      Stripe-Version:
      - '2023-10-16'
      Vary:
      - Origin
      X-Stripe-Routing-Context-Priority-Tier:
      - api-testmode
      Strict-Transport-Security:
      - max-age=63072000; includeSubDomains; preload
    body:
      encoding: UTF-8
      string: |-
        {
          "id": "pm_0O6sAb9e1RjUNIyY6HPaRVy4",
          "object": "payment_method",
          "billing_details": {
            "address": {
              "city": null,
              "country": null,
              "line1": null,
              "line2": null,
              "postal_code": null,
              "state": null
            },
            "email": null,
            "name": null,
            "phone": null
          },
          "card": {
            "brand": "visa",
            "checks": {
              "address_line1_check": null,
              "address_postal_code_check": null,
              "cvc_check": "unchecked"
            },
            "country": "US",
            "exp_month": 12,
            "exp_year": 2023,
            "fingerprint": "W691J2Ye3VDoq6Ij",
            "funding": "credit",
            "generated_from": null,
            "last4": "4242",
            "networks": {
              "available": [
                "visa"
              ],
              "preferred": null
            },
            "three_d_secure_usage": {
              "supported": true
            },
            "wallet": null
          },
          "created": 1698659645,
          "customer": null,
          "livemode": false,
          "metadata": {},
          "type": "card"
        }
  recorded_at: Mon, 30 Oct 2023 09:54:05 GMT
- request:
    method: post
    uri: https://api.stripe.com/v1/payment_intents
    body:
      encoding: UTF-8
      string: amount=100&currency=usd&description=You+bought+http%3A%2F%2Fedgare952600a47.test.gumroad.com%3A31337%2Fl%2Fv&metadata[purchase]=ruYzQX4b0eJvyZSyjscWrg%3D%3D&transfer_group=68&payment_method_types[0]=card&confirmation_method=manual&confirm=true&off_session=true&payment_method=pm_0O6sAb9e1RjUNIyY6HPaRVy4&statement_descriptor_suffix=edgare952600a47
    headers:
      User-Agent:
      - Stripe/v1 RubyBindings/10.0.0
      Authorization:
      - Bearer <STRIPE_API_KEY>
      Content-Type:
      - application/x-www-form-urlencoded
      X-Stripe-Client-Telemetry:
      - '{"last_request_metrics":{"request_id":"req_KDxgXh8PUEwUXZ","request_duration_ms":338}}'
      Idempotency-Key:
      - 7ee6ade8-de69-450f-9f36-cb63d045cbe2
      Stripe-Version:
      - '2023-10-16'
      X-Stripe-Client-User-Agent:
      - '{"bindings_version":"10.0.0","lang":"ruby","lang_version":"3.2.2 p53 (2023-03-30)","platform":"arm64-darwin20","engine":"ruby","publisher":"stripe","uname":"Darwin
        Harbakshs-MacBook-Air.local 20.5.0 Darwin Kernel Version 20.5.0: Sat May  8
        05:10:31 PDT 2021; root:xnu-7195.121.3~9/RELEASE_ARM64_T8101 arm64","hostname":"Harbakshs-MacBook-Air.local"}'
      Accept-Encoding:
      - gzip;q=1.0,deflate;q=0.6,identity;q=0.3
      Accept:
      - "*/*"
  response:
    status:
      code: 200
      message: OK
    headers:
      Server:
      - nginx
      Date:
      - Mon, 30 Oct 2023 09:54:07 GMT
      Content-Type:
      - application/json
      Content-Length:
      - '1475'
      Connection:
      - keep-alive
      Access-Control-Allow-Credentials:
      - 'true'
      Access-Control-Allow-Methods:
      - GET,HEAD,PUT,PATCH,POST,DELETE
      Access-Control-Allow-Origin:
      - "*"
      Access-Control-Expose-Headers:
      - Request-Id, Stripe-Manage-Version, Stripe-Should-Retry, X-Stripe-External-Auth-Required,
        X-Stripe-Privileged-Session-Required
      Access-Control-Max-Age:
      - '300'
      Cache-Control:
      - no-cache, no-store
      Content-Security-Policy-Report-Only:
      - report-uri https://q.stripe.com/csp-report?p=v1%2Fpayment_intents; block-all-mixed-content;
        default-src 'none'; base-uri 'none'; form-action 'none'; frame-ancestors 'none';
        img-src 'self'; script-src 'self' 'report-sample'; style-src 'self'
      Idempotency-Key:
      - 7ee6ade8-de69-450f-9f36-cb63d045cbe2
      Original-Request:
      - req_0NIegmM70PFaZd
      Request-Id:
      - req_0NIegmM70PFaZd
      Stripe-Should-Retry:
      - 'false'
      Stripe-Version:
      - '2023-10-16'
      Vary:
      - Origin
      X-Stripe-Routing-Context-Priority-Tier:
      - api-testmode
      Strict-Transport-Security:
      - max-age=63072000; includeSubDomains; preload
    body:
      encoding: UTF-8
      string: |-
        {
          "id": "pi_2O6sAc9e1RjUNIyY1tIbyGvx",
          "object": "payment_intent",
          "amount": 100,
          "amount_capturable": 0,
          "amount_details": {
            "tip": {}
          },
          "amount_received": 100,
          "application": null,
          "application_fee_amount": null,
          "automatic_payment_methods": null,
          "canceled_at": null,
          "cancellation_reason": null,
          "capture_method": "automatic",
          "client_secret": "pi_2O6sAc9e1RjUNIyY1tIbyGvx_secret_oOkVNv3Nv3VHV8yklqoEb0hYz",
          "confirmation_method": "manual",
          "created": 1698659646,
          "currency": "usd",
          "customer": null,
          "description": "You bought http://edgare952600a47.test.gumroad.com:31337/l/v",
          "invoice": null,
          "last_payment_error": null,
          "latest_charge": "ch_2O6sAc9e1RjUNIyY1s14gwM8",
          "livemode": false,
          "metadata": {
            "purchase": "ruYzQX4b0eJvyZSyjscWrg=="
          },
          "next_action": null,
          "on_behalf_of": null,
          "payment_method": "pm_0O6sAb9e1RjUNIyY6HPaRVy4",
          "payment_method_configuration_details": null,
          "payment_method_options": {
            "card": {
              "installments": null,
              "mandate_options": null,
              "network": null,
              "request_three_d_secure": "automatic"
            }
          },
          "payment_method_types": [
            "card"
          ],
          "processing": null,
          "receipt_email": null,
          "review": null,
          "setup_future_usage": null,
          "shipping": null,
          "source": null,
          "statement_descriptor": null,
          "statement_descriptor_suffix": "edgare952600a47",
          "status": "succeeded",
          "transfer_data": null,
          "transfer_group": "68"
        }
  recorded_at: Mon, 30 Oct 2023 09:54:07 GMT
- request:
    method: get
    uri: https://api.stripe.com/v1/charges/ch_2O6sAc9e1RjUNIyY1s14gwM8?expand%5B%5D=application_fee.balance_transaction&expand%5B%5D=balance_transaction
    body:
      encoding: US-ASCII
      string: ''
    headers:
      User-Agent:
      - Stripe/v1 RubyBindings/10.0.0
      Authorization:
      - Bearer <STRIPE_API_KEY>
      Content-Type:
      - application/x-www-form-urlencoded
      X-Stripe-Client-Telemetry:
      - '{"last_request_metrics":{"request_id":"req_0NIegmM70PFaZd","request_duration_ms":1286}}'
      Stripe-Version:
      - '2023-10-16'
      X-Stripe-Client-User-Agent:
      - '{"bindings_version":"10.0.0","lang":"ruby","lang_version":"3.2.2 p53 (2023-03-30)","platform":"arm64-darwin20","engine":"ruby","publisher":"stripe","uname":"Darwin
        Harbakshs-MacBook-Air.local 20.5.0 Darwin Kernel Version 20.5.0: Sat May  8
        05:10:31 PDT 2021; root:xnu-7195.121.3~9/RELEASE_ARM64_T8101 arm64","hostname":"Harbakshs-MacBook-Air.local"}'
      Accept-Encoding:
      - gzip;q=1.0,deflate;q=0.6,identity;q=0.3
      Accept:
      - "*/*"
  response:
    status:
      code: 200
      message: OK
    headers:
      Server:
      - nginx
      Date:
      - Mon, 30 Oct 2023 09:54:08 GMT
      Content-Type:
      - application/json
      Content-Length:
      - '3465'
      Connection:
      - keep-alive
      Access-Control-Allow-Credentials:
      - 'true'
      Access-Control-Allow-Methods:
      - GET,HEAD,PUT,PATCH,POST,DELETE
      Access-Control-Allow-Origin:
      - "*"
      Access-Control-Expose-Headers:
      - Request-Id, Stripe-Manage-Version, Stripe-Should-Retry, X-Stripe-External-Auth-Required,
        X-Stripe-Privileged-Session-Required
      Access-Control-Max-Age:
      - '300'
      Cache-Control:
      - no-cache, no-store
      Content-Security-Policy-Report-Only:
      - report-uri https://q.stripe.com/csp-report?p=v1%2Fcharges%2F%3Acharge; block-all-mixed-content;
        default-src 'none'; base-uri 'none'; form-action 'none'; frame-ancestors 'none';
        img-src 'self'; script-src 'self' 'report-sample'; style-src 'self'
      Request-Id:
      - req_SFK9l975P8qUpP
      Stripe-Version:
      - '2023-10-16'
      Vary:
      - Origin
      X-Stripe-Routing-Context-Priority-Tier:
      - api-testmode
      Strict-Transport-Security:
      - max-age=63072000; includeSubDomains; preload
    body:
      encoding: UTF-8
      string: |-
        {
          "id": "ch_2O6sAc9e1RjUNIyY1s14gwM8",
          "object": "charge",
          "amount": 100,
          "amount_captured": 100,
          "amount_refunded": 0,
          "amount_updates": [],
          "application": null,
          "application_fee": null,
          "application_fee_amount": null,
          "balance_transaction": {
            "id": "txn_2O6sAc9e1RjUNIyY121X9vu5",
            "object": "balance_transaction",
            "amount": 100,
            "available_on": 1698796800,
            "created": 1698659646,
            "currency": "usd",
            "description": "You bought http://edgare952600a47.test.gumroad.com:31337/l/v",
            "exchange_rate": null,
            "fee": 10,
            "fee_details": [
              {
                "amount": 10,
                "application": null,
                "currency": "usd",
                "description": "Stripe processing fees",
                "type": "stripe_fee"
              }
            ],
            "net": 90,
            "reporting_category": "charge",
            "source": "ch_2O6sAc9e1RjUNIyY1s14gwM8",
            "status": "pending",
            "type": "charge"
          },
          "billing_details": {
            "address": {
              "city": null,
              "country": null,
              "line1": null,
              "line2": null,
              "postal_code": null,
              "state": null
            },
            "email": null,
            "name": null,
            "phone": null
          },
          "calculated_statement_descriptor": "GUMRD.COM* EDGARE95260",
          "captured": true,
          "created": 1698659646,
          "currency": "usd",
          "customer": null,
          "description": "You bought http://edgare952600a47.test.gumroad.com:31337/l/v",
          "destination": null,
          "dispute": null,
          "disputed": false,
          "failure_balance_transaction": null,
          "failure_code": null,
          "failure_message": null,
          "fraud_details": {},
          "invoice": null,
          "livemode": false,
          "metadata": {
            "purchase": "ruYzQX4b0eJvyZSyjscWrg=="
          },
          "on_behalf_of": null,
          "order": null,
          "outcome": {
            "network_status": "approved_by_network",
            "reason": null,
            "risk_level": "normal",
            "risk_score": 45,
            "seller_message": "Payment complete.",
            "type": "authorized"
          },
          "paid": true,
          "payment_intent": "pi_2O6sAc9e1RjUNIyY1tIbyGvx",
          "payment_method": "pm_0O6sAb9e1RjUNIyY6HPaRVy4",
          "payment_method_details": {
            "card": {
              "amount_authorized": 100,
              "brand": "visa",
              "checks": {
                "address_line1_check": null,
                "address_postal_code_check": null,
                "cvc_check": "pass"
              },
              "country": "US",
              "exp_month": 12,
              "exp_year": 2023,
              "extended_authorization": {
                "status": "disabled"
              },
              "fingerprint": "W691J2Ye3VDoq6Ij",
              "funding": "credit",
              "incremental_authorization": {
                "status": "unavailable"
              },
              "installments": null,
              "last4": "4242",
              "mandate": null,
              "multicapture": {
                "status": "unavailable"
              },
              "network": "visa",
              "network_token": {
                "used": false
              },
              "overcapture": {
                "maximum_amount_capturable": 100,
                "status": "unavailable"
              },
              "three_d_secure": null,
              "wallet": null
            },
            "type": "card"
          },
          "receipt_email": null,
          "receipt_number": null,
          "receipt_url": "https://pay.stripe.com/receipts/payment/CAcaIgogOWUxUmpVTkl5WUdwQTlDZmgzUm1ReHhUemIxYWFrcEUowPr9qQYyBkSvkiinWjosFi2Nd-vWJPXsUkgdMUixkGLX42tKdbo1Mr786TOVg2QZX4pspM0BEsF9a-I",
          "refunded": false,
          "review": null,
          "shipping": null,
          "source": null,
          "source_transfer": null,
          "statement_descriptor": null,
          "statement_descriptor_suffix": "edgare952600a47",
          "status": "succeeded",
          "transfer_data": null,
          "transfer_group": "68"
        }
  recorded_at: Mon, 30 Oct 2023 09:54:08 GMT
- request:
    method: post
    uri: https://api.stripe.com/v1/payment_methods
    body:
      encoding: UTF-8
      string: type=card&card[number]=4242+4242+4242+4242&card[exp_month]=12&card[exp_year]=2023&card[cvc]=123
    headers:
      User-Agent:
      - Stripe/v1 RubyBindings/10.0.0
      Authorization:
      - Bearer <STRIPE_API_KEY>
      Content-Type:
      - application/x-www-form-urlencoded
      X-Stripe-Client-Telemetry:
      - '{"last_request_metrics":{"request_id":"req_SFK9l975P8qUpP","request_duration_ms":862}}'
      Idempotency-Key:
      - 6a707ba4-1795-4772-8977-06027973cb9e
      Stripe-Version:
      - '2023-10-16'
      X-Stripe-Client-User-Agent:
      - '{"bindings_version":"10.0.0","lang":"ruby","lang_version":"3.2.2 p53 (2023-03-30)","platform":"arm64-darwin20","engine":"ruby","publisher":"stripe","uname":"Darwin
        Harbakshs-MacBook-Air.local 20.5.0 Darwin Kernel Version 20.5.0: Sat May  8
        05:10:31 PDT 2021; root:xnu-7195.121.3~9/RELEASE_ARM64_T8101 arm64","hostname":"Harbakshs-MacBook-Air.local"}'
      Accept-Encoding:
      - gzip;q=1.0,deflate;q=0.6,identity;q=0.3
      Accept:
      - "*/*"
  response:
    status:
      code: 200
      message: OK
    headers:
      Server:
      - nginx
      Date:
      - Mon, 30 Oct 2023 09:54:08 GMT
      Content-Type:
      - application/json
      Content-Length:
      - '931'
      Connection:
      - keep-alive
      Access-Control-Allow-Credentials:
      - 'true'
      Access-Control-Allow-Methods:
      - GET,HEAD,PUT,PATCH,POST,DELETE
      Access-Control-Allow-Origin:
      - "*"
      Access-Control-Expose-Headers:
      - Request-Id, Stripe-Manage-Version, Stripe-Should-Retry, X-Stripe-External-Auth-Required,
        X-Stripe-Privileged-Session-Required
      Access-Control-Max-Age:
      - '300'
      Cache-Control:
      - no-cache, no-store
      Content-Security-Policy-Report-Only:
      - report-uri https://q.stripe.com/csp-report?p=v1%2Fpayment_methods; block-all-mixed-content;
        default-src 'none'; base-uri 'none'; form-action 'none'; frame-ancestors 'none';
        img-src 'self'; script-src 'self' 'report-sample'; style-src 'self'
      Idempotency-Key:
      - 6a707ba4-1795-4772-8977-06027973cb9e
      Original-Request:
      - req_w82WwPxJiFmIoc
      Request-Id:
      - req_w82WwPxJiFmIoc
      Stripe-Should-Retry:
      - 'false'
      Stripe-Version:
      - '2023-10-16'
      Vary:
      - Origin
      X-Stripe-Routing-Context-Priority-Tier:
      - api-testmode
      Strict-Transport-Security:
      - max-age=63072000; includeSubDomains; preload
    body:
      encoding: UTF-8
      string: |-
        {
          "id": "pm_0O6sAe9e1RjUNIyYW41K5ODX",
          "object": "payment_method",
          "billing_details": {
            "address": {
              "city": null,
              "country": null,
              "line1": null,
              "line2": null,
              "postal_code": null,
              "state": null
            },
            "email": null,
            "name": null,
            "phone": null
          },
          "card": {
            "brand": "visa",
            "checks": {
              "address_line1_check": null,
              "address_postal_code_check": null,
              "cvc_check": "unchecked"
            },
            "country": "US",
            "exp_month": 12,
            "exp_year": 2023,
            "fingerprint": "W691J2Ye3VDoq6Ij",
            "funding": "credit",
            "generated_from": null,
            "last4": "4242",
            "networks": {
              "available": [
                "visa"
              ],
              "preferred": null
            },
            "three_d_secure_usage": {
              "supported": true
            },
            "wallet": null
          },
          "created": 1698659648,
          "customer": null,
          "livemode": false,
          "metadata": {},
          "type": "card"
        }
  recorded_at: Mon, 30 Oct 2023 09:54:08 GMT
- request:
    method: get
    uri: https://api.stripe.com/v1/payment_methods/pm_0O6sAe9e1RjUNIyYW41K5ODX
    body:
      encoding: US-ASCII
      string: ''
    headers:
      User-Agent:
      - Stripe/v1 RubyBindings/10.0.0
      Authorization:
      - Bearer <STRIPE_API_KEY>
      Content-Type:
      - application/x-www-form-urlencoded
      X-Stripe-Client-Telemetry:
      - '{"last_request_metrics":{"request_id":"req_w82WwPxJiFmIoc","request_duration_ms":478}}'
      Stripe-Version:
      - '2023-10-16'
      X-Stripe-Client-User-Agent:
      - '{"bindings_version":"10.0.0","lang":"ruby","lang_version":"3.2.2 p53 (2023-03-30)","platform":"arm64-darwin20","engine":"ruby","publisher":"stripe","uname":"Darwin
        Harbakshs-MacBook-Air.local 20.5.0 Darwin Kernel Version 20.5.0: Sat May  8
        05:10:31 PDT 2021; root:xnu-7195.121.3~9/RELEASE_ARM64_T8101 arm64","hostname":"Harbakshs-MacBook-Air.local"}'
      Accept-Encoding:
      - gzip;q=1.0,deflate;q=0.6,identity;q=0.3
      Accept:
      - "*/*"
  response:
    status:
      code: 200
      message: OK
    headers:
      Server:
      - nginx
      Date:
      - Mon, 30 Oct 2023 09:54:09 GMT
      Content-Type:
      - application/json
      Content-Length:
      - '931'
      Connection:
      - keep-alive
      Access-Control-Allow-Credentials:
      - 'true'
      Access-Control-Allow-Methods:
      - GET,HEAD,PUT,PATCH,POST,DELETE
      Access-Control-Allow-Origin:
      - "*"
      Access-Control-Expose-Headers:
      - Request-Id, Stripe-Manage-Version, Stripe-Should-Retry, X-Stripe-External-Auth-Required,
        X-Stripe-Privileged-Session-Required
      Access-Control-Max-Age:
      - '300'
      Cache-Control:
      - no-cache, no-store
      Content-Security-Policy-Report-Only:
      - report-uri https://q.stripe.com/csp-report?p=v1%2Fpayment_methods%2F%3Apayment_method;
        block-all-mixed-content; default-src 'none'; base-uri 'none'; form-action
        'none'; frame-ancestors 'none'; img-src 'self'; script-src 'self' 'report-sample';
        style-src 'self'
      Request-Id:
      - req_Mfbc8HAUHVal1B
      Stripe-Version:
      - '2023-10-16'
      Vary:
      - Origin
      X-Stripe-Routing-Context-Priority-Tier:
      - api-testmode
      Strict-Transport-Security:
      - max-age=63072000; includeSubDomains; preload
    body:
      encoding: UTF-8
      string: |-
        {
          "id": "pm_0O6sAe9e1RjUNIyYW41K5ODX",
          "object": "payment_method",
          "billing_details": {
            "address": {
              "city": null,
              "country": null,
              "line1": null,
              "line2": null,
              "postal_code": null,
              "state": null
            },
            "email": null,
            "name": null,
            "phone": null
          },
          "card": {
            "brand": "visa",
            "checks": {
              "address_line1_check": null,
              "address_postal_code_check": null,
              "cvc_check": "unchecked"
            },
            "country": "US",
            "exp_month": 12,
            "exp_year": 2023,
            "fingerprint": "W691J2Ye3VDoq6Ij",
            "funding": "credit",
            "generated_from": null,
            "last4": "4242",
            "networks": {
              "available": [
                "visa"
              ],
              "preferred": null
            },
            "three_d_secure_usage": {
              "supported": true
            },
            "wallet": null
          },
          "created": 1698659648,
          "customer": null,
          "livemode": false,
          "metadata": {},
          "type": "card"
        }
  recorded_at: Mon, 30 Oct 2023 09:54:09 GMT
- request:
    method: post
    uri: https://api.stripe.com/v1/payment_intents
    body:
      encoding: UTF-8
      string: amount=120&currency=usd&description=You+bought+http%3A%2F%2Fedgare952600a47.test.gumroad.com%3A31337%2Fl%2Fv&metadata[purchase]=0gK25I2vTHhaNe_zz7kNPw%3D%3D&transfer_group=69&payment_method_types[0]=card&confirmation_method=manual&confirm=true&off_session=true&payment_method=pm_0O6sAe9e1RjUNIyYW41K5ODX&statement_descriptor_suffix=edgare952600a47
    headers:
      User-Agent:
      - Stripe/v1 RubyBindings/10.0.0
      Authorization:
      - Bearer <STRIPE_API_KEY>
      Content-Type:
      - application/x-www-form-urlencoded
      X-Stripe-Client-Telemetry:
      - '{"last_request_metrics":{"request_id":"req_Mfbc8HAUHVal1B","request_duration_ms":339}}'
      Idempotency-Key:
      - 164f7084-3b09-4d97-a555-f91f62fe45eb
      Stripe-Version:
      - '2023-10-16'
      X-Stripe-Client-User-Agent:
      - '{"bindings_version":"10.0.0","lang":"ruby","lang_version":"3.2.2 p53 (2023-03-30)","platform":"arm64-darwin20","engine":"ruby","publisher":"stripe","uname":"Darwin
        Harbakshs-MacBook-Air.local 20.5.0 Darwin Kernel Version 20.5.0: Sat May  8
        05:10:31 PDT 2021; root:xnu-7195.121.3~9/RELEASE_ARM64_T8101 arm64","hostname":"Harbakshs-MacBook-Air.local"}'
      Accept-Encoding:
      - gzip;q=1.0,deflate;q=0.6,identity;q=0.3
      Accept:
      - "*/*"
  response:
    status:
      code: 200
      message: OK
    headers:
      Server:
      - nginx
      Date:
      - Mon, 30 Oct 2023 09:54:10 GMT
      Content-Type:
      - application/json
      Content-Length:
      - '1475'
      Connection:
      - keep-alive
      Access-Control-Allow-Credentials:
      - 'true'
      Access-Control-Allow-Methods:
      - GET,HEAD,PUT,PATCH,POST,DELETE
      Access-Control-Allow-Origin:
      - "*"
      Access-Control-Expose-Headers:
      - Request-Id, Stripe-Manage-Version, Stripe-Should-Retry, X-Stripe-External-Auth-Required,
        X-Stripe-Privileged-Session-Required
      Access-Control-Max-Age:
      - '300'
      Cache-Control:
      - no-cache, no-store
      Content-Security-Policy-Report-Only:
      - report-uri https://q.stripe.com/csp-report?p=v1%2Fpayment_intents; block-all-mixed-content;
        default-src 'none'; base-uri 'none'; form-action 'none'; frame-ancestors 'none';
        img-src 'self'; script-src 'self' 'report-sample'; style-src 'self'
      Idempotency-Key:
      - 164f7084-3b09-4d97-a555-f91f62fe45eb
      Original-Request:
      - req_BZQWq95U3bN3Qw
      Request-Id:
      - req_BZQWq95U3bN3Qw
      Stripe-Should-Retry:
      - 'false'
      Stripe-Version:
      - '2023-10-16'
      Vary:
      - Origin
      X-Stripe-Routing-Context-Priority-Tier:
      - api-testmode
      Strict-Transport-Security:
      - max-age=63072000; includeSubDomains; preload
    body:
      encoding: UTF-8
      string: |-
        {
          "id": "pi_2O6sAf9e1RjUNIyY1c7GiPI9",
          "object": "payment_intent",
          "amount": 120,
          "amount_capturable": 0,
          "amount_details": {
            "tip": {}
          },
          "amount_received": 120,
          "application": null,
          "application_fee_amount": null,
          "automatic_payment_methods": null,
          "canceled_at": null,
          "cancellation_reason": null,
          "capture_method": "automatic",
          "client_secret": "pi_2O6sAf9e1RjUNIyY1c7GiPI9_secret_UXtEJZoJVkw3jGXZhpNgMOYtg",
          "confirmation_method": "manual",
          "created": 1698659649,
          "currency": "usd",
          "customer": null,
          "description": "You bought http://edgare952600a47.test.gumroad.com:31337/l/v",
          "invoice": null,
          "last_payment_error": null,
          "latest_charge": "ch_2O6sAf9e1RjUNIyY1rwPE88v",
          "livemode": false,
          "metadata": {
            "purchase": "0gK25I2vTHhaNe_zz7kNPw=="
          },
          "next_action": null,
          "on_behalf_of": null,
          "payment_method": "pm_0O6sAe9e1RjUNIyYW41K5ODX",
          "payment_method_configuration_details": null,
          "payment_method_options": {
            "card": {
              "installments": null,
              "mandate_options": null,
              "network": null,
              "request_three_d_secure": "automatic"
            }
          },
          "payment_method_types": [
            "card"
          ],
          "processing": null,
          "receipt_email": null,
          "review": null,
          "setup_future_usage": null,
          "shipping": null,
          "source": null,
          "statement_descriptor": null,
          "statement_descriptor_suffix": "edgare952600a47",
          "status": "succeeded",
          "transfer_data": null,
          "transfer_group": "69"
        }
  recorded_at: Mon, 30 Oct 2023 09:54:10 GMT
- request:
    method: get
    uri: https://api.stripe.com/v1/charges/ch_2O6sAf9e1RjUNIyY1rwPE88v?expand%5B%5D=application_fee.balance_transaction&expand%5B%5D=balance_transaction
    body:
      encoding: US-ASCII
      string: ''
    headers:
      User-Agent:
      - Stripe/v1 RubyBindings/10.0.0
      Authorization:
      - Bearer <STRIPE_API_KEY>
      Content-Type:
      - application/x-www-form-urlencoded
      X-Stripe-Client-Telemetry:
      - '{"last_request_metrics":{"request_id":"req_BZQWq95U3bN3Qw","request_duration_ms":1212}}'
      Stripe-Version:
      - '2023-10-16'
      X-Stripe-Client-User-Agent:
      - '{"bindings_version":"10.0.0","lang":"ruby","lang_version":"3.2.2 p53 (2023-03-30)","platform":"arm64-darwin20","engine":"ruby","publisher":"stripe","uname":"Darwin
        Harbakshs-MacBook-Air.local 20.5.0 Darwin Kernel Version 20.5.0: Sat May  8
        05:10:31 PDT 2021; root:xnu-7195.121.3~9/RELEASE_ARM64_T8101 arm64","hostname":"Harbakshs-MacBook-Air.local"}'
      Accept-Encoding:
      - gzip;q=1.0,deflate;q=0.6,identity;q=0.3
      Accept:
      - "*/*"
  response:
    status:
      code: 200
      message: OK
    headers:
      Server:
      - nginx
      Date:
      - Mon, 30 Oct 2023 09:54:11 GMT
      Content-Type:
      - application/json
      Content-Length:
      - '3466'
      Connection:
      - keep-alive
      Access-Control-Allow-Credentials:
      - 'true'
      Access-Control-Allow-Methods:
      - GET,HEAD,PUT,PATCH,POST,DELETE
      Access-Control-Allow-Origin:
      - "*"
      Access-Control-Expose-Headers:
      - Request-Id, Stripe-Manage-Version, Stripe-Should-Retry, X-Stripe-External-Auth-Required,
        X-Stripe-Privileged-Session-Required
      Access-Control-Max-Age:
      - '300'
      Cache-Control:
      - no-cache, no-store
      Content-Security-Policy-Report-Only:
      - report-uri https://q.stripe.com/csp-report?p=v1%2Fcharges%2F%3Acharge; block-all-mixed-content;
        default-src 'none'; base-uri 'none'; form-action 'none'; frame-ancestors 'none';
        img-src 'self'; script-src 'self' 'report-sample'; style-src 'self'
      Request-Id:
      - req_4ueILJoKvOX6eM
      Stripe-Version:
      - '2023-10-16'
      Vary:
      - Origin
      X-Stripe-Routing-Context-Priority-Tier:
      - api-testmode
      Strict-Transport-Security:
      - max-age=63072000; includeSubDomains; preload
    body:
      encoding: UTF-8
      string: |-
        {
          "id": "ch_2O6sAf9e1RjUNIyY1rwPE88v",
          "object": "charge",
          "amount": 120,
          "amount_captured": 120,
          "amount_refunded": 0,
          "amount_updates": [],
          "application": null,
          "application_fee": null,
          "application_fee_amount": null,
          "balance_transaction": {
            "id": "txn_2O6sAf9e1RjUNIyY1KnrZy9W",
            "object": "balance_transaction",
            "amount": 120,
            "available_on": 1698796800,
            "created": 1698659650,
            "currency": "usd",
            "description": "You bought http://edgare952600a47.test.gumroad.com:31337/l/v",
            "exchange_rate": null,
            "fee": 11,
            "fee_details": [
              {
                "amount": 11,
                "application": null,
                "currency": "usd",
                "description": "Stripe processing fees",
                "type": "stripe_fee"
              }
            ],
            "net": 109,
            "reporting_category": "charge",
            "source": "ch_2O6sAf9e1RjUNIyY1rwPE88v",
            "status": "pending",
            "type": "charge"
          },
          "billing_details": {
            "address": {
              "city": null,
              "country": null,
              "line1": null,
              "line2": null,
              "postal_code": null,
              "state": null
            },
            "email": null,
            "name": null,
            "phone": null
          },
          "calculated_statement_descriptor": "GUMRD.COM* EDGARE95260",
          "captured": true,
          "created": 1698659650,
          "currency": "usd",
          "customer": null,
          "description": "You bought http://edgare952600a47.test.gumroad.com:31337/l/v",
          "destination": null,
          "dispute": null,
          "disputed": false,
          "failure_balance_transaction": null,
          "failure_code": null,
          "failure_message": null,
          "fraud_details": {},
          "invoice": null,
          "livemode": false,
          "metadata": {
            "purchase": "0gK25I2vTHhaNe_zz7kNPw=="
          },
          "on_behalf_of": null,
          "order": null,
          "outcome": {
            "network_status": "approved_by_network",
            "reason": null,
            "risk_level": "normal",
            "risk_score": 41,
            "seller_message": "Payment complete.",
            "type": "authorized"
          },
          "paid": true,
          "payment_intent": "pi_2O6sAf9e1RjUNIyY1c7GiPI9",
          "payment_method": "pm_0O6sAe9e1RjUNIyYW41K5ODX",
          "payment_method_details": {
            "card": {
              "amount_authorized": 120,
              "brand": "visa",
              "checks": {
                "address_line1_check": null,
                "address_postal_code_check": null,
                "cvc_check": "pass"
              },
              "country": "US",
              "exp_month": 12,
              "exp_year": 2023,
              "extended_authorization": {
                "status": "disabled"
              },
              "fingerprint": "W691J2Ye3VDoq6Ij",
              "funding": "credit",
              "incremental_authorization": {
                "status": "unavailable"
              },
              "installments": null,
              "last4": "4242",
              "mandate": null,
              "multicapture": {
                "status": "unavailable"
              },
              "network": "visa",
              "network_token": {
                "used": false
              },
              "overcapture": {
                "maximum_amount_capturable": 120,
                "status": "unavailable"
              },
              "three_d_secure": null,
              "wallet": null
            },
            "type": "card"
          },
          "receipt_email": null,
          "receipt_number": null,
          "receipt_url": "https://pay.stripe.com/receipts/payment/CAcaIgogOWUxUmpVTkl5WUdwQTlDZmgzUm1ReHhUemIxYWFrcEUow_r9qQYyBkWKK3u-8TosFn9alBazTxYhVAKAJO7Yp4E8BbzLRMDcXsBClvmA-_3fDmxO6G5PN13cSzc",
          "refunded": false,
          "review": null,
          "shipping": null,
          "source": null,
          "source_transfer": null,
          "statement_descriptor": null,
          "statement_descriptor_suffix": "edgare952600a47",
          "status": "succeeded",
          "transfer_data": null,
          "transfer_group": "69"
        }
  recorded_at: Mon, 30 Oct 2023 09:54:11 GMT
- request:
    method: post
    uri: https://api.sandbox.paypal.com/v1/oauth2/token
    body:
      encoding: UTF-8
      string: grant_type=client_credentials
    headers:
      Accept:
      - application/json
      Accept-Language:
      - en_US
      Accept-Encoding:
      - gzip;q=1.0,deflate;q=0.6,identity;q=0.3
      User-Agent:
      - Ruby
      Authorization:
      - Basic QWFEdkxJeUYwVFRlVUJqUEIwM3BBVkdjRFM1S0JNenFkcktyNU9VRXN2TWdBNnM5czNTNHdaY1U0cm1VUDI0WjczeEk2eHRlY2I2MjVibDY6RVBMQ2dJOE9CY2g2RzUyeHRTeHNBSVVDbGdobVJqZ3o2T2FvNndmT1RXMGtZN3F1UXFCa1ZsT3c0RFdqU2NlWnNQQ0x4OWczSEEyOFhUbzU=
  response:
    status:
      code: 200
      message: OK
    headers:
      Content-Type:
      - application/json
      Content-Length:
      - '1667'
      Connection:
      - keep-alive
      Date:
      - Mon, 30 Oct 2023 09:54:12 GMT
      X-Datadome:
      - protected
      Accept-Ch:
      - Sec-CH-UA,Sec-CH-UA-Mobile,Sec-CH-UA-Platform,Sec-CH-UA-Arch,Sec-CH-UA-Full-Version-List,Sec-CH-UA-Model,Sec-CH-Device-Memory
      Set-Cookie:
      - datadome=u1LI3s6mmXidBgE3N3rHYoIWUyXxCNbg4~QpFw56iua2JD4gjaUEGOHZXdnCRIgFr8bA1c5cM7zZwH2wv99YAgsJZJrNu0dQYvL52TWTey4tp_iKDa38WP8UNc3Rb8a3;
        Max-Age=31536000; Domain=.paypal.com; Path=/; Secure; SameSite=Lax; HttpOnly
      Cache-Control:
      - max-age=0, no-cache, no-store, must-revalidate
      Paypal-Debug-Id:
      - 0c38556446259
      Pragma:
      - no-cache
      Vary:
      - Accept-Encoding
      X-Paypal-Token-Service:
      - IAAS
      Strict-Transport-Security:
      - max-age=31536000; includeSubDomains
    body:
      encoding: UTF-8
      string: '{"scope":"https://uri.paypal.com/services/customer/partner-referrals/readwrite
        https://uri.paypal.com/services/payments/partnerfee https://uri.paypal.com/services/invoicing
        https://uri.paypal.com/services/payments/realtimepayment https://uri.paypal.com/services/customer/onboarding/user
        https://api.paypal.com/v1/vault/credit-card https://api.paypal.com/v1/payments/.*
        https://uri.paypal.com/services/payments/referenced-payouts-items/readwrite
        https://uri.paypal.com/services/reporting/search/read https://uri.paypal.com/services/customer/partner
        https://uri.paypal.com/services/customer/merchant-integrations/read https://uri.paypal.com/services/applications/webhooks
        https://uri.paypal.com/services/disputes/update-seller https://uri.paypal.com/services/payments/payment/authcapture
        openid https://uri.paypal.com/services/disputes/read-seller https://uri.paypal.com/services/payments/refund
        https://uri.paypal.com/services/risk/raas/transaction-context https://uri.paypal.com/services/customer/consumer-referrals/create
        https://uri.paypal.com/services/partners/merchant-accounts/readwrite https://uri.paypal.com/services/identity/grantdelegation
        https://uri.paypal.com/services/customer/onboarding/account https://uri.paypal.com/payments/payouts
        https://uri.paypal.com/services/customer/onboarding/sessions https://api.paypal.com/v1/vault/credit-card/.*
        https://uri.paypal.com/services/subscriptions","access_token":"A21AALR1uemlFDirrKiVW8pyaDLJa2_uLsB4WMRnMRP5NIKBR6bew8VYbvtfqxeaYOzW2R-gIxgSHos8L-_FGCPaBBXX9PUuQ","token_type":"Bearer","app_id":"APP-80W284485P519543T","expires_in":32349,"nonce":"2023-10-30T09:53:21Z4VAHsFZHkGtgnuZvmYb4CBAdY7ZtYhwIvS2VkJa8nK8"}'
  recorded_at: Mon, 30 Oct 2023 09:54:12 GMT
- request:
    method: post
    uri: https://api.sandbox.paypal.com/v2/checkout/orders
    body:
      encoding: UTF-8
      string: '{"intent":"CAPTURE","purchase_units":[{"amount":{"currency_code":"gbp","value":"0.8","breakdown":{"shipping":{"currency_code":"GBP","value":"0.0"},"tax_total":{"currency_code":"GBP","value":"0.14"},"item_total":{"currency_code":"GBP","value":"0.66"}}},"payee":{"merchant_id":"CJS32DZ7NDN5L"},"items":[{"name":"The
        Works of Edgar Gumstein","unit_amount":{"currency_code":"GBP","value":"0.66"},"quantity":1,"sku":"v"}],"soft_descriptor":"edgare952600a47","payment_instruction":{"platform_fees":[{"amount":{"currency_code":"GBP","value":"0.18"},"payee":{"email_address":"<PAYPAL_PARTNER_MERCHANT_EMAIL>"}}]},"invoice_id":"1P4aHrL_eETCOSXy-SvQDQ=="}],"application_context":{"brand_name":"Gumroad","shipping_preference":"NO_SHIPPING"}}'
    headers:
      Accept:
      - application/json
      Accept-Language:
      - en_US
      Authorization:
      - Bearer A21AALR1uemlFDirrKiVW8pyaDLJa2_uLsB4WMRnMRP5NIKBR6bew8VYbvtfqxeaYOzW2R-gIxgSHos8L-_FGCPaBBXX9PUuQ
      Content-Type:
      - application/json
      Paypal-Partner-Attribution-Id:
      - Gumroad_SP_PCPP
      Paypal-Request-Id:
      - '1698659652416564'
      Prefer:
      - return=representation
      Accept-Encoding:
      - gzip
      Sdk-Name:
      - Checkout SDK
      Sdk-Version:
      - 1.0.4
      Sdk-Tech-Stack:
      - Ruby3.2.2
      Api-Integration-Type:
      - PAYPALSDK
      User-Agent:
      - PayPalSDK/rest-sdk-ruby 1.0.4 (paypal-checkout-sdk 1.0.4; ruby 3.2.2p53-arm64-darwin20;OpenSSL
        3.1.0 14 Mar 2023)
  response:
    status:
      code: 201
      message: Created
    headers:
      Content-Type:
      - application/json
      Content-Length:
      - '1216'
      Connection:
      - keep-alive
      Date:
      - Mon, 30 Oct 2023 09:54:14 GMT
      X-Datadome:
      - protected
      Accept-Ch:
      - Sec-CH-UA,Sec-CH-UA-Mobile,Sec-CH-UA-Platform,Sec-CH-UA-Arch,Sec-CH-UA-Full-Version-List,Sec-CH-UA-Model,Sec-CH-Device-Memory
      Set-Cookie:
      - datadome=H3tX36drLGc4H2i7EhgpKD9Y5pP83lu6e_TadKREJj0iD1k7cpd9_zN~SDrjNznEaewK_IGbs7BP~n3HyGCTT66PxivxFr0b8RbZacFU1TwL5dqtohvt3amlDBRZE320;
        Max-Age=31536000; Domain=.paypal.com; Path=/; Secure; SameSite=Lax; HttpOnly
      Access-Control-Expose-Headers:
      - Server-Timing
      Application-Id:
      - APP-80W284485P519543T
      Cache-Control:
      - max-age=0, no-cache, no-store, must-revalidate
      Caller-Acct-Num:
      - <PAYPAL_PARTNER_MERCHANT_ID>
      Paypal-Debug-Id:
      - 348e82271b73f
      Server-Timing:
      - traceparent;desc="00-0000000000000000000348e82271b73f-0de945e8a79f7455-01"
      Vary:
      - Accept-Encoding
      Strict-Transport-Security:
      - max-age=31536000; includeSubDomains
    body:
      encoding: UTF-8
      string: '{"id":"75272077M94277423","intent":"CAPTURE","status":"CREATED","purchase_units":[{"reference_id":"default","amount":{"currency_code":"GBP","value":"0.80","breakdown":{"item_total":{"currency_code":"GBP","value":"0.66"},"shipping":{"currency_code":"GBP","value":"0.00"},"tax_total":{"currency_code":"GBP","value":"0.14"}}},"payee":{"merchant_id":"CJS32DZ7NDN5L"},"payment_instruction":{"platform_fees":[{"amount":{"currency_code":"GBP","value":"0.18"},"payee":{"email_address":"<PAYPAL_PARTNER_MERCHANT_EMAIL>"}}]},"invoice_id":"1P4aHrL_eETCOSXy-SvQDQ==","soft_descriptor":"edgare952600a47","items":[{"name":"The
        Works of Edgar Gumstein","unit_amount":{"currency_code":"GBP","value":"0.66"},"quantity":"1","sku":"v"}]}],"create_time":"2023-10-30T09:54:13Z","links":[{"href":"https://api.sandbox.paypal.com/v2/checkout/orders/75272077M94277423","rel":"self","method":"GET"},{"href":"https://www.sandbox.paypal.com/checkoutnow?token=75272077M94277423","rel":"approve","method":"GET"},{"href":"https://api.sandbox.paypal.com/v2/checkout/orders/75272077M94277423","rel":"update","method":"PATCH"},{"href":"https://api.sandbox.paypal.com/v2/checkout/orders/75272077M94277423/capture","rel":"capture","method":"POST"}]}'
  recorded_at: Mon, 30 Oct 2023 09:54:14 GMT
- request:
    method: post
    uri: https://api.sandbox.paypal.com/v2/checkout/orders/75272077M94277423/capture
    body:
      encoding: UTF-8
      string: '{"payment_source":{"token":{"id":"B-8AM85704X2276171X","type":"BILLING_AGREEMENT"}}}'
    headers:
      Accept:
      - application/json
      Accept-Language:
      - en_US
      Authorization:
      - Bearer A21AALR1uemlFDirrKiVW8pyaDLJa2_uLsB4WMRnMRP5NIKBR6bew8VYbvtfqxeaYOzW2R-gIxgSHos8L-_FGCPaBBXX9PUuQ
      Content-Type:
      - application/json
      Paypal-Partner-Attribution-Id:
      - Gumroad_SP_PCPP
      Paypal-Request-Id:
      - capture-75272077M94277423
      Prefer:
      - return=representation
      Accept-Encoding:
      - gzip
      Sdk-Name:
      - Checkout SDK
      Sdk-Version:
      - 1.0.4
      Sdk-Tech-Stack:
      - Ruby3.2.2
      Api-Integration-Type:
      - PAYPALSDK
      User-Agent:
      - PayPalSDK/rest-sdk-ruby 1.0.4 (paypal-checkout-sdk 1.0.4; ruby 3.2.2p53-arm64-darwin20;OpenSSL
        3.1.0 14 Mar 2023)
  response:
    status:
      code: 201
      message: Created
    headers:
      Content-Type:
      - application/json
      Content-Length:
      - '2894'
      Connection:
      - keep-alive
      Date:
      - Mon, 30 Oct 2023 09:54:17 GMT
      X-Datadome:
      - protected
      Accept-Ch:
      - Sec-CH-UA,Sec-CH-UA-Mobile,Sec-CH-UA-Platform,Sec-CH-UA-Arch,Sec-CH-UA-Full-Version-List,Sec-CH-UA-Model,Sec-CH-Device-Memory
      Set-Cookie:
      - datadome=divRUBsJ1Dfa9OuZc~~eMBkIwyfNLMrr3hklr4WLkStBfm8~5xgUDsZtO1s_yXavw81Qfw68cIes8Sgapbv0icTQeayq7g5miM4fENco8IfuHGIc1Rz9Qz4TTeSI3Q_5;
        Max-Age=31536000; Domain=.paypal.com; Path=/; Secure; SameSite=Lax; HttpOnly
      Access-Control-Expose-Headers:
      - Server-Timing
      Application-Id:
      - APP-80W284485P519543T
      Cache-Control:
      - max-age=0, no-cache, no-store, must-revalidate
      Caller-Acct-Num:
      - <PAYPAL_PARTNER_MERCHANT_ID>
      Paypal-Debug-Id:
      - 8d30d222143f9
      Server-Timing:
      - traceparent;desc="00-00000000000000000008d30d222143f9-22c5d7b5987876c2-01"
      Vary:
      - Accept-Encoding
      Strict-Transport-Security:
      - max-age=31536000; includeSubDomains
    body:
      encoding: UTF-8
      string: '{"id":"75272077M94277423","intent":"CAPTURE","status":"COMPLETED","payment_source":{"paypal":{"email_address":"paypal-gr-integspecs@gumroad.com","account_id":"92SVVJSWYT72E","account_status":"VERIFIED","name":{"given_name":"Gumbot","surname":"Gumstein"},"address":{"address_line_1":"1
        Main St","admin_area_2":"San Jose","admin_area_1":"CA","postal_code":"95131","country_code":"US"}}},"purchase_units":[{"reference_id":"default","amount":{"currency_code":"GBP","value":"0.80","breakdown":{"item_total":{"currency_code":"GBP","value":"0.66"},"shipping":{"currency_code":"GBP","value":"0.00"},"handling":{"currency_code":"GBP","value":"0.00"},"tax_total":{"currency_code":"GBP","value":"0.14"},"insurance":{"currency_code":"GBP","value":"0.00"},"shipping_discount":{"currency_code":"GBP","value":"0.00"}}},"payee":{"email_address":"sb-cuv033075110@personal.example.com","merchant_id":"CJS32DZ7NDN5L"},"payment_instruction":{"platform_fees":[{"amount":{"currency_code":"GBP","value":"0.18"},"payee":{"email_address":"<PAYPAL_PARTNER_MERCHANT_EMAIL>","merchant_id":"<PAYPAL_PARTNER_MERCHANT_ID>"}}]},"description":"The
        Works of Edgar Gumstein","invoice_id":"1P4aHrL_eETCOSXy-SvQDQ==","items":[{"name":"The
        Works of Edgar Gumstein","unit_amount":{"currency_code":"GBP","value":"0.66"},"tax":{"currency_code":"GBP","value":"0.00"},"quantity":"1","sku":"v"}],"shipping":{"name":{"full_name":"Gumbot
        Gumstein"}},"payments":{"captures":[{"id":"209848964U282300C","status":"COMPLETED","amount":{"currency_code":"GBP","value":"0.80"},"final_capture":true,"disbursement_mode":"INSTANT","seller_protection":{"status":"ELIGIBLE","dispute_categories":["ITEM_NOT_RECEIVED","UNAUTHORIZED_TRANSACTION"]},"seller_receivable_breakdown":{"gross_amount":{"currency_code":"GBP","value":"0.80"},"paypal_fee":{"currency_code":"GBP","value":"0.23"},"platform_fees":[{"amount":{"currency_code":"GBP","value":"0.18"},"payee":{"merchant_id":"<PAYPAL_PARTNER_MERCHANT_ID>"}}],"net_amount":{"currency_code":"GBP","value":"0.39"}},"invoice_id":"1P4aHrL_eETCOSXy-SvQDQ==","links":[{"href":"https://api.sandbox.paypal.com/v2/payments/captures/209848964U282300C","rel":"self","method":"GET"},{"href":"https://api.sandbox.paypal.com/v2/payments/captures/209848964U282300C/refund","rel":"refund","method":"POST"},{"href":"https://api.sandbox.paypal.com/v2/checkout/orders/75272077M94277423","rel":"up","method":"GET"}],"create_time":"2023-10-30T09:54:16Z","update_time":"2023-10-30T09:54:16Z"}]}}],"payer":{"name":{"given_name":"Gumbot","surname":"Gumstein"},"email_address":"paypal-gr-integspecs@gumroad.com","payer_id":"92SVVJSWYT72E","address":{"address_line_1":"1
        Main St","admin_area_2":"San Jose","admin_area_1":"CA","postal_code":"95131","country_code":"US"}},"create_time":"2023-10-30T09:54:13Z","update_time":"2023-10-30T09:54:16Z","links":[{"href":"https://api.sandbox.paypal.com/v2/checkout/orders/75272077M94277423","rel":"self","method":"GET"}]}'
  recorded_at: Mon, 30 Oct 2023 09:54:17 GMT
- request:
    method: post
    uri: https://api.sandbox.paypal.com/v2/payments/captures/209848964U282300C/refund
    body:
      encoding: UTF-8
      string: "{}"
    headers:
      Accept:
      - application/json
      Accept-Language:
      - en_US
      Authorization:
      - Bearer A21AALR1uemlFDirrKiVW8pyaDLJa2_uLsB4WMRnMRP5NIKBR6bew8VYbvtfqxeaYOzW2R-gIxgSHos8L-_FGCPaBBXX9PUuQ
      Content-Type:
      - application/json
      Paypal-Partner-Attribution-Id:
      - Gumroad_SP_PCPP
      Paypal-Request-Id:
      - refund-209848964U282300C-0-1698659657219744
      Prefer:
      - return=representation
      Paypal-Auth-Assertion:
      - eyJhbGciOiJub25lIn0=.eyJwYXllcl9pZCI6IkNKUzMyRFo3TkRONUwiLCJpc3MiOiJBYUR2TEl5RjBUVGVVQmpQQjAzcEFWR2NEUzVLQk16cWRyS3I1T1VFc3ZNZ0E2czlzM1M0d1pjVTRybVVQMjRaNzN4STZ4dGVjYjYyNWJsNiJ9.
      Accept-Encoding:
      - gzip
      Sdk-Name:
      - Checkout SDK
      Sdk-Version:
      - 1.0.4
      Sdk-Tech-Stack:
      - Ruby3.2.2
      Api-Integration-Type:
      - PAYPALSDK
      User-Agent:
      - PayPalSDK/rest-sdk-ruby 1.0.4 (paypal-checkout-sdk 1.0.4; ruby 3.2.2p53-arm64-darwin20;OpenSSL
        3.1.0 14 Mar 2023)
  response:
    status:
      code: 201
      message: Created
    headers:
      Content-Type:
      - application/json
      Content-Length:
      - '762'
      Connection:
      - keep-alive
      Date:
      - Mon, 30 Oct 2023 09:54:20 GMT
      X-Datadome:
      - protected
      Accept-Ch:
      - Sec-CH-UA,Sec-CH-UA-Mobile,Sec-CH-UA-Platform,Sec-CH-UA-Arch,Sec-CH-UA-Full-Version-List,Sec-CH-UA-Model,Sec-CH-Device-Memory
      Set-Cookie:
      - datadome=fxREnWtV7uc5mnBVsiyC5FjYwRQ7LDddrX4bBH3bhWg~WdF0UyHbPukXpMMhG5MnIWVz_D3zvJHv~cQ5n6u0y14rLifWTJGr41o_ZVBkDc7XdMliSTKhre0~vfvrCKQf;
        Max-Age=31536000; Domain=.paypal.com; Path=/; Secure; SameSite=Lax; HttpOnly
      Application-Id:
      - APP-80W284485P519543T
      Cache-Control:
      - max-age=0, no-cache, no-store, must-revalidate
      Caller-Acct-Num:
      - <PAYPAL_PARTNER_MERCHANT_ID>
      Paypal-Debug-Id:
      - afbb7bfb6bca3
      Vary:
      - Accept-Encoding
      Strict-Transport-Security:
      - max-age=31536000; includeSubDomains
    body:
      encoding: UTF-8
      string: '{"id":"3HH6246709472584X","amount":{"currency_code":"GBP","value":"0.80"},"seller_payable_breakdown":{"gross_amount":{"currency_code":"GBP","value":"0.80"},"paypal_fee":{"currency_code":"GBP","value":"0.03"},"platform_fees":[{"amount":{"currency_code":"GBP","value":"0.18"}}],"net_amount":{"currency_code":"GBP","value":"0.59"},"total_refunded_amount":{"currency_code":"GBP","value":"0.80"}},"invoice_id":"1P4aHrL_eETCOSXy-SvQDQ==","status":"COMPLETED","create_time":"2023-10-30T02:54:19-07:00","update_time":"2023-10-30T02:54:19-07:00","links":[{"href":"https://api.sandbox.paypal.com/v2/payments/refunds/3HH6246709472584X","rel":"self","method":"GET"},{"href":"https://api.sandbox.paypal.com/v2/payments/captures/209848964U282300C","rel":"up","method":"GET"}]}'
  recorded_at: Mon, 30 Oct 2023 09:54:20 GMT
recorded_with: VCR 6.2.0
