---
http_interactions:
- request:
    method: post
    uri: https://api.stripe.com/v1/payment_methods
    body:
      encoding: UTF-8
      string: type=card&card[number]=4242+4242+4242+4242&card[exp_month]=12&card[exp_year]=2021&card[cvc]=123
    headers:
      User-Agent:
      - Stripe/v1 RubyBindings/5.28.0
      Authorization:
      - Bearer <STRIPE_API_KEY>
      Content-Type:
      - application/x-www-form-urlencoded
      Stripe-Version:
      - '2023-10-16'
      X-Stripe-Client-User-Agent:
      - '{"bindings_version":"5.28.0","lang":"ruby","lang_version":"2.7.2 p137 (2020-10-01)","platform":"x86_64-darwin18","engine":"ruby","publisher":"stripe","uname":"Darwin
        Irinas-MacBook.local 18.0.0 Darwin Kernel Version 18.0.0: Wed Aug 22 20:13:40
        PDT 2018; root:xnu-4903.201.2~1/RELEASE_X86_64 x86_64","hostname":"Irinas-MacBook.local"}'
      Accept-Encoding:
      - gzip;q=1.0,deflate;q=0.6,identity;q=0.3
      Accept:
      - "*/*"
  response:
    status:
      code: 200
      message: OK
    headers:
      Server:
      - nginx
      Date:
      - Wed, 27 Jan 2021 21:59:58 GMT
      Content-Type:
      - application/json
      Content-Length:
      - '935'
      Connection:
      - keep-alive
      Access-Control-Allow-Credentials:
      - 'true'
      Access-Control-Allow-Methods:
      - GET, POST, HEAD, OPTIONS, DELETE
      Access-Control-Allow-Origin:
      - "*"
      Access-Control-Expose-Headers:
      - Request-Id, Stripe-Manage-Version, X-Stripe-External-Auth-Required, X-Stripe-Privileged-Session-Required
      Access-Control-Max-Age:
      - '300'
      Cache-Control:
      - no-cache, no-store
      Request-Id:
      - req_csb1DCk2LatSpa
      Stripe-Version:
      - '2023-10-16'
      X-Stripe-C-Cost:
      - '1'
      Strict-Transport-Security:
      - max-age=31556926; includeSubDomains; preload
    body:
      encoding: UTF-8
      string: |
        {
          "id": "pm_0IEM3N9e1RjUNIyYU87fETO6",
          "object": "payment_method",
          "billing_details": {
            "address": {
              "city": null,
              "country": null,
              "line1": null,
              "line2": null,
              "postal_code": null,
              "state": null
            },
            "email": null,
            "name": null,
            "phone": null
          },
          "card": {
            "brand": "visa",
            "checks": {
              "address_line1_check": null,
              "address_postal_code_check": null,
              "cvc_check": "unchecked"
            },
            "country": "US",
            "exp_month": 12,
            "exp_year": 2021,
            "fingerprint": "W691J2Ye3VDoq6Ij",
            "funding": "credit",
            "generated_from": null,
            "last4": "4242",
            "networks": {
              "available": [
                "visa"
              ],
              "preferred": null
            },
            "three_d_secure_usage": {
              "supported": true
            },
            "wallet": null
          },
          "created": 1611784798,
          "customer": null,
          "livemode": false,
          "metadata": {
          },
          "type": "card"
        }
  recorded_at: Wed, 27 Jan 2021 21:59:58 GMT
- request:
    method: post
    uri: https://api.stripe.com/v1/payment_methods
    body:
      encoding: UTF-8
      string: type=card&card[number]=4000+0000+0000+0341&card[exp_month]=12&card[exp_year]=2021&card[cvc]=123
    headers:
      User-Agent:
      - Stripe/v1 RubyBindings/5.28.0
      Authorization:
      - Bearer <STRIPE_API_KEY>
      Content-Type:
      - application/x-www-form-urlencoded
      X-Stripe-Client-Telemetry:
      - '{"last_request_metrics":{"request_id":"req_csb1DCk2LatSpa","request_duration_ms":1203}}'
      Stripe-Version:
      - '2023-10-16'
      X-Stripe-Client-User-Agent:
      - '{"bindings_version":"5.28.0","lang":"ruby","lang_version":"2.7.2 p137 (2020-10-01)","platform":"x86_64-darwin18","engine":"ruby","publisher":"stripe","uname":"Darwin
        Irinas-MacBook.local 18.0.0 Darwin Kernel Version 18.0.0: Wed Aug 22 20:13:40
        PDT 2018; root:xnu-4903.201.2~1/RELEASE_X86_64 x86_64","hostname":"Irinas-MacBook.local"}'
      Accept-Encoding:
      - gzip;q=1.0,deflate;q=0.6,identity;q=0.3
      Accept:
      - "*/*"
  response:
    status:
      code: 200
      message: OK
    headers:
      Server:
      - nginx
      Date:
      - Wed, 27 Jan 2021 21:59:59 GMT
      Content-Type:
      - application/json
      Content-Length:
      - '935'
      Connection:
      - keep-alive
      Access-Control-Allow-Credentials:
      - 'true'
      Access-Control-Allow-Methods:
      - GET, POST, HEAD, OPTIONS, DELETE
      Access-Control-Allow-Origin:
      - "*"
      Access-Control-Expose-Headers:
      - Request-Id, Stripe-Manage-Version, X-Stripe-External-Auth-Required, X-Stripe-Privileged-Session-Required
      Access-Control-Max-Age:
      - '300'
      Cache-Control:
      - no-cache, no-store
      Request-Id:
      - req_JnReRQefdkxg9f
      Stripe-Version:
      - '2023-10-16'
      X-Stripe-C-Cost:
      - '1'
      Strict-Transport-Security:
      - max-age=31556926; includeSubDomains; preload
    body:
      encoding: UTF-8
      string: |
        {
          "id": "pm_0IEM3O9e1RjUNIyYoAtaRVy9",
          "object": "payment_method",
          "billing_details": {
            "address": {
              "city": null,
              "country": null,
              "line1": null,
              "line2": null,
              "postal_code": null,
              "state": null
            },
            "email": null,
            "name": null,
            "phone": null
          },
          "card": {
            "brand": "visa",
            "checks": {
              "address_line1_check": null,
              "address_postal_code_check": null,
              "cvc_check": "unchecked"
            },
            "country": "US",
            "exp_month": 12,
            "exp_year": 2021,
            "fingerprint": "waikMtIz0irgsfaY",
            "funding": "credit",
            "generated_from": null,
            "last4": "0341",
            "networks": {
              "available": [
                "visa"
              ],
              "preferred": null
            },
            "three_d_secure_usage": {
              "supported": true
            },
            "wallet": null
          },
          "created": 1611784799,
          "customer": null,
          "livemode": false,
          "metadata": {
          },
          "type": "card"
        }
  recorded_at: Wed, 27 Jan 2021 21:59:59 GMT
- request:
    method: get
    uri: https://api.stripe.com/v1/payment_methods/pm_0IEM3N9e1RjUNIyYU87fETO6
    body:
      encoding: US-ASCII
      string: ''
    headers:
      User-Agent:
      - Stripe/v1 RubyBindings/5.28.0
      Authorization:
      - Bearer <STRIPE_API_KEY>
      Content-Type:
      - application/x-www-form-urlencoded
      X-Stripe-Client-Telemetry:
      - '{"last_request_metrics":{"request_id":"req_JnReRQefdkxg9f","request_duration_ms":828}}'
      Stripe-Version:
      - '2023-10-16'
      X-Stripe-Client-User-Agent:
      - '{"bindings_version":"5.28.0","lang":"ruby","lang_version":"2.7.2 p137 (2020-10-01)","platform":"x86_64-darwin18","engine":"ruby","publisher":"stripe","uname":"Darwin
        Irinas-MacBook.local 18.0.0 Darwin Kernel Version 18.0.0: Wed Aug 22 20:13:40
        PDT 2018; root:xnu-4903.201.2~1/RELEASE_X86_64 x86_64","hostname":"Irinas-MacBook.local"}'
      Accept-Encoding:
      - gzip;q=1.0,deflate;q=0.6,identity;q=0.3
      Accept:
      - "*/*"
  response:
    status:
      code: 200
      message: OK
    headers:
      Server:
      - nginx
      Date:
      - Wed, 27 Jan 2021 22:00:02 GMT
      Content-Type:
      - application/json
      Content-Length:
      - '935'
      Connection:
      - keep-alive
      Access-Control-Allow-Credentials:
      - 'true'
      Access-Control-Allow-Methods:
      - GET, POST, HEAD, OPTIONS, DELETE
      Access-Control-Allow-Origin:
      - "*"
      Access-Control-Expose-Headers:
      - Request-Id, Stripe-Manage-Version, X-Stripe-External-Auth-Required, X-Stripe-Privileged-Session-Required
      Access-Control-Max-Age:
      - '300'
      Cache-Control:
      - no-cache, no-store
      Request-Id:
      - req_edvusOYvP7qZK5
      Stripe-Version:
      - '2023-10-16'
      X-Stripe-C-Cost:
      - '0'
      Strict-Transport-Security:
      - max-age=31556926; includeSubDomains; preload
    body:
      encoding: UTF-8
      string: |
        {
          "id": "pm_0IEM3N9e1RjUNIyYU87fETO6",
          "object": "payment_method",
          "billing_details": {
            "address": {
              "city": null,
              "country": null,
              "line1": null,
              "line2": null,
              "postal_code": null,
              "state": null
            },
            "email": null,
            "name": null,
            "phone": null
          },
          "card": {
            "brand": "visa",
            "checks": {
              "address_line1_check": null,
              "address_postal_code_check": null,
              "cvc_check": "unchecked"
            },
            "country": "US",
            "exp_month": 12,
            "exp_year": 2021,
            "fingerprint": "W691J2Ye3VDoq6Ij",
            "funding": "credit",
            "generated_from": null,
            "last4": "4242",
            "networks": {
              "available": [
                "visa"
              ],
              "preferred": null
            },
            "three_d_secure_usage": {
              "supported": true
            },
            "wallet": null
          },
          "created": 1611784798,
          "customer": null,
          "livemode": false,
          "metadata": {
          },
          "type": "card"
        }
  recorded_at: Wed, 27 Jan 2021 22:00:02 GMT
- request:
    method: post
    uri: https://api.stripe.com/v1/customers
    body:
      encoding: UTF-8
      string: description=&payment_method=pm_0IEM3N9e1RjUNIyYU87fETO6
    headers:
      User-Agent:
      - Stripe/v1 RubyBindings/5.28.0
      Authorization:
      - Bearer <STRIPE_API_KEY>
      Content-Type:
      - application/x-www-form-urlencoded
      X-Stripe-Client-Telemetry:
      - '{"last_request_metrics":{"request_id":"req_edvusOYvP7qZK5","request_duration_ms":477}}'
      Stripe-Version:
      - '2023-10-16'
      X-Stripe-Client-User-Agent:
      - '{"bindings_version":"5.28.0","lang":"ruby","lang_version":"2.7.2 p137 (2020-10-01)","platform":"x86_64-darwin18","engine":"ruby","publisher":"stripe","uname":"Darwin
        Irinas-MacBook.local 18.0.0 Darwin Kernel Version 18.0.0: Wed Aug 22 20:13:40
        PDT 2018; root:xnu-4903.201.2~1/RELEASE_X86_64 x86_64","hostname":"Irinas-MacBook.local"}'
      Accept-Encoding:
      - gzip;q=1.0,deflate;q=0.6,identity;q=0.3
      Accept:
      - "*/*"
  response:
    status:
      code: 200
      message: OK
    headers:
      Server:
      - nginx
      Date:
      - Wed, 27 Jan 2021 22:00:03 GMT
      Content-Type:
      - application/json
      Content-Length:
      - '569'
      Connection:
      - keep-alive
      Access-Control-Allow-Credentials:
      - 'true'
      Access-Control-Allow-Methods:
      - GET, POST, HEAD, OPTIONS, DELETE
      Access-Control-Allow-Origin:
      - "*"
      Access-Control-Expose-Headers:
      - Request-Id, Stripe-Manage-Version, X-Stripe-External-Auth-Required, X-Stripe-Privileged-Session-Required
      Access-Control-Max-Age:
      - '300'
      Cache-Control:
      - no-cache, no-store
      Request-Id:
      - req_8NCFVJ7jC7QHQI
      Stripe-Version:
      - '2023-10-16'
      X-Stripe-C-Cost:
      - '12'
      Strict-Transport-Security:
      - max-age=31556926; includeSubDomains; preload
    body:
      encoding: UTF-8
      string: |
        {
          "id": "cus_Iq278exgLyDA4Q",
          "object": "customer",
          "address": null,
          "balance": 0,
          "created": 1611784802,
          "currency": null,
          "default_source": null,
          "delinquent": false,
          "description": null,
          "discount": null,
          "email": null,
          "invoice_prefix": "49C4DD48",
          "invoice_settings": {
            "custom_fields": null,
            "default_payment_method": null,
            "footer": null
          },
          "livemode": false,
          "metadata": {
          },
          "name": null,
          "next_invoice_sequence": 1,
          "phone": null,
          "preferred_locales": [

          ],
          "shipping": null,
          "tax_exempt": "none"
        }
  recorded_at: Wed, 27 Jan 2021 22:00:03 GMT
- request:
    method: post
    uri: https://api.stripe.com/v1/setup_intents
    body:
      encoding: UTF-8
      string: confirm=true&usage=off_session&payment_method=pm_0IEM3N9e1RjUNIyYU87fETO6&customer=cus_Iq278exgLyDA4Q
    headers:
      User-Agent:
      - Stripe/v1 RubyBindings/5.28.0
      Authorization:
      - Bearer <STRIPE_API_KEY>
      Content-Type:
      - application/x-www-form-urlencoded
      X-Stripe-Client-Telemetry:
      - '{"last_request_metrics":{"request_id":"req_8NCFVJ7jC7QHQI","request_duration_ms":1523}}'
      Stripe-Version:
      - '2023-10-16'
      X-Stripe-Client-User-Agent:
      - '{"bindings_version":"5.28.0","lang":"ruby","lang_version":"2.7.2 p137 (2020-10-01)","platform":"x86_64-darwin18","engine":"ruby","publisher":"stripe","uname":"Darwin
        Irinas-MacBook.local 18.0.0 Darwin Kernel Version 18.0.0: Wed Aug 22 20:13:40
        PDT 2018; root:xnu-4903.201.2~1/RELEASE_X86_64 x86_64","hostname":"Irinas-MacBook.local"}'
      Accept-Encoding:
      - gzip;q=1.0,deflate;q=0.6,identity;q=0.3
      Accept:
      - "*/*"
  response:
    status:
      code: 200
      message: OK
    headers:
      Server:
      - nginx
      Date:
      - Wed, 27 Jan 2021 22:00:05 GMT
      Content-Type:
      - application/json
      Content-Length:
      - '767'
      Connection:
      - keep-alive
      Access-Control-Allow-Credentials:
      - 'true'
      Access-Control-Allow-Methods:
      - GET, POST, HEAD, OPTIONS, DELETE
      Access-Control-Allow-Origin:
      - "*"
      Access-Control-Expose-Headers:
      - Request-Id, Stripe-Manage-Version, X-Stripe-External-Auth-Required, X-Stripe-Privileged-Session-Required
      Access-Control-Max-Age:
      - '300'
      Cache-Control:
      - no-cache, no-store
      Request-Id:
      - req_jsb0eSFzMSZVLe
      Stripe-Version:
      - '2023-10-16'
      X-Stripe-C-Cost:
      - '1'
      Strict-Transport-Security:
      - max-age=31556926; includeSubDomains; preload
    body:
      encoding: UTF-8
      string: |
        {
          "id": "seti_0IEM3U9e1RjUNIyYA8yjKeih",
          "object": "setup_intent",
          "application": null,
          "cancellation_reason": null,
          "client_secret": "seti_0IEM3U9e1RjUNIyYA8yjKeih_secret_Iq27K8kTy6lJ0XnVwlwhzEDFZ5dXlrg",
          "created": 1611784804,
          "customer": "cus_Iq278exgLyDA4Q",
          "description": null,
          "last_setup_error": null,
          "latest_attempt": "setatt_0IEM3U9e1RjUNIyY1kpxSNAZ",
          "livemode": false,
          "mandate": null,
          "metadata": {
          },
          "next_action": null,
          "on_behalf_of": null,
          "payment_method": "pm_0IEM3N9e1RjUNIyYU87fETO6",
          "payment_method_options": {
            "card": {
              "request_three_d_secure": "automatic"
            }
          },
          "payment_method_types": [
            "card"
          ],
          "single_use_mandate": null,
          "status": "succeeded",
          "usage": "off_session"
        }
  recorded_at: Wed, 27 Jan 2021 22:00:05 GMT
- request:
    method: get
    uri: https://api.stripe.com/v1/payment_methods/pm_0IEM3O9e1RjUNIyYoAtaRVy9
    body:
      encoding: US-ASCII
      string: ''
    headers:
      User-Agent:
      - Stripe/v1 RubyBindings/5.28.0
      Authorization:
      - Bearer <STRIPE_API_KEY>
      Content-Type:
      - application/x-www-form-urlencoded
      X-Stripe-Client-Telemetry:
      - '{"last_request_metrics":{"request_id":"req_jsb0eSFzMSZVLe","request_duration_ms":1677}}'
      Stripe-Version:
      - '2023-10-16'
      X-Stripe-Client-User-Agent:
      - '{"bindings_version":"5.28.0","lang":"ruby","lang_version":"2.7.2 p137 (2020-10-01)","platform":"x86_64-darwin18","engine":"ruby","publisher":"stripe","uname":"Darwin
        Irinas-MacBook.local 18.0.0 Darwin Kernel Version 18.0.0: Wed Aug 22 20:13:40
        PDT 2018; root:xnu-4903.201.2~1/RELEASE_X86_64 x86_64","hostname":"Irinas-MacBook.local"}'
      Accept-Encoding:
      - gzip;q=1.0,deflate;q=0.6,identity;q=0.3
      Accept:
      - "*/*"
  response:
    status:
      code: 200
      message: OK
    headers:
      Server:
      - nginx
      Date:
      - Wed, 27 Jan 2021 22:00:06 GMT
      Content-Type:
      - application/json
      Content-Length:
      - '935'
      Connection:
      - keep-alive
      Access-Control-Allow-Credentials:
      - 'true'
      Access-Control-Allow-Methods:
      - GET, POST, HEAD, OPTIONS, DELETE
      Access-Control-Allow-Origin:
      - "*"
      Access-Control-Expose-Headers:
      - Request-Id, Stripe-Manage-Version, X-Stripe-External-Auth-Required, X-Stripe-Privileged-Session-Required
      Access-Control-Max-Age:
      - '300'
      Cache-Control:
      - no-cache, no-store
      Request-Id:
      - req_CbyefDdJUSOWFP
      Stripe-Version:
      - '2023-10-16'
      X-Stripe-C-Cost:
      - '0'
      Strict-Transport-Security:
      - max-age=31556926; includeSubDomains; preload
    body:
      encoding: UTF-8
      string: |
        {
          "id": "pm_0IEM3O9e1RjUNIyYoAtaRVy9",
          "object": "payment_method",
          "billing_details": {
            "address": {
              "city": null,
              "country": null,
              "line1": null,
              "line2": null,
              "postal_code": null,
              "state": null
            },
            "email": null,
            "name": null,
            "phone": null
          },
          "card": {
            "brand": "visa",
            "checks": {
              "address_line1_check": null,
              "address_postal_code_check": null,
              "cvc_check": "unchecked"
            },
            "country": "US",
            "exp_month": 12,
            "exp_year": 2021,
            "fingerprint": "waikMtIz0irgsfaY",
            "funding": "credit",
            "generated_from": null,
            "last4": "0341",
            "networks": {
              "available": [
                "visa"
              ],
              "preferred": null
            },
            "three_d_secure_usage": {
              "supported": true
            },
            "wallet": null
          },
          "created": 1611784799,
          "customer": null,
          "livemode": false,
          "metadata": {
          },
          "type": "card"
        }
  recorded_at: Wed, 27 Jan 2021 22:00:06 GMT
- request:
    method: post
    uri: https://api.stripe.com/v1/customers
    body:
      encoding: UTF-8
      string: description=&payment_method=pm_0IEM3O9e1RjUNIyYoAtaRVy9
    headers:
      User-Agent:
      - Stripe/v1 RubyBindings/5.28.0
      Authorization:
      - Bearer <STRIPE_API_KEY>
      Content-Type:
      - application/x-www-form-urlencoded
      X-Stripe-Client-Telemetry:
      - '{"last_request_metrics":{"request_id":"req_CbyefDdJUSOWFP","request_duration_ms":496}}'
      Stripe-Version:
      - '2023-10-16'
      X-Stripe-Client-User-Agent:
      - '{"bindings_version":"5.28.0","lang":"ruby","lang_version":"2.7.2 p137 (2020-10-01)","platform":"x86_64-darwin18","engine":"ruby","publisher":"stripe","uname":"Darwin
        Irinas-MacBook.local 18.0.0 Darwin Kernel Version 18.0.0: Wed Aug 22 20:13:40
        PDT 2018; root:xnu-4903.201.2~1/RELEASE_X86_64 x86_64","hostname":"Irinas-MacBook.local"}'
      Accept-Encoding:
      - gzip;q=1.0,deflate;q=0.6,identity;q=0.3
      Accept:
      - "*/*"
  response:
    status:
      code: 200
      message: OK
    headers:
      Server:
      - nginx
      Date:
      - Wed, 27 Jan 2021 22:00:07 GMT
      Content-Type:
      - application/json
      Content-Length:
      - '569'
      Connection:
      - keep-alive
      Access-Control-Allow-Credentials:
      - 'true'
      Access-Control-Allow-Methods:
      - GET, POST, HEAD, OPTIONS, DELETE
      Access-Control-Allow-Origin:
      - "*"
      Access-Control-Expose-Headers:
      - Request-Id, Stripe-Manage-Version, X-Stripe-External-Auth-Required, X-Stripe-Privileged-Session-Required
      Access-Control-Max-Age:
      - '300'
      Cache-Control:
      - no-cache, no-store
      Request-Id:
      - req_s18FVUpB3hFhel
      Stripe-Version:
      - '2023-10-16'
      X-Stripe-C-Cost:
      - '12'
      Strict-Transport-Security:
      - max-age=31556926; includeSubDomains; preload
    body:
      encoding: UTF-8
      string: |
        {
          "id": "cus_Iq272W1Kfn6kdU",
          "object": "customer",
          "address": null,
          "balance": 0,
          "created": 1611784806,
          "currency": null,
          "default_source": null,
          "delinquent": false,
          "description": null,
          "discount": null,
          "email": null,
          "invoice_prefix": "98B153C8",
          "invoice_settings": {
            "custom_fields": null,
            "default_payment_method": null,
            "footer": null
          },
          "livemode": false,
          "metadata": {
          },
          "name": null,
          "next_invoice_sequence": 1,
          "phone": null,
          "preferred_locales": [

          ],
          "shipping": null,
          "tax_exempt": "none"
        }
  recorded_at: Wed, 27 Jan 2021 22:00:07 GMT
- request:
    method: post
    uri: https://api.stripe.com/v1/payment_intents
    body:
      encoding: UTF-8
      string: amount=600&currency=usd&description=You+bought+http%3A%2F%2F127.0.0.1%3A31337%2Fl%2FV&metadata[purchase]=P5ppE6H8XIjy2JSCgUhbAw%3D%3D&transfer_group=2&confirmation_method=manual&confirm=true&off_session=true&customer=cus_Iq272W1Kfn6kdU&payment_method=pm_0IEM3O9e1RjUNIyYoAtaRVy9&statement_descriptor_suffix=Gumroad
    headers:
      User-Agent:
      - Stripe/v1 RubyBindings/5.28.0
      Authorization:
      - Bearer <STRIPE_API_KEY>
      Content-Type:
      - application/x-www-form-urlencoded
      X-Stripe-Client-Telemetry:
      - '{"last_request_metrics":{"request_id":"req_s18FVUpB3hFhel","request_duration_ms":1541}}'
      Stripe-Version:
      - '2023-10-16'
      X-Stripe-Client-User-Agent:
      - '{"bindings_version":"5.28.0","lang":"ruby","lang_version":"2.7.2 p137 (2020-10-01)","platform":"x86_64-darwin18","engine":"ruby","publisher":"stripe","uname":"Darwin
        Irinas-MacBook.local 18.0.0 Darwin Kernel Version 18.0.0: Wed Aug 22 20:13:40
        PDT 2018; root:xnu-4903.201.2~1/RELEASE_X86_64 x86_64","hostname":"Irinas-MacBook.local"}'
      Accept-Encoding:
      - gzip;q=1.0,deflate;q=0.6,identity;q=0.3
      Accept:
      - "*/*"
  response:
    status:
      code: 402
      message: Payment Required
    headers:
      Server:
      - nginx
      Date:
      - Wed, 27 Jan 2021 22:00:09 GMT
      Content-Type:
      - application/json
      Content-Length:
      - '8102'
      Connection:
      - keep-alive
      Access-Control-Allow-Credentials:
      - 'true'
      Access-Control-Allow-Methods:
      - GET, POST, HEAD, OPTIONS, DELETE
      Access-Control-Allow-Origin:
      - "*"
      Access-Control-Expose-Headers:
      - Request-Id, Stripe-Manage-Version, X-Stripe-External-Auth-Required, X-Stripe-Privileged-Session-Required
      Access-Control-Max-Age:
      - '300'
      Cache-Control:
      - no-cache, no-store
      Request-Id:
      - req_WxzrquPwAJbQoi
      Stripe-Version:
      - '2023-10-16'
      X-Stripe-C-Cost:
      - '2'
      Strict-Transport-Security:
      - max-age=31556926; includeSubDomains; preload
    body:
      encoding: UTF-8
      string: |
        {
          "error": {
            "charge": "ch_0IEM3Y9e1RjUNIyYbSDnKckQ",
            "code": "processing_error",
            "decline_code": "generic_decline",
            "doc_url": "https://stripe.com/docs/error-codes/card-declined",
            "message": "Your card was declined.",
            "payment_intent": {
              "id": "pi_0IEM3Y9e1RjUNIyY6BU8NNdR",
              "object": "payment_intent",
              "amount": 600,
              "amount_capturable": 0,
              "amount_received": 0,
              "application": null,
              "application_fee_amount": null,
              "canceled_at": null,
              "cancellation_reason": null,
              "capture_method": "automatic",
              "charges": {
                "object": "list",
                "data": [
                  {
                    "id": "ch_0IEM3Y9e1RjUNIyYbSDnKckQ",
                    "object": "charge",
                    "amount": 600,
                    "amount_captured": 0,
                    "amount_refunded": 0,
                    "amount_updates": [

                    ],
                    "application": null,
                    "application_fee": null,
                    "application_fee_amount": null,
                    "balance_transaction": null,
                    "billing_details": {
                      "address": {
                        "city": null,
                        "country": null,
                        "line1": null,
                        "line2": null,
                        "postal_code": null,
                        "state": null
                      },
                      "email": null,
                      "name": null,
                      "phone": null
                    },
                    "calculated_statement_descriptor": "GUM.CO/CC* GUMROAD",
                    "captured": false,
                    "created": 1611784808,
                    "currency": "usd",
                    "customer": "cus_Iq272W1Kfn6kdU",
                    "description": "You bought http://127.0.0.1:31337/l/V",
                    "destination": null,
                    "dispute": null,
                    "disputed": false,
                    "failure_code": "processing_error",
                    "failure_message": "Your card was declined.",
                    "fraud_details": {
                    },
                    "invoice": null,
                    "livemode": false,
                    "metadata": {
                      "purchase": "P5ppE6H8XIjy2JSCgUhbAw=="
                    },
                    "on_behalf_of": null,
                    "order": null,
                    "outcome": {
                      "network_status": "declined_by_network",
                      "reason": "generic_decline",
                      "risk_level": "normal",
                      "risk_score": 57,
                      "seller_message": "The bank did not return any further details with this decline.",
                      "type": "issuer_declined"
                    },
                    "paid": false,
                    "payment_intent": "pi_0IEM3Y9e1RjUNIyY6BU8NNdR",
                    "payment_method": "pm_0IEM3O9e1RjUNIyYoAtaRVy9",
                    "payment_method_details": {
                      "card": {
                        "brand": "visa",
                        "checks": {
                          "address_line1_check": null,
                          "address_postal_code_check": null,
                          "cvc_check": "pass"
                        },
                        "country": "US",
                        "exp_month": 12,
                        "exp_year": 2021,
                        "fingerprint": "waikMtIz0irgsfaY",
                        "funding": "credit",
                        "installments": null,
                        "last4": "0341",
                        "network": "visa",
                        "three_d_secure": null,
                        "wallet": null
                      },
                      "type": "card"
                    },
                    "receipt_email": null,
                    "receipt_number": null,
                    "receipt_url": null,
                    "refunded": false,
                    "refunds": {
                      "object": "list",
                      "data": [

                      ],
                      "has_more": false,
                      "total_count": 0,
                      "url": "/v1/charges/ch_0IEM3Y9e1RjUNIyYbSDnKckQ/refunds"
                    },
                    "review": null,
                    "shipping": null,
                    "source": null,
                    "source_transfer": null,
                    "statement_descriptor": null,
                    "statement_descriptor_suffix": "Gumroad",
                    "status": "failed",
                    "transfer_data": null,
                    "transfer_group": "2"
                  }
                ],
                "has_more": false,
                "total_count": 1,
                "url": "/v1/charges?payment_intent=pi_0IEM3Y9e1RjUNIyY6BU8NNdR"
              },
              "client_secret": "pi_0IEM3Y9e1RjUNIyY6BU8NNdR_secret_22z0AmjKQrQlUYxfPZx6COD9c",
              "confirmation_method": "manual",
              "created": 1611784808,
              "currency": "usd",
              "customer": "cus_Iq272W1Kfn6kdU",
              "description": "You bought http://127.0.0.1:31337/l/V",
              "invoice": null,
              "last_payment_error": {
                "charge": "ch_0IEM3Y9e1RjUNIyYbSDnKckQ",
                "code": "processing_error",
                "decline_code": "generic_decline",
                "doc_url": "https://stripe.com/docs/error-codes/card-declined",
                "message": "Your card was declined.",
                "payment_method": {
                  "id": "pm_0IEM3O9e1RjUNIyYoAtaRVy9",
                  "object": "payment_method",
                  "billing_details": {
                    "address": {
                      "city": null,
                      "country": null,
                      "line1": null,
                      "line2": null,
                      "postal_code": null,
                      "state": null
                    },
                    "email": null,
                    "name": null,
                    "phone": null
                  },
                  "card": {
                    "brand": "visa",
                    "checks": {
                      "address_line1_check": null,
                      "address_postal_code_check": null,
                      "cvc_check": "pass"
                    },
                    "country": "US",
                    "exp_month": 12,
                    "exp_year": 2021,
                    "fingerprint": "waikMtIz0irgsfaY",
                    "funding": "credit",
                    "generated_from": null,
                    "last4": "0341",
                    "networks": {
                      "available": [
                        "visa"
                      ],
                      "preferred": null
                    },
                    "three_d_secure_usage": {
                      "supported": true
                    },
                    "wallet": null
                  },
                  "created": 1611784799,
                  "customer": "cus_Iq272W1Kfn6kdU",
                  "livemode": false,
                  "metadata": {
                  },
                  "type": "card"
                },
                "type": "card_error"
              },
              "livemode": false,
              "metadata": {
                "purchase": "P5ppE6H8XIjy2JSCgUhbAw=="
              },
              "next_action": null,
              "on_behalf_of": null,
              "payment_method": null,
              "payment_method_options": {
                "card": {
                  "installments": null,
                  "network": null,
                  "request_three_d_secure": "automatic"
                }
              },
              "payment_method_types": [
                "card"
              ],
              "receipt_email": null,
              "review": null,
              "setup_future_usage": null,
              "shipping": null,
              "source": null,
              "statement_descriptor": null,
              "statement_descriptor_suffix": "Gumroad",
              "status": "requires_payment_method",
              "transfer_data": null,
              "transfer_group": "2"
            },
            "payment_method": {
              "id": "pm_0IEM3O9e1RjUNIyYoAtaRVy9",
              "object": "payment_method",
              "billing_details": {
                "address": {
                  "city": null,
                  "country": null,
                  "line1": null,
                  "line2": null,
                  "postal_code": null,
                  "state": null
                },
                "email": null,
                "name": null,
                "phone": null
              },
              "card": {
                "brand": "visa",
                "checks": {
                  "address_line1_check": null,
                  "address_postal_code_check": null,
                  "cvc_check": "pass"
                },
                "country": "US",
                "exp_month": 12,
                "exp_year": 2021,
                "fingerprint": "waikMtIz0irgsfaY",
                "funding": "credit",
                "generated_from": null,
                "last4": "0341",
                "networks": {
                  "available": [
                    "visa"
                  ],
                  "preferred": null
                },
                "three_d_secure_usage": {
                  "supported": true
                },
                "wallet": null
              },
              "created": 1611784799,
              "customer": "cus_Iq272W1Kfn6kdU",
              "livemode": false,
              "metadata": {
              },
              "type": "card"
            },
            "type": "card_error"
          }
        }
  recorded_at: Wed, 27 Jan 2021 22:00:09 GMT
recorded_with: VCR 6.0.0
