---
http_interactions:
- request:
    method: post
    uri: https://api.stripe.com/v1/accounts
    body:
      encoding: UTF-8
      string: type=custom&requested_capabilities[0]=card_payments&requested_capabilities[1]=transfers&country=US&default_currency=usd&metadata[user_id]=421304272562&metadata[tos_agreement_id]=0gK25I2vTHhaNe_zz7kNPw%3D%3D&metadata[user_compliance_info_id]=wOWTL9y_5-M4Ehz3GWFMEg%3D%3D&metadata[bank_account_id]=0gK25I2vTHhaNe_zz7kNPw%3D%3D&tos_acceptance[date]=1714568653&tos_acceptance[ip]=54.234.242.13&business_type=individual&business_profile[name]=Chuck+Bartowski&business_profile[url]=https%3A%2F%2Fvipul.gumroad.com%2F&business_profile[product_description]=Chuck+Bartowski&individual[first_name]=Chuck&individual[last_name]=Bartowski&individual[email]=chuck%40gum.com&individual[phone]=0000000000&individual[address][line1]=address_full_match&individual[address][city]=San+Francisco&individual[address][state]=California&individual[address][postal_code]=94107&individual[address][country]=US&individual[dob][day]=1&individual[dob][month]=1&individual[dob][year]=1901&individual[ssn_last_4]=0000&bank_account[country]=US&bank_account[currency]=usd&bank_account[account_number]=000123456789&bank_account[routing_number]=110000000&settings[payouts][schedule][interval]=manual&settings[payouts][debit_negative_balances]=true
    headers:
      User-Agent:
      - Stripe/v1 RubyBindings/11.2.0
      Authorization:
      - Bearer <STRIPE_API_KEY>
      Content-Type:
      - application/x-www-form-urlencoded
      X-Stripe-Client-Telemetry:
      - '{"last_request_metrics":{"request_id":"req_H0vso5VFkDevwN","request_duration_ms":8390}}'
      Idempotency-Key:
      - 6a398cc9-1930-420e-81d5-bd4892ed102d
      Stripe-Version:
      - '2023-10-16'
      X-Stripe-Client-User-Agent:
      - '{"bindings_version":"11.2.0","lang":"ruby","lang_version":"3.2.2 p53 (2023-03-30)","platform":"arm64-darwin20","engine":"ruby","publisher":"stripe","uname":"Darwin
        Harbakshs-MacBook-Air.local 20.5.0 Darwin Kernel Version 20.5.0: Sat May  8
        05:10:31 PDT 2021; root:xnu-7195.121.3~9/RELEASE_ARM64_T8101 arm64","hostname":"Harbakshs-MacBook-Air.local"}'
      Accept-Encoding:
      - gzip;q=1.0,deflate;q=0.6,identity;q=0.3
      Accept:
      - "*/*"
  response:
    status:
      code: 200
      message: OK
    headers:
      Server:
      - nginx
      Date:
      - Wed, 01 May 2024 13:04:19 GMT
      Content-Type:
      - application/json
      Content-Length:
      - '7565'
      Connection:
      - keep-alive
      Access-Control-Allow-Credentials:
      - 'true'
      Access-Control-Allow-Methods:
      - GET,HEAD,PUT,PATCH,POST,DELETE
      Access-Control-Allow-Origin:
      - "*"
      Access-Control-Expose-Headers:
      - Request-Id, Stripe-Manage-Version, Stripe-Should-Retry, X-Stripe-External-Auth-Required,
        X-Stripe-Privileged-Session-Required
      Access-Control-Max-Age:
      - '300'
      Cache-Control:
      - no-cache, no-store
      Content-Security-Policy:
      - report-uri https://q.stripe.com/csp-report?p=v1%2Faccounts; block-all-mixed-content;
        default-src 'none'; base-uri 'none'; form-action 'none'; frame-ancestors 'none';
        img-src 'self'; script-src 'self' 'report-sample'; style-src 'self'
      Cross-Origin-Opener-Policy-Report-Only:
      - same-origin; report-to="coop"
      Idempotency-Key:
      - 6a398cc9-1930-420e-81d5-bd4892ed102d
      Original-Request:
      - req_ycQInge5JpQ0Cu
      Report-To:
      - '{"group":"coop","max_age":8640,"endpoints":[{"url":"https://q.stripe.com/coop-report"}],"include_subdomains":true}'
      Reporting-Endpoints:
      - coop="https://q.stripe.com/coop-report"
      Request-Id:
      - req_ycQInge5JpQ0Cu
      Stripe-Should-Retry:
      - 'false'
      Stripe-Version:
      - '2023-10-16'
      Vary:
      - Origin
      X-Stripe-Routing-Context-Priority-Tier:
      - api-testmode
      Strict-Transport-Security:
      - max-age=63072000; includeSubDomains; preload
    body:
      encoding: UTF-8
      string: |-
        {
          "id": "acct_1PBcpWS5lJJeviJW",
          "object": "account",
          "business_profile": {
            "annual_revenue": null,
            "estimated_worker_count": null,
            "mcc": "5192",
            "name": "Chuck Bartowski",
            "product_description": "Chuck Bartowski",
            "support_address": null,
            "support_email": null,
            "support_phone": null,
            "support_url": null,
            "url": "https://vipul.gumroad.com/"
          },
          "business_type": "individual",
          "capabilities": {
            "card_payments": "pending",
            "transfers": "pending"
          },
          "charges_enabled": false,
          "company": {
            "address": {
              "city": "San Francisco",
              "country": "US",
              "line1": "address_full_match",
              "line2": null,
              "postal_code": "94107",
              "state": "California"
            },
            "directors_provided": true,
            "executives_provided": true,
            "name": null,
            "owners_provided": true,
            "phone": "+10000000000",
            "tax_id_provided": false,
            "verification": {
              "document": {
                "back": null,
                "details": null,
                "details_code": null,
                "front": null
              }
            }
          },
          "controller": {
            "fees": {
              "payer": "application_custom"
            },
            "is_controller": true,
            "losses": {
              "payments": "application"
            },
            "requirement_collection": "application",
            "stripe_dashboard": {
              "type": "none"
            },
            "type": "application"
          },
          "country": "US",
          "created": 1714568655,
          "default_currency": "usd",
          "details_submitted": true,
          "email": null,
          "external_accounts": {
            "object": "list",
            "data": [
              {
                "id": "ba_1PBcpWS5lJJeviJWnvQ3IHDh",
                "object": "bank_account",
                "account": "acct_1PBcpWS5lJJeviJW",
                "account_holder_name": null,
                "account_holder_type": null,
                "account_type": null,
                "available_payout_methods": [
                  "standard",
                  "instant"
                ],
                "bank_name": "STRIPE TEST BANK",
                "country": "US",
                "currency": "usd",
                "default_for_currency": true,
                "fingerprint": "dx7dqwoGHEQDKLLK",
                "future_requirements": {
                  "currently_due": [],
                  "errors": [],
                  "past_due": [],
                  "pending_verification": []
                },
                "last4": "6789",
                "metadata": {},
                "requirements": {
                  "currently_due": [],
                  "errors": [],
                  "past_due": [],
                  "pending_verification": []
                },
                "routing_number": "110000000",
                "status": "new"
              }
            ],
            "has_more": false,
            "total_count": 1,
            "url": "/v1/accounts/acct_1PBcpWS5lJJeviJW/external_accounts"
          },
          "future_requirements": {
            "alternatives": [],
            "current_deadline": 1717516800,
            "currently_due": [
              "individual.phone"
            ],
            "disabled_reason": null,
            "errors": [
              {
                "code": "invalid_phone_number",
                "reason": "This field must contain a valid phone number for your country, or it has too many repeating or sequential numbers. +10000000000 is not a valid phone number.",
                "requirement": "individual.phone"
              }
            ],
            "eventually_due": [
              "individual.id_number",
              "individual.phone"
            ],
            "past_due": [],
            "pending_verification": [
              "business_profile.url",
              "individual.address.city",
              "individual.address.line1",
              "individual.address.postal_code",
              "individual.address.state",
              "individual.id_number"
            ]
          },
          "individual": {
            "id": "person_1PBcpWS5lJJeviJWBOHFhpdu",
            "object": "person",
            "account": "acct_1PBcpWS5lJJeviJW",
            "address": {
              "city": "San Francisco",
              "country": "US",
              "line1": "address_full_match",
              "line2": null,
              "postal_code": "94107",
              "state": "California"
            },
            "created": 1714568655,
            "dob": {
              "day": 1,
              "month": 1,
              "year": 1901
            },
            "email": "chuck@gum.com",
            "first_name": "Chuck",
            "future_requirements": {
              "alternatives": [],
              "currently_due": [
                "phone"
              ],
              "errors": [
                {
                  "code": "invalid_phone_number",
                  "reason": "This field must contain a valid phone number for your country, or it has too many repeating or sequential numbers. +10000000000 is not a valid phone number.",
                  "requirement": "phone"
                }
              ],
              "eventually_due": [
                "id_number",
                "phone"
              ],
              "past_due": [],
              "pending_verification": [
                "address.city",
                "address.line1",
                "address.postal_code",
                "address.state",
                "id_number"
              ]
            },
            "id_number_provided": false,
            "last_name": "Bartowski",
            "metadata": {},
            "phone": "+10000000000",
            "relationship": {
              "director": false,
              "executive": false,
              "legal_guardian": false,
              "owner": false,
              "percent_ownership": null,
              "representative": true,
              "title": null
            },
            "requirements": {
              "alternatives": [],
              "currently_due": [],
              "errors": [],
              "eventually_due": [],
              "past_due": [],
              "pending_verification": [
                "address.city",
                "address.line1",
                "address.postal_code",
                "address.state",
                "id_number"
              ]
            },
            "ssn_last_4_provided": true,
            "verification": {
              "additional_document": {
                "back": null,
                "details": null,
                "details_code": null,
                "front": null
              },
              "details": null,
              "details_code": null,
              "document": {
                "back": null,
                "details": null,
                "details_code": null,
                "front": null
              },
              "status": "pending"
            }
          },
          "metadata": {
            "bank_account_id": "0gK25I2vTHhaNe_zz7kNPw==",
            "tos_agreement_id": "0gK25I2vTHhaNe_zz7kNPw==",
            "user_compliance_info_id": "wOWTL9y_5-M4Ehz3GWFMEg==",
            "user_id": "421304272562"
          },
          "payouts_enabled": false,
          "requirements": {
            "alternatives": [],
            "current_deadline": null,
            "currently_due": [],
            "disabled_reason": "requirements.pending_verification",
            "errors": [],
            "eventually_due": [],
            "past_due": [],
            "pending_verification": [
              "individual.address.city",
              "individual.address.line1",
              "individual.address.postal_code",
              "individual.address.state",
              "individual.id_number"
            ]
          },
          "settings": {
            "bacs_debit_payments": {
              "display_name": null,
              "service_user_number": null
            },
            "branding": {
              "icon": null,
              "logo": null,
              "primary_color": null,
              "secondary_color": null
            },
            "card_issuing": {
              "tos_acceptance": {
                "date": null,
                "ip": null
              }
            },
            "card_payments": {
              "decline_on": {
                "avs_failure": false,
                "cvc_failure": false
              },
              "statement_descriptor_prefix": "CHUCK BART",
              "statement_descriptor_prefix_kana": null,
              "statement_descriptor_prefix_kanji": null
            },
            "dashboard": {
              "display_name": "Chuck Bartowski",
              "timezone": "Etc/UTC"
            },
            "invoices": {
              "default_account_tax_ids": null
            },
            "payments": {
              "statement_descriptor": "CHUCK BARTOWSKI",
              "statement_descriptor_kana": null,
              "statement_descriptor_kanji": null
            },
            "payouts": {
              "debit_negative_balances": true,
              "schedule": {
                "delay_days": 1,
                "interval": "manual"
              },
              "statement_descriptor": null
            },
            "sepa_debit_payments": {}
          },
          "tos_acceptance": {
            "date": 1714568653,
            "ip": "54.234.242.13",
            "user_agent": null
          },
          "type": "custom"
        }
  recorded_at: Wed, 01 May 2024 13:04:19 GMT
- request:
    method: get
    uri: https://api.stripe.com/v1/accounts/acct_1PBcpWS5lJJeviJW
    body:
      encoding: US-ASCII
      string: ''
    headers:
      User-Agent:
      - Stripe/v1 RubyBindings/11.2.0
      Authorization:
      - Bearer <STRIPE_API_KEY>
      Content-Type:
      - application/x-www-form-urlencoded
      X-Stripe-Client-Telemetry:
      - '{"last_request_metrics":{"request_id":"req_ycQInge5JpQ0Cu","request_duration_ms":5338}}'
      Stripe-Version:
      - '2023-10-16'
      X-Stripe-Client-User-Agent:
      - '{"bindings_version":"11.2.0","lang":"ruby","lang_version":"3.2.2 p53 (2023-03-30)","platform":"arm64-darwin20","engine":"ruby","publisher":"stripe","uname":"Darwin
        Harbakshs-MacBook-Air.local 20.5.0 Darwin Kernel Version 20.5.0: Sat May  8
        05:10:31 PDT 2021; root:xnu-7195.121.3~9/RELEASE_ARM64_T8101 arm64","hostname":"Harbakshs-MacBook-Air.local"}'
      Accept-Encoding:
      - gzip;q=1.0,deflate;q=0.6,identity;q=0.3
      Accept:
      - "*/*"
  response:
    status:
      code: 200
      message: OK
    headers:
      Server:
      - nginx
      Date:
      - Wed, 01 May 2024 13:04:20 GMT
      Content-Type:
      - application/json
      Content-Length:
      - '7565'
      Connection:
      - keep-alive
      Access-Control-Allow-Credentials:
      - 'true'
      Access-Control-Allow-Methods:
      - GET,HEAD,PUT,PATCH,POST,DELETE
      Access-Control-Allow-Origin:
      - "*"
      Access-Control-Expose-Headers:
      - Request-Id, Stripe-Manage-Version, Stripe-Should-Retry, X-Stripe-External-Auth-Required,
        X-Stripe-Privileged-Session-Required
      Access-Control-Max-Age:
      - '300'
      Cache-Control:
      - no-cache, no-store
      Content-Security-Policy:
      - report-uri https://q.stripe.com/csp-report?p=v1%2Faccounts%2F%3Aaccount; block-all-mixed-content;
        default-src 'none'; base-uri 'none'; form-action 'none'; frame-ancestors 'none';
        img-src 'self'; script-src 'self' 'report-sample'; style-src 'self'
      Cross-Origin-Opener-Policy-Report-Only:
      - same-origin; report-to="coop"
      Report-To:
      - '{"group":"coop","max_age":8640,"endpoints":[{"url":"https://q.stripe.com/coop-report"}],"include_subdomains":true}'
      Reporting-Endpoints:
      - coop="https://q.stripe.com/coop-report"
      Request-Id:
      - req_HEENBQlbzJKXFN
      Stripe-Account:
      - acct_1PBcpWS5lJJeviJW
      Stripe-Version:
      - '2023-10-16'
      Vary:
      - Origin
      X-Stripe-Routing-Context-Priority-Tier:
      - api-testmode
      Strict-Transport-Security:
      - max-age=63072000; includeSubDomains; preload
    body:
      encoding: UTF-8
      string: |-
        {
          "id": "acct_1PBcpWS5lJJeviJW",
          "object": "account",
          "business_profile": {
            "annual_revenue": null,
            "estimated_worker_count": null,
            "mcc": "5192",
            "name": "Chuck Bartowski",
            "product_description": "Chuck Bartowski",
            "support_address": null,
            "support_email": null,
            "support_phone": null,
            "support_url": null,
            "url": "https://vipul.gumroad.com/"
          },
          "business_type": "individual",
          "capabilities": {
            "card_payments": "pending",
            "transfers": "pending"
          },
          "charges_enabled": false,
          "company": {
            "address": {
              "city": "San Francisco",
              "country": "US",
              "line1": "address_full_match",
              "line2": null,
              "postal_code": "94107",
              "state": "California"
            },
            "directors_provided": true,
            "executives_provided": true,
            "name": null,
            "owners_provided": true,
            "phone": "+10000000000",
            "tax_id_provided": false,
            "verification": {
              "document": {
                "back": null,
                "details": null,
                "details_code": null,
                "front": null
              }
            }
          },
          "controller": {
            "fees": {
              "payer": "application_custom"
            },
            "is_controller": true,
            "losses": {
              "payments": "application"
            },
            "requirement_collection": "application",
            "stripe_dashboard": {
              "type": "none"
            },
            "type": "application"
          },
          "country": "US",
          "created": 1714568655,
          "default_currency": "usd",
          "details_submitted": true,
          "email": null,
          "external_accounts": {
            "object": "list",
            "data": [
              {
                "id": "ba_1PBcpWS5lJJeviJWnvQ3IHDh",
                "object": "bank_account",
                "account": "acct_1PBcpWS5lJJeviJW",
                "account_holder_name": null,
                "account_holder_type": null,
                "account_type": null,
                "available_payout_methods": [
                  "standard",
                  "instant"
                ],
                "bank_name": "STRIPE TEST BANK",
                "country": "US",
                "currency": "usd",
                "default_for_currency": true,
                "fingerprint": "dx7dqwoGHEQDKLLK",
                "future_requirements": {
                  "currently_due": [],
                  "errors": [],
                  "past_due": [],
                  "pending_verification": []
                },
                "last4": "6789",
                "metadata": {},
                "requirements": {
                  "currently_due": [],
                  "errors": [],
                  "past_due": [],
                  "pending_verification": []
                },
                "routing_number": "110000000",
                "status": "new"
              }
            ],
            "has_more": false,
            "total_count": 1,
            "url": "/v1/accounts/acct_1PBcpWS5lJJeviJW/external_accounts"
          },
          "future_requirements": {
            "alternatives": [],
            "current_deadline": 1717516800,
            "currently_due": [
              "individual.phone"
            ],
            "disabled_reason": null,
            "errors": [
              {
                "code": "invalid_phone_number",
                "reason": "This field must contain a valid phone number for your country, or it has too many repeating or sequential numbers. +10000000000 is not a valid phone number.",
                "requirement": "individual.phone"
              }
            ],
            "eventually_due": [
              "individual.id_number",
              "individual.phone"
            ],
            "past_due": [],
            "pending_verification": [
              "business_profile.url",
              "individual.address.city",
              "individual.address.line1",
              "individual.address.postal_code",
              "individual.address.state",
              "individual.id_number"
            ]
          },
          "individual": {
            "id": "person_1PBcpWS5lJJeviJWBOHFhpdu",
            "object": "person",
            "account": "acct_1PBcpWS5lJJeviJW",
            "address": {
              "city": "San Francisco",
              "country": "US",
              "line1": "address_full_match",
              "line2": null,
              "postal_code": "94107",
              "state": "California"
            },
            "created": 1714568655,
            "dob": {
              "day": 1,
              "month": 1,
              "year": 1901
            },
            "email": "chuck@gum.com",
            "first_name": "Chuck",
            "future_requirements": {
              "alternatives": [],
              "currently_due": [
                "phone"
              ],
              "errors": [
                {
                  "code": "invalid_phone_number",
                  "reason": "This field must contain a valid phone number for your country, or it has too many repeating or sequential numbers. +10000000000 is not a valid phone number.",
                  "requirement": "phone"
                }
              ],
              "eventually_due": [
                "id_number",
                "phone"
              ],
              "past_due": [],
              "pending_verification": [
                "address.city",
                "address.line1",
                "address.postal_code",
                "address.state",
                "id_number"
              ]
            },
            "id_number_provided": false,
            "last_name": "Bartowski",
            "metadata": {},
            "phone": "+10000000000",
            "relationship": {
              "director": false,
              "executive": false,
              "legal_guardian": false,
              "owner": false,
              "percent_ownership": null,
              "representative": true,
              "title": null
            },
            "requirements": {
              "alternatives": [],
              "currently_due": [],
              "errors": [],
              "eventually_due": [],
              "past_due": [],
              "pending_verification": [
                "address.city",
                "address.line1",
                "address.postal_code",
                "address.state",
                "id_number"
              ]
            },
            "ssn_last_4_provided": true,
            "verification": {
              "additional_document": {
                "back": null,
                "details": null,
                "details_code": null,
                "front": null
              },
              "details": null,
              "details_code": null,
              "document": {
                "back": null,
                "details": null,
                "details_code": null,
                "front": null
              },
              "status": "pending"
            }
          },
          "metadata": {
            "bank_account_id": "0gK25I2vTHhaNe_zz7kNPw==",
            "tos_agreement_id": "0gK25I2vTHhaNe_zz7kNPw==",
            "user_compliance_info_id": "wOWTL9y_5-M4Ehz3GWFMEg==",
            "user_id": "421304272562"
          },
          "payouts_enabled": false,
          "requirements": {
            "alternatives": [],
            "current_deadline": null,
            "currently_due": [],
            "disabled_reason": "requirements.pending_verification",
            "errors": [],
            "eventually_due": [],
            "past_due": [],
            "pending_verification": [
              "individual.address.city",
              "individual.address.line1",
              "individual.address.postal_code",
              "individual.address.state",
              "individual.id_number"
            ]
          },
          "settings": {
            "bacs_debit_payments": {
              "display_name": null,
              "service_user_number": null
            },
            "branding": {
              "icon": null,
              "logo": null,
              "primary_color": null,
              "secondary_color": null
            },
            "card_issuing": {
              "tos_acceptance": {
                "date": null,
                "ip": null
              }
            },
            "card_payments": {
              "decline_on": {
                "avs_failure": false,
                "cvc_failure": false
              },
              "statement_descriptor_prefix": "CHUCK BART",
              "statement_descriptor_prefix_kana": null,
              "statement_descriptor_prefix_kanji": null
            },
            "dashboard": {
              "display_name": "Chuck Bartowski",
              "timezone": "Etc/UTC"
            },
            "invoices": {
              "default_account_tax_ids": null
            },
            "payments": {
              "statement_descriptor": "CHUCK BARTOWSKI",
              "statement_descriptor_kana": null,
              "statement_descriptor_kanji": null
            },
            "payouts": {
              "debit_negative_balances": true,
              "schedule": {
                "delay_days": 1,
                "interval": "manual"
              },
              "statement_descriptor": null
            },
            "sepa_debit_payments": {}
          },
          "tos_acceptance": {
            "date": 1714568653,
            "ip": "54.234.242.13",
            "user_agent": null
          },
          "type": "custom"
        }
  recorded_at: Wed, 01 May 2024 13:04:20 GMT
- request:
    method: post
    uri: https://api.stripe.com/v1/accounts/acct_1PBcpWS5lJJeviJW
    body:
      encoding: UTF-8
      string: metadata[user_id]=421304272562&metadata[tos_agreement_id]=0gK25I2vTHhaNe_zz7kNPw%3D%3D&metadata[user_compliance_info_id]=t8RrJFJcFdRiGEOFcMVYkw%3D%3D&tos_acceptance[date]=1714568653&tos_acceptance[ip]=54.234.242.13&business_profile[name]=Chuck+Bartowski&business_profile[url]=https%3A%2F%2Fvipul.gumroad.com%2F&business_profile[product_description]=Chuck+Bartowski&individual[email]=chuck%40gum.com&individual[phone]=0000000000&individual[id_number]=111111111&capabilities[card_payments][requested]=true&capabilities[transfers][requested]=true
    headers:
      User-Agent:
      - Stripe/v1 RubyBindings/11.2.0
      Authorization:
      - Bearer <STRIPE_API_KEY>
      Content-Type:
      - application/x-www-form-urlencoded
      X-Stripe-Client-Telemetry:
      - '{"last_request_metrics":{"request_id":"req_HEENBQlbzJKXFN","request_duration_ms":595}}'
      Idempotency-Key:
      - 1c8f394a-3271-461f-9cb4-6b648b576f16
      Stripe-Version:
      - '2023-10-16'
      X-Stripe-Client-User-Agent:
      - '{"bindings_version":"11.2.0","lang":"ruby","lang_version":"3.2.2 p53 (2023-03-30)","platform":"arm64-darwin20","engine":"ruby","publisher":"stripe","uname":"Darwin
        Harbakshs-MacBook-Air.local 20.5.0 Darwin Kernel Version 20.5.0: Sat May  8
        05:10:31 PDT 2021; root:xnu-7195.121.3~9/RELEASE_ARM64_T8101 arm64","hostname":"Harbakshs-MacBook-Air.local"}'
      Accept-Encoding:
      - gzip;q=1.0,deflate;q=0.6,identity;q=0.3
      Accept:
      - "*/*"
  response:
    status:
      code: 200
      message: OK
    headers:
      Server:
      - nginx
      Date:
      - Wed, 01 May 2024 13:04:24 GMT
      Content-Type:
      - application/json
      Content-Length:
      - '7171'
      Connection:
      - keep-alive
      Access-Control-Allow-Credentials:
      - 'true'
      Access-Control-Allow-Methods:
      - GET,HEAD,PUT,PATCH,POST,DELETE
      Access-Control-Allow-Origin:
      - "*"
      Access-Control-Expose-Headers:
      - Request-Id, Stripe-Manage-Version, Stripe-Should-Retry, X-Stripe-External-Auth-Required,
        X-Stripe-Privileged-Session-Required
      Access-Control-Max-Age:
      - '300'
      Cache-Control:
      - no-cache, no-store
      Content-Security-Policy:
      - report-uri https://q.stripe.com/csp-report?p=v1%2Faccounts%2F%3Aaccount; block-all-mixed-content;
        default-src 'none'; base-uri 'none'; form-action 'none'; frame-ancestors 'none';
        img-src 'self'; script-src 'self' 'report-sample'; style-src 'self'
      Cross-Origin-Opener-Policy-Report-Only:
      - same-origin; report-to="coop"
      Idempotency-Key:
      - 1c8f394a-3271-461f-9cb4-6b648b576f16
      Original-Request:
      - req_ofJvjuGrfaNsHU
      Report-To:
      - '{"group":"coop","max_age":8640,"endpoints":[{"url":"https://q.stripe.com/coop-report"}],"include_subdomains":true}'
      Reporting-Endpoints:
      - coop="https://q.stripe.com/coop-report"
      Request-Id:
      - req_ofJvjuGrfaNsHU
      Stripe-Account:
      - acct_1PBcpWS5lJJeviJW
      Stripe-Should-Retry:
      - 'false'
      Stripe-Version:
      - '2023-10-16'
      Vary:
      - Origin
      X-Stripe-Routing-Context-Priority-Tier:
      - api-testmode
      Strict-Transport-Security:
      - max-age=63072000; includeSubDomains; preload
    body:
      encoding: UTF-8
      string: |-
        {
          "id": "acct_1PBcpWS5lJJeviJW",
          "object": "account",
          "business_profile": {
            "annual_revenue": null,
            "estimated_worker_count": null,
            "mcc": "5192",
            "name": "Chuck Bartowski",
            "product_description": "Chuck Bartowski",
            "support_address": null,
            "support_email": null,
            "support_phone": null,
            "support_url": null,
            "url": "https://vipul.gumroad.com/"
          },
          "business_type": "individual",
          "capabilities": {
            "card_payments": "pending",
            "transfers": "pending"
          },
          "charges_enabled": false,
          "company": {
            "address": {
              "city": "San Francisco",
              "country": "US",
              "line1": "address_full_match",
              "line2": null,
              "postal_code": "94107",
              "state": "California"
            },
            "directors_provided": true,
            "executives_provided": true,
            "name": null,
            "owners_provided": true,
            "phone": "+10000000000",
            "tax_id_provided": false,
            "verification": {
              "document": {
                "back": null,
                "details": null,
                "details_code": null,
                "front": null
              }
            }
          },
          "controller": {
            "fees": {
              "payer": "application_custom"
            },
            "is_controller": true,
            "losses": {
              "payments": "application"
            },
            "requirement_collection": "application",
            "stripe_dashboard": {
              "type": "none"
            },
            "type": "application"
          },
          "country": "US",
          "created": 1714568655,
          "default_currency": "usd",
          "details_submitted": true,
          "email": null,
          "external_accounts": {
            "object": "list",
            "data": [
              {
                "id": "ba_1PBcpWS5lJJeviJWnvQ3IHDh",
                "object": "bank_account",
                "account": "acct_1PBcpWS5lJJeviJW",
                "account_holder_name": null,
                "account_holder_type": null,
                "account_type": null,
                "available_payout_methods": [
                  "standard",
                  "instant"
                ],
                "bank_name": "STRIPE TEST BANK",
                "country": "US",
                "currency": "usd",
                "default_for_currency": true,
                "fingerprint": "dx7dqwoGHEQDKLLK",
                "future_requirements": {
                  "currently_due": [],
                  "errors": [],
                  "past_due": [],
                  "pending_verification": []
                },
                "last4": "6789",
                "metadata": {},
                "requirements": {
                  "currently_due": [],
                  "errors": [],
                  "past_due": [],
                  "pending_verification": []
                },
                "routing_number": "110000000",
                "status": "new"
              }
            ],
            "has_more": false,
            "total_count": 1,
            "url": "/v1/accounts/acct_1PBcpWS5lJJeviJW/external_accounts"
          },
          "future_requirements": {
            "alternatives": [],
            "current_deadline": 1717516800,
            "currently_due": [
              "individual.phone"
            ],
            "disabled_reason": null,
            "errors": [
              {
                "code": "invalid_phone_number",
                "reason": "This field must contain a valid phone number for your country, or it has too many repeating or sequential numbers. +10000000000 is not a valid phone number.",
                "requirement": "individual.phone"
              }
            ],
            "eventually_due": [
              "individual.phone"
            ],
            "past_due": [],
            "pending_verification": [
              "business_profile.url",
              "individual.id_number",
              "individual.verification.document"
            ]
          },
          "individual": {
            "id": "person_1PBcpWS5lJJeviJWBOHFhpdu",
            "object": "person",
            "account": "acct_1PBcpWS5lJJeviJW",
            "address": {
              "city": "San Francisco",
              "country": "US",
              "line1": "address_full_match",
              "line2": null,
              "postal_code": "94107",
              "state": "California"
            },
            "created": 1714568655,
            "dob": {
              "day": 1,
              "month": 1,
              "year": 1901
            },
            "email": "chuck@gum.com",
            "first_name": "Chuck",
            "future_requirements": {
              "alternatives": [],
              "currently_due": [
                "phone"
              ],
              "errors": [
                {
                  "code": "invalid_phone_number",
                  "reason": "This field must contain a valid phone number for your country, or it has too many repeating or sequential numbers. +10000000000 is not a valid phone number.",
                  "requirement": "phone"
                }
              ],
              "eventually_due": [
                "phone"
              ],
              "past_due": [],
              "pending_verification": [
                "id_number",
                "verification.document"
              ]
            },
            "id_number_provided": true,
            "last_name": "Bartowski",
            "metadata": {},
            "phone": "+10000000000",
            "relationship": {
              "director": false,
              "executive": false,
              "legal_guardian": false,
              "owner": false,
              "percent_ownership": null,
              "representative": true,
              "title": null
            },
            "requirements": {
              "alternatives": [],
              "currently_due": [],
              "errors": [],
              "eventually_due": [],
              "past_due": [],
              "pending_verification": [
                "id_number",
                "verification.document"
              ]
            },
            "ssn_last_4_provided": true,
            "verification": {
              "additional_document": {
                "back": null,
                "details": null,
                "details_code": null,
                "front": null
              },
              "details": null,
              "details_code": null,
              "document": {
                "back": null,
                "details": null,
                "details_code": null,
                "front": null
              },
              "status": "pending"
            }
          },
          "metadata": {
            "bank_account_id": "0gK25I2vTHhaNe_zz7kNPw==",
            "tos_agreement_id": "0gK25I2vTHhaNe_zz7kNPw==",
            "user_compliance_info_id": "t8RrJFJcFdRiGEOFcMVYkw==",
            "user_id": "421304272562"
          },
          "payouts_enabled": false,
          "requirements": {
            "alternatives": [],
            "current_deadline": null,
            "currently_due": [],
            "disabled_reason": "requirements.pending_verification",
            "errors": [],
            "eventually_due": [],
            "past_due": [],
            "pending_verification": [
              "individual.id_number",
              "individual.verification.document"
            ]
          },
          "settings": {
            "bacs_debit_payments": {
              "display_name": null,
              "service_user_number": null
            },
            "branding": {
              "icon": null,
              "logo": null,
              "primary_color": null,
              "secondary_color": null
            },
            "card_issuing": {
              "tos_acceptance": {
                "date": null,
                "ip": null
              }
            },
            "card_payments": {
              "decline_on": {
                "avs_failure": false,
                "cvc_failure": false
              },
              "statement_descriptor_prefix": "CHUCK BART",
              "statement_descriptor_prefix_kana": null,
              "statement_descriptor_prefix_kanji": null
            },
            "dashboard": {
              "display_name": "Chuck Bartowski",
              "timezone": "Etc/UTC"
            },
            "invoices": {
              "default_account_tax_ids": null
            },
            "payments": {
              "statement_descriptor": "CHUCK BARTOWSKI",
              "statement_descriptor_kana": null,
              "statement_descriptor_kanji": null
            },
            "payouts": {
              "debit_negative_balances": true,
              "schedule": {
                "delay_days": 1,
                "interval": "manual"
              },
              "statement_descriptor": null
            },
            "sepa_debit_payments": {}
          },
          "tos_acceptance": {
            "date": 1714568653,
            "ip": "54.234.242.13",
            "user_agent": null
          },
          "type": "custom"
        }
  recorded_at: Wed, 01 May 2024 13:04:24 GMT
recorded_with: VCR 6.2.0
