---
http_interactions:
- request:
    method: post
    uri: https://api.stripe.com/v1/accounts
    body:
      encoding: UTF-8
      string: type=custom&requested_capabilities[0]=card_payments&requested_capabilities[1]=transfers&country=SG&default_currency=sgd&metadata[user_id]=4051581922682&metadata[tos_agreement_id]=Jsi5bhiPOQTHfIbmk_ZomQ%3D%3D&metadata[user_compliance_info_id]=Jsi5bhiPOQTHfIbmk_ZomQ%3D%3D&metadata[bank_account_id]=Ev9Uud5XlcmRxkMUf8dzCA%3D%3D&tos_acceptance[date]=1698691993&tos_acceptance[ip]=54.234.242.13&business_type=individual&business_profile[url]=https%3A%2F%2Fvipul.gumroad.com%2F&business_profile[product_description]=Chuck+Bartowski&individual[first_name]=Chuck&individual[last_name]=Bartowski&individual[email]=edgarf86009a5_1151%40gumroad.com&individual[phone]=0000000000&individual[address][line1]=address_full_match&individual[address][city]=San+Francisco&individual[address][state]=California&individual[address][postal_code]=546080&individual[address][country]=SG&individual[dob][day]=1&individual[dob][month]=1&individual[dob][year]=1901&individual[id_number]=000000000&individual[nationality]=SG&bank_account[country]=SG&bank_account[currency]=sgd&bank_account[account_number]=000123456&bank_account[routing_number]=1100-000&settings[payouts][schedule][interval]=manual&settings[payouts][debit_negative_balances]=true
    headers:
      User-Agent:
      - Stripe/v1 RubyBindings/10.0.0
      Authorization:
      - Bearer <STRIPE_API_KEY>
      Content-Type:
      - application/x-www-form-urlencoded
      X-Stripe-Client-Telemetry:
      - '{"last_request_metrics":{"request_id":"req_N2SgOPXKkusxKc","request_duration_ms":5862}}'
      Idempotency-Key:
      - de84e2a3-d16e-48bd-bb05-71adb526b443
      Stripe-Version:
      - '2023-10-16'
      X-Stripe-Client-User-Agent:
      - '{"bindings_version":"10.0.0","lang":"ruby","lang_version":"3.2.2 p53 (2023-03-30)","platform":"arm64-darwin20","engine":"ruby","publisher":"stripe","uname":"Darwin
        Harbakshs-MacBook-Air.local 20.5.0 Darwin Kernel Version 20.5.0: Sat May  8
        05:10:31 PDT 2021; root:xnu-7195.121.3~9/RELEASE_ARM64_T8101 arm64","hostname":"Harbakshs-MacBook-Air.local"}'
      Accept-Encoding:
      - gzip;q=1.0,deflate;q=0.6,identity;q=0.3
      Accept:
      - "*/*"
  response:
    status:
      code: 200
      message: OK
    headers:
      Server:
      - nginx
      Date:
      - Mon, 30 Oct 2023 18:53:17 GMT
      Content-Type:
      - application/json
      Content-Length:
      - '6038'
      Connection:
      - keep-alive
      Access-Control-Allow-Credentials:
      - 'true'
      Access-Control-Allow-Methods:
      - GET,HEAD,PUT,PATCH,POST,DELETE
      Access-Control-Allow-Origin:
      - "*"
      Access-Control-Expose-Headers:
      - Request-Id, Stripe-Manage-Version, Stripe-Should-Retry, X-Stripe-External-Auth-Required,
        X-Stripe-Privileged-Session-Required
      Access-Control-Max-Age:
      - '300'
      Cache-Control:
      - no-cache, no-store
      Content-Security-Policy-Report-Only:
      - report-uri https://q.stripe.com/csp-report?p=v1%2Faccounts; block-all-mixed-content;
        default-src 'none'; base-uri 'none'; form-action 'none'; frame-ancestors 'none';
        img-src 'self'; script-src 'self' 'report-sample'; style-src 'self'
      Idempotency-Key:
      - de84e2a3-d16e-48bd-bb05-71adb526b443
      Original-Request:
      - req_GsFFs12r567GIR
      Request-Id:
      - req_GsFFs12r567GIR
      Stripe-Should-Retry:
      - 'false'
      Stripe-Version:
      - '2023-10-16'
      Vary:
      - Origin
      X-Stripe-Routing-Context-Priority-Tier:
      - api-testmode
      Strict-Transport-Security:
      - max-age=63072000; includeSubDomains; preload
    body:
      encoding: UTF-8
      string: |-
        {
          "id": "acct_1O70aMS3H2Br06NP",
          "object": "account",
          "business_profile": {
            "mcc": "5192",
            "name": null,
            "product_description": "Chuck Bartowski",
            "support_address": null,
            "support_email": null,
            "support_phone": null,
            "support_url": null,
            "url": "https://vipul.gumroad.com/"
          },
          "business_type": "individual",
          "capabilities": {
            "card_payments": "inactive",
            "transfers": "inactive"
          },
          "charges_enabled": false,
          "company": {
            "address": {
              "city": "San Francisco",
              "country": "SG",
              "line1": "address_full_match",
              "line2": null,
              "postal_code": "546080",
              "state": "California"
            },
            "directors_provided": true,
            "executives_provided": true,
            "name": null,
            "owners_provided": true,
            "phone": "+10000000000",
            "tax_id_provided": false,
            "verification": {
              "document": {
                "back": null,
                "details": null,
                "details_code": null,
                "front": null
              }
            }
          },
          "country": "SG",
          "created": 1698691995,
          "default_currency": "sgd",
          "details_submitted": false,
          "email": null,
          "external_accounts": {
            "object": "list",
            "data": [
              {
                "id": "ba_1O70aMS3H2Br06NPmS3DVcKg",
                "object": "bank_account",
                "account": "acct_1O70aMS3H2Br06NP",
                "account_holder_name": null,
                "account_holder_type": null,
                "account_type": null,
                "available_payout_methods": [
                  "standard"
                ],
                "bank_name": "STRIPE TEST BANK",
                "country": "SG",
                "currency": "sgd",
                "default_for_currency": true,
                "fingerprint": "VDIVVTFuMKl6xYpo",
                "future_requirements": {
                  "currently_due": [],
                  "errors": [],
                  "past_due": [],
                  "pending_verification": []
                },
                "last4": "3456",
                "metadata": {},
                "requirements": {
                  "currently_due": [],
                  "errors": [],
                  "past_due": [],
                  "pending_verification": []
                },
                "routing_number": "1100-000",
                "status": "new"
              }
            ],
            "has_more": false,
            "total_count": 1,
            "url": "/v1/accounts/acct_1O70aMS3H2Br06NP/external_accounts"
          },
          "future_requirements": {
            "alternatives": [],
            "current_deadline": null,
            "currently_due": [],
            "disabled_reason": null,
            "errors": [],
            "eventually_due": [],
            "past_due": [],
            "pending_verification": []
          },
          "individual": {
            "id": "person_1O70aMS3H2Br06NPejESZuE4",
            "object": "person",
            "account": "acct_1O70aMS3H2Br06NP",
            "address": {
              "city": "San Francisco",
              "country": "SG",
              "line1": "address_full_match",
              "line2": null,
              "postal_code": "546080",
              "state": "California"
            },
            "created": 1698691995,
            "dob": {
              "day": 1,
              "month": 1,
              "year": 1901
            },
            "email": "edgarf86009a5_1151@gumroad.com",
            "first_name": "Chuck",
            "future_requirements": {
              "alternatives": [],
              "currently_due": [],
              "errors": [],
              "eventually_due": [],
              "past_due": [],
              "pending_verification": []
            },
            "id_number_provided": true,
            "last_name": "Bartowski",
            "metadata": {},
            "nationality": "SG",
            "phone": "+10000000000",
            "relationship": {
              "director": false,
              "executive": false,
              "legal_guardian": false,
              "owner": false,
              "percent_ownership": null,
              "representative": true,
              "title": null
            },
            "requirements": {
              "alternatives": [],
              "currently_due": [
                "full_name_aliases"
              ],
              "errors": [],
              "eventually_due": [
                "full_name_aliases",
                "verification.proof_of_liveness"
              ],
              "past_due": [
                "full_name_aliases"
              ],
              "pending_verification": []
            },
            "ssn_last_4_provided": true,
            "verification": {
              "additional_document": {
                "back": null,
                "details": null,
                "details_code": null,
                "front": null
              },
              "details": null,
              "details_code": null,
              "document": {
                "back": null,
                "details": null,
                "details_code": null,
                "front": null
              },
              "status": "pending"
            }
          },
          "metadata": {
            "bank_account_id": "Ev9Uud5XlcmRxkMUf8dzCA==",
            "tos_agreement_id": "Jsi5bhiPOQTHfIbmk_ZomQ==",
            "user_compliance_info_id": "Jsi5bhiPOQTHfIbmk_ZomQ==",
            "user_id": "4051581922682"
          },
          "payouts_enabled": false,
          "requirements": {
            "alternatives": [],
            "current_deadline": null,
            "currently_due": [
              "individual.full_name_aliases"
            ],
            "disabled_reason": "requirements.past_due",
            "errors": [],
            "eventually_due": [
              "individual.full_name_aliases",
              "individual.verification.proof_of_liveness"
            ],
            "past_due": [
              "individual.full_name_aliases"
            ],
            "pending_verification": []
          },
          "settings": {
            "bacs_debit_payments": {},
            "branding": {
              "icon": null,
              "logo": null,
              "primary_color": null,
              "secondary_color": null
            },
            "card_issuing": {
              "tos_acceptance": {
                "date": null,
                "ip": null
              }
            },
            "card_payments": {
              "decline_on": {
                "avs_failure": false,
                "cvc_failure": false
              },
              "statement_descriptor_prefix": "VIPUL.GUMR",
              "statement_descriptor_prefix_kana": null,
              "statement_descriptor_prefix_kanji": null
            },
            "dashboard": {
              "display_name": "vipul.gumroad",
              "timezone": "Etc/UTC"
            },
            "payments": {
              "statement_descriptor": "VIPUL.GUMROAD.COM",
              "statement_descriptor_kana": null,
              "statement_descriptor_kanji": null
            },
            "payouts": {
              "debit_negative_balances": true,
              "schedule": {
                "delay_days": 1,
                "interval": "manual"
              },
              "statement_descriptor": null
            },
            "sepa_debit_payments": {}
          },
          "tos_acceptance": {
            "date": 1698691993,
            "ip": "54.234.242.13",
            "user_agent": null
          },
          "type": "custom"
        }
  recorded_at: Mon, 30 Oct 2023 18:53:17 GMT
- request:
    method: get
    uri: https://api.stripe.com/v1/accounts/acct_1O70aMS3H2Br06NP/persons
    body:
      encoding: US-ASCII
      string: ''
    headers:
      User-Agent:
      - Stripe/v1 RubyBindings/10.0.0
      Authorization:
      - Bearer <STRIPE_API_KEY>
      Content-Type:
      - application/x-www-form-urlencoded
      X-Stripe-Client-Telemetry:
      - '{"last_request_metrics":{"request_id":"req_GsFFs12r567GIR","request_duration_ms":3489}}'
      Stripe-Version:
      - '2023-10-16'
      X-Stripe-Client-User-Agent:
      - '{"bindings_version":"10.0.0","lang":"ruby","lang_version":"3.2.2 p53 (2023-03-30)","platform":"arm64-darwin20","engine":"ruby","publisher":"stripe","uname":"Darwin
        Harbakshs-MacBook-Air.local 20.5.0 Darwin Kernel Version 20.5.0: Sat May  8
        05:10:31 PDT 2021; root:xnu-7195.121.3~9/RELEASE_ARM64_T8101 arm64","hostname":"Harbakshs-MacBook-Air.local"}'
      Accept-Encoding:
      - gzip;q=1.0,deflate;q=0.6,identity;q=0.3
      Accept:
      - "*/*"
  response:
    status:
      code: 200
      message: OK
    headers:
      Server:
      - nginx
      Date:
      - Mon, 30 Oct 2023 18:53:17 GMT
      Content-Type:
      - application/json
      Content-Length:
      - '2187'
      Connection:
      - keep-alive
      Access-Control-Allow-Credentials:
      - 'true'
      Access-Control-Allow-Methods:
      - GET,HEAD,PUT,PATCH,POST,DELETE
      Access-Control-Allow-Origin:
      - "*"
      Access-Control-Expose-Headers:
      - Request-Id, Stripe-Manage-Version, Stripe-Should-Retry, X-Stripe-External-Auth-Required,
        X-Stripe-Privileged-Session-Required
      Access-Control-Max-Age:
      - '300'
      Cache-Control:
      - no-cache, no-store
      Content-Security-Policy-Report-Only:
      - report-uri https://q.stripe.com/csp-report?p=v1%2Faccounts%2F%3Aaccount%2Fpersons;
        block-all-mixed-content; default-src 'none'; base-uri 'none'; form-action
        'none'; frame-ancestors 'none'; img-src 'self'; script-src 'self' 'report-sample';
        style-src 'self'
      Request-Id:
      - req_wJph6n31RErjo4
      Stripe-Account:
      - acct_1O70aMS3H2Br06NP
      Stripe-Version:
      - '2023-10-16'
      Vary:
      - Origin
      X-Stripe-Routing-Context-Priority-Tier:
      - api-testmode
      Strict-Transport-Security:
      - max-age=63072000; includeSubDomains; preload
    body:
      encoding: UTF-8
      string: |-
        {
          "object": "list",
          "data": [
            {
              "id": "person_1O70aMS3H2Br06NPejESZuE4",
              "object": "person",
              "account": "acct_1O70aMS3H2Br06NP",
              "additional_tos_acceptances": {
                "account": {
                  "date": null,
                  "ip": null,
                  "user_agent": null
                }
              },
              "address": {
                "city": "San Francisco",
                "country": "SG",
                "line1": "address_full_match",
                "line2": null,
                "postal_code": "546080",
                "state": "California"
              },
              "created": 1698691995,
              "dob": {
                "day": 1,
                "month": 1,
                "year": 1901
              },
              "email": "edgarf86009a5_1151@gumroad.com",
              "first_name": "Chuck",
              "future_requirements": {
                "alternatives": [],
                "currently_due": [],
                "errors": [],
                "eventually_due": [],
                "past_due": [],
                "pending_verification": []
              },
              "id_number_provided": true,
              "last_name": "Bartowski",
              "metadata": {},
              "nationality": "SG",
              "phone": "+10000000000",
              "relationship": {
                "director": false,
                "executive": false,
                "legal_guardian": false,
                "owner": false,
                "percent_ownership": null,
                "representative": true,
                "title": null
              },
              "requirements": {
                "alternatives": [],
                "currently_due": [
                  "full_name_aliases"
                ],
                "errors": [],
                "eventually_due": [
                  "full_name_aliases",
                  "verification.proof_of_liveness"
                ],
                "past_due": [
                  "full_name_aliases"
                ],
                "pending_verification": []
              },
              "ssn_last_4_provided": true,
              "verification": {
                "additional_document": {
                  "back": null,
                  "details": null,
                  "details_code": null,
                  "front": null
                },
                "details": null,
                "details_code": null,
                "document": {
                  "back": null,
                  "details": null,
                  "details_code": null,
                  "front": null
                },
                "status": "pending"
              }
            }
          ],
          "has_more": false,
          "url": "/v1/accounts/acct_1O70aMS3H2Br06NP/persons"
        }
  recorded_at: Mon, 30 Oct 2023 18:53:17 GMT
- request:
    method: post
    uri: https://api.stripe.com/v1/accounts/acct_1O70aMS3H2Br06NP/persons/person_1O70aMS3H2Br06NPejESZuE4
    body:
      encoding: UTF-8
      string: full_name_aliases[0]=
    headers:
      User-Agent:
      - Stripe/v1 RubyBindings/10.0.0
      Authorization:
      - Bearer <STRIPE_API_KEY>
      Content-Type:
      - application/x-www-form-urlencoded
      X-Stripe-Client-Telemetry:
      - '{"last_request_metrics":{"request_id":"req_wJph6n31RErjo4","request_duration_ms":387}}'
      Idempotency-Key:
      - 9006174c-2e5e-4658-9b04-1f5b6a7c228a
      Stripe-Version:
      - '2023-10-16'
      X-Stripe-Client-User-Agent:
      - '{"bindings_version":"10.0.0","lang":"ruby","lang_version":"3.2.2 p53 (2023-03-30)","platform":"arm64-darwin20","engine":"ruby","publisher":"stripe","uname":"Darwin
        Harbakshs-MacBook-Air.local 20.5.0 Darwin Kernel Version 20.5.0: Sat May  8
        05:10:31 PDT 2021; root:xnu-7195.121.3~9/RELEASE_ARM64_T8101 arm64","hostname":"Harbakshs-MacBook-Air.local"}'
      Accept-Encoding:
      - gzip;q=1.0,deflate;q=0.6,identity;q=0.3
      Accept:
      - "*/*"
  response:
    status:
      code: 200
      message: OK
    headers:
      Server:
      - nginx
      Date:
      - Mon, 30 Oct 2023 18:53:22 GMT
      Content-Type:
      - application/json
      Content-Length:
      - '1800'
      Connection:
      - keep-alive
      Access-Control-Allow-Credentials:
      - 'true'
      Access-Control-Allow-Methods:
      - GET,HEAD,PUT,PATCH,POST,DELETE
      Access-Control-Allow-Origin:
      - "*"
      Access-Control-Expose-Headers:
      - Request-Id, Stripe-Manage-Version, Stripe-Should-Retry, X-Stripe-External-Auth-Required,
        X-Stripe-Privileged-Session-Required
      Access-Control-Max-Age:
      - '300'
      Cache-Control:
      - no-cache, no-store
      Content-Security-Policy-Report-Only:
      - report-uri https://q.stripe.com/csp-report?p=v1%2Faccounts%2F%3Aaccount%2Fpersons%2F%3Aperson;
        block-all-mixed-content; default-src 'none'; base-uri 'none'; form-action
        'none'; frame-ancestors 'none'; img-src 'self'; script-src 'self' 'report-sample';
        style-src 'self'
      Idempotency-Key:
      - 9006174c-2e5e-4658-9b04-1f5b6a7c228a
      Original-Request:
      - req_WpBP4ohh6SesLg
      Request-Id:
      - req_WpBP4ohh6SesLg
      Stripe-Account:
      - acct_1O70aMS3H2Br06NP
      Stripe-Should-Retry:
      - 'false'
      Stripe-Version:
      - '2023-10-16'
      Vary:
      - Origin
      X-Stripe-Routing-Context-Priority-Tier:
      - api-testmode
      Strict-Transport-Security:
      - max-age=63072000; includeSubDomains; preload
    body:
      encoding: UTF-8
      string: |-
        {
          "id": "person_1O70aMS3H2Br06NPejESZuE4",
          "object": "person",
          "account": "acct_1O70aMS3H2Br06NP",
          "additional_tos_acceptances": {
            "account": {
              "date": null,
              "ip": null,
              "user_agent": null
            }
          },
          "address": {
            "city": "San Francisco",
            "country": "SG",
            "line1": "address_full_match",
            "line2": null,
            "postal_code": "546080",
            "state": "California"
          },
          "created": 1698691995,
          "dob": {
            "day": 1,
            "month": 1,
            "year": 1901
          },
          "email": "edgarf86009a5_1151@gumroad.com",
          "first_name": "Chuck",
          "full_name_aliases": [],
          "future_requirements": {
            "alternatives": [],
            "currently_due": [],
            "errors": [],
            "eventually_due": [],
            "past_due": [],
            "pending_verification": []
          },
          "id_number_provided": true,
          "last_name": "Bartowski",
          "metadata": {},
          "nationality": "SG",
          "phone": "+10000000000",
          "relationship": {
            "director": false,
            "executive": false,
            "legal_guardian": false,
            "owner": false,
            "percent_ownership": null,
            "representative": true,
            "title": null
          },
          "requirements": {
            "alternatives": [],
            "currently_due": [
              "verification.proof_of_liveness"
            ],
            "errors": [],
            "eventually_due": [
              "verification.proof_of_liveness"
            ],
            "past_due": [
              "verification.proof_of_liveness"
            ],
            "pending_verification": [
              "verification.document"
            ]
          },
          "ssn_last_4_provided": true,
          "verification": {
            "additional_document": {
              "back": null,
              "details": null,
              "details_code": null,
              "front": null
            },
            "details": null,
            "details_code": null,
            "document": {
              "back": null,
              "details": null,
              "details_code": null,
              "front": null
            },
            "status": "pending"
          }
        }
  recorded_at: Mon, 30 Oct 2023 18:53:22 GMT
- request:
    method: post
    uri: https://api.stripe.com/v1/transfers
    body:
      encoding: UTF-8
      string: destination=acct_1O70aMS3H2Br06NP&currency=usd&description=Funds+held+by+Gumroad+for+Payment+g5DHT2_oiaPWh2KaLHKi7A%3D%3D.&amount=200&metadata[payment]=g5DHT2_oiaPWh2KaLHKi7A%3D%3D&metadata[balances%7B0%7D]=wG_Nz3XqOV3xbUI0HTSj3Q%3D%3D%2CVQgKRnMfWBLIlfbqTxS_CA%3D%3D&expand[0]=balance_transaction
    headers:
      User-Agent:
      - Stripe/v1 RubyBindings/10.0.0
      Authorization:
      - Bearer <STRIPE_API_KEY>
      Content-Type:
      - application/x-www-form-urlencoded
      X-Stripe-Client-Telemetry:
      - '{"last_request_metrics":{"request_id":"req_WpBP4ohh6SesLg","request_duration_ms":5077}}'
      Idempotency-Key:
      - ded3e133-bc65-4be1-8c70-870b583374e7
      Stripe-Version:
      - '2023-10-16'
      X-Stripe-Client-User-Agent:
      - '{"bindings_version":"10.0.0","lang":"ruby","lang_version":"3.2.2 p53 (2023-03-30)","platform":"arm64-darwin20","engine":"ruby","publisher":"stripe","uname":"Darwin
        Harbakshs-MacBook-Air.local 20.5.0 Darwin Kernel Version 20.5.0: Sat May  8
        05:10:31 PDT 2021; root:xnu-7195.121.3~9/RELEASE_ARM64_T8101 arm64","hostname":"Harbakshs-MacBook-Air.local"}'
      Accept-Encoding:
      - gzip;q=1.0,deflate;q=0.6,identity;q=0.3
      Accept:
      - "*/*"
  response:
    status:
      code: 200
      message: OK
    headers:
      Server:
      - nginx
      Date:
      - Mon, 30 Oct 2023 18:53:24 GMT
      Content-Type:
      - application/json
      Content-Length:
      - '1267'
      Connection:
      - keep-alive
      Access-Control-Allow-Credentials:
      - 'true'
      Access-Control-Allow-Methods:
      - GET,HEAD,PUT,PATCH,POST,DELETE
      Access-Control-Allow-Origin:
      - "*"
      Access-Control-Expose-Headers:
      - Request-Id, Stripe-Manage-Version, Stripe-Should-Retry, X-Stripe-External-Auth-Required,
        X-Stripe-Privileged-Session-Required
      Access-Control-Max-Age:
      - '300'
      Cache-Control:
      - no-cache, no-store
      Content-Security-Policy-Report-Only:
      - report-uri https://q.stripe.com/csp-report?p=v1%2Ftransfers; block-all-mixed-content;
        default-src 'none'; base-uri 'none'; form-action 'none'; frame-ancestors 'none';
        img-src 'self'; script-src 'self' 'report-sample'; style-src 'self'
      Idempotency-Key:
      - ded3e133-bc65-4be1-8c70-870b583374e7
      Original-Request:
      - req_mpLPmrTPdkzjsd
      Request-Id:
      - req_mpLPmrTPdkzjsd
      Stripe-Should-Retry:
      - 'false'
      Stripe-Version:
      - '2023-10-16'
      Vary:
      - Origin
      X-Stripe-Routing-Context-Priority-Tier:
      - api-testmode
      Strict-Transport-Security:
      - max-age=63072000; includeSubDomains; preload
    body:
      encoding: UTF-8
      string: |-
        {
          "id": "tr_0O70aV9e1RjUNIyYECbExYbP",
          "object": "transfer",
          "amount": 200,
          "amount_reversed": 0,
          "balance_transaction": {
            "id": "txn_0O70aV9e1RjUNIyY9PcgZGHs",
            "object": "balance_transaction",
            "amount": -200,
            "available_on": 1698692003,
            "created": 1698692003,
            "currency": "usd",
            "description": "Funds held by Gumroad for Payment g5DHT2_oiaPWh2KaLHKi7A==.",
            "exchange_rate": null,
            "fee": 0,
            "fee_details": [],
            "net": -200,
            "reporting_category": "transfer",
            "source": "tr_0O70aV9e1RjUNIyYECbExYbP",
            "status": "available",
            "type": "transfer"
          },
          "created": 1698692003,
          "currency": "usd",
          "description": "Funds held by Gumroad for Payment g5DHT2_oiaPWh2KaLHKi7A==.",
          "destination": "acct_1O70aMS3H2Br06NP",
          "destination_payment": "py_1O70aVS3H2Br06NPAGezwI25",
          "livemode": false,
          "metadata": {
            "balances{0}": "wG_Nz3XqOV3xbUI0HTSj3Q==,VQgKRnMfWBLIlfbqTxS_CA==",
            "payment": "g5DHT2_oiaPWh2KaLHKi7A=="
          },
          "reversals": {
            "object": "list",
            "data": [],
            "has_more": false,
            "total_count": 0,
            "url": "/v1/transfers/tr_0O70aV9e1RjUNIyYECbExYbP/reversals"
          },
          "reversed": false,
          "source_transaction": null,
          "source_type": "card",
          "transfer_group": null
        }
  recorded_at: Mon, 30 Oct 2023 18:53:24 GMT
recorded_with: VCR 6.2.0
